Archive member included to satisfy reference by file (symbol)

E:/stIDE/STM32CubeIDE_1.13.2/STM32CubeIDE/plugins/com.st.stm32cube.ide.mcu.externaltools.gnu-tools-for-stm32.11.3.rel1.win32_1.1.1.202309131626/tools/bin/../lib/gcc/arm-none-eabi/11.3.1/../../../../arm-none-eabi/lib/thumb/v7e-m+fp/hard\libc_nano.a(libc_a-exit.o)
                              E:/stIDE/STM32CubeIDE_1.13.2/STM32CubeIDE/plugins/com.st.stm32cube.ide.mcu.externaltools.gnu-tools-for-stm32.11.3.rel1.win32_1.1.1.202309131626/tools/bin/../lib/gcc/arm-none-eabi/11.3.1/../../../../arm-none-eabi/lib/thumb/v7e-m+fp/hard/crt0.o (exit)
E:/stIDE/STM32CubeIDE_1.13.2/STM32CubeIDE/plugins/com.st.stm32cube.ide.mcu.externaltools.gnu-tools-for-stm32.11.3.rel1.win32_1.1.1.202309131626/tools/bin/../lib/gcc/arm-none-eabi/11.3.1/../../../../arm-none-eabi/lib/thumb/v7e-m+fp/hard\libc_nano.a(libc_a-findfp.o)
                              E:/stIDE/STM32CubeIDE_1.13.2/STM32CubeIDE/plugins/com.st.stm32cube.ide.mcu.externaltools.gnu-tools-for-stm32.11.3.rel1.win32_1.1.1.202309131626/tools/bin/../lib/gcc/arm-none-eabi/11.3.1/../../../../arm-none-eabi/lib/thumb/v7e-m+fp/hard\libc_nano.a(libc_a-exit.o) (__stdio_exit_handler)
E:/stIDE/STM32CubeIDE_1.13.2/STM32CubeIDE/plugins/com.st.stm32cube.ide.mcu.externaltools.gnu-tools-for-stm32.11.3.rel1.win32_1.1.1.202309131626/tools/bin/../lib/gcc/arm-none-eabi/11.3.1/../../../../arm-none-eabi/lib/thumb/v7e-m+fp/hard\libc_nano.a(libc_a-fwalk.o)
                              E:/stIDE/STM32CubeIDE_1.13.2/STM32CubeIDE/plugins/com.st.stm32cube.ide.mcu.externaltools.gnu-tools-for-stm32.11.3.rel1.win32_1.1.1.202309131626/tools/bin/../lib/gcc/arm-none-eabi/11.3.1/../../../../arm-none-eabi/lib/thumb/v7e-m+fp/hard\libc_nano.a(libc_a-findfp.o) (_fwalk_sglue)
E:/stIDE/STM32CubeIDE_1.13.2/STM32CubeIDE/plugins/com.st.stm32cube.ide.mcu.externaltools.gnu-tools-for-stm32.11.3.rel1.win32_1.1.1.202309131626/tools/bin/../lib/gcc/arm-none-eabi/11.3.1/../../../../arm-none-eabi/lib/thumb/v7e-m+fp/hard\libc_nano.a(libc_a-stdio.o)
                              E:/stIDE/STM32CubeIDE_1.13.2/STM32CubeIDE/plugins/com.st.stm32cube.ide.mcu.externaltools.gnu-tools-for-stm32.11.3.rel1.win32_1.1.1.202309131626/tools/bin/../lib/gcc/arm-none-eabi/11.3.1/../../../../arm-none-eabi/lib/thumb/v7e-m+fp/hard\libc_nano.a(libc_a-findfp.o) (__sread)
E:/stIDE/STM32CubeIDE_1.13.2/STM32CubeIDE/plugins/com.st.stm32cube.ide.mcu.externaltools.gnu-tools-for-stm32.11.3.rel1.win32_1.1.1.202309131626/tools/bin/../lib/gcc/arm-none-eabi/11.3.1/../../../../arm-none-eabi/lib/thumb/v7e-m+fp/hard\libc_nano.a(libc_a-memset.o)
                              E:/stIDE/STM32CubeIDE_1.13.2/STM32CubeIDE/plugins/com.st.stm32cube.ide.mcu.externaltools.gnu-tools-for-stm32.11.3.rel1.win32_1.1.1.202309131626/tools/bin/../lib/gcc/arm-none-eabi/11.3.1/../../../../arm-none-eabi/lib/thumb/v7e-m+fp/hard/crt0.o (memset)
E:/stIDE/STM32CubeIDE_1.13.2/STM32CubeIDE/plugins/com.st.stm32cube.ide.mcu.externaltools.gnu-tools-for-stm32.11.3.rel1.win32_1.1.1.202309131626/tools/bin/../lib/gcc/arm-none-eabi/11.3.1/../../../../arm-none-eabi/lib/thumb/v7e-m+fp/hard\libc_nano.a(libc_a-closer.o)
                              E:/stIDE/STM32CubeIDE_1.13.2/STM32CubeIDE/plugins/com.st.stm32cube.ide.mcu.externaltools.gnu-tools-for-stm32.11.3.rel1.win32_1.1.1.202309131626/tools/bin/../lib/gcc/arm-none-eabi/11.3.1/../../../../arm-none-eabi/lib/thumb/v7e-m+fp/hard\libc_nano.a(libc_a-stdio.o) (_close_r)
E:/stIDE/STM32CubeIDE_1.13.2/STM32CubeIDE/plugins/com.st.stm32cube.ide.mcu.externaltools.gnu-tools-for-stm32.11.3.rel1.win32_1.1.1.202309131626/tools/bin/../lib/gcc/arm-none-eabi/11.3.1/../../../../arm-none-eabi/lib/thumb/v7e-m+fp/hard\libc_nano.a(libc_a-reent.o)
                              E:/stIDE/STM32CubeIDE_1.13.2/STM32CubeIDE/plugins/com.st.stm32cube.ide.mcu.externaltools.gnu-tools-for-stm32.11.3.rel1.win32_1.1.1.202309131626/tools/bin/../lib/gcc/arm-none-eabi/11.3.1/../../../../arm-none-eabi/lib/thumb/v7e-m+fp/hard\libc_nano.a(libc_a-closer.o) (errno)
E:/stIDE/STM32CubeIDE_1.13.2/STM32CubeIDE/plugins/com.st.stm32cube.ide.mcu.externaltools.gnu-tools-for-stm32.11.3.rel1.win32_1.1.1.202309131626/tools/bin/../lib/gcc/arm-none-eabi/11.3.1/../../../../arm-none-eabi/lib/thumb/v7e-m+fp/hard\libc_nano.a(libc_a-impure.o)
                              E:/stIDE/STM32CubeIDE_1.13.2/STM32CubeIDE/plugins/com.st.stm32cube.ide.mcu.externaltools.gnu-tools-for-stm32.11.3.rel1.win32_1.1.1.202309131626/tools/bin/../lib/gcc/arm-none-eabi/11.3.1/../../../../arm-none-eabi/lib/thumb/v7e-m+fp/hard\libc_nano.a(libc_a-reent.o) (_impure_ptr)
E:/stIDE/STM32CubeIDE_1.13.2/STM32CubeIDE/plugins/com.st.stm32cube.ide.mcu.externaltools.gnu-tools-for-stm32.11.3.rel1.win32_1.1.1.202309131626/tools/bin/../lib/gcc/arm-none-eabi/11.3.1/../../../../arm-none-eabi/lib/thumb/v7e-m+fp/hard\libc_nano.a(libc_a-lseekr.o)
[...]
Memory Configuration

Name             Origin             Length             Attributes
CCMRAM           0x0000000010000000 0x0000000000004000 xrw
RAM              0x0000000020000000 0x0000000000010000 xrw
FLASH            0x0000000008000000 0x0000000000080000 xr
*default*        0x0000000000000000 0xffffffffffffffff

Linker script and memory map

LOAD E:/stIDE/STM32CubeIDE_1.13.2/STM32CubeIDE/plugins/com.st.stm32cube.ide.mcu.externaltools.gnu-tools-for-stm32.11.3.rel1.win32_1.1.1.202309131626/tools/bin/../lib/gcc/arm-none-eabi/11.3.1/thumb/v7e-m+fp/hard/crti.o
LOAD E:/stIDE/STM32CubeIDE_1.13.2/STM32CubeIDE/plugins/com.st.stm32cube.ide.mcu.externaltools.gnu-tools-for-stm32.11.3.rel1.win32_1.1.1.202309131626/tools/bin/../lib/gcc/arm-none-eabi/11.3.1/thumb/v7e-m+fp/hard/crtbegin.o
LOAD E:/stIDE/STM32CubeIDE_1.13.2/STM32CubeIDE/plugins/com.st.stm32cube.ide.mcu.externaltools.gnu-tools-for-stm32.11.3.rel1.win32_1.1.1.202309131626/tools/bin/../lib/gcc/arm-none-eabi/11.3.1/../../../../arm-none-eabi/lib/thumb/v7e-m+fp/hard/crt0.o
LOAD ./Core/Src/fonts.o
LOAD ./Core/Src/gpio.o
LOAD ./Core/Src/main.o
LOAD ./Core/Src/stm32f3xx_hal_msp.o
LOAD ./Core/Src/stm32f3xx_it.o
LOAD ./Core/Src/syscalls.o
LOAD ./Core/Src/sysmem.o
LOAD ./Core/Src/system_stm32f3xx.o
LOAD ./Core/Src/tft.o
LOAD ./Core/Src/tim.o
LOAD ./Core/Src/usart.o
LOAD ./Core/Startup/startup_stm32f303retx.o
LOAD ./Drivers/STM32F3xx_HAL_Driver/Src/stm32f3xx_hal.o
LOAD ./Drivers/STM32F3xx_HAL_Driver/Src/stm32f3xx_hal_cortex.o
LOAD ./Drivers/STM32F3xx_HAL_Driver/Src/stm32f3xx_hal_dma.o
LOAD ./Drivers/STM32F3xx_HAL_Driver/Src/stm32f3xx_hal_exti.o
LOAD ./Drivers/STM32F3xx_HAL_Driver/Src/stm32f3xx_hal_flash.o
LOAD ./Drivers/STM32F3xx_HAL_Driver/Src/stm32f3xx_hal_flash_ex.o
LOAD ./Drivers/STM32F3xx_HAL_Driver/Src/stm32f3xx_hal_gpio.o
LOAD ./Drivers/STM32F3xx_HAL_Driver/Src/stm32f3xx_hal_i2c.o
LOAD ./Drivers/STM32F3xx_HAL_Driver/Src/stm32f3xx_hal_i2c_ex.o
LOAD ./Drivers/STM32F3xx_HAL_Driver/Src/stm32f3xx_hal_pwr.o
LOAD ./Drivers/STM32F3xx_HAL_Driver/Src/stm32f3xx_hal_pwr_ex.o
LOAD ./Drivers/STM32F3xx_HAL_Driver/Src/stm32f3xx_hal_rcc.o
LOAD ./Drivers/STM32F3xx_HAL_Driver/Src/stm32f3xx_hal_rcc_ex.o
LOAD ./Drivers/STM32F3xx_HAL_Driver/Src/stm32f3xx_hal_tim.o
LOAD ./Drivers/STM32F3xx_HAL_Driver/Src/stm32f3xx_hal_tim_ex.o
LOAD ./Drivers/STM32F3xx_HAL_Driver/Src/stm32f3xx_hal_uart.o
LOAD ./Drivers/STM32F3xx_HAL_Driver/Src/stm32f3xx_hal_uart_ex.o
START GROUP
LOAD E:/stIDE/STM32CubeIDE_1.13.2/STM32CubeIDE/plugins/com.st.stm32cube.ide.mcu.externaltools.gnu-tools-for-stm32.11.3.rel1.win32_1.1.1.202309131626/tools/bin/../lib/gcc/arm-none-eabi/11.3.1/../../../../arm-none-eabi/lib/thumb/v7e-m+fp/hard\libstdc++_nano.a
LOAD E:/stIDE/STM32CubeIDE_1.13.2/STM32CubeIDE/plugins/com.st.stm32cube.ide.mcu.externaltools.gnu-tools-for-stm32.11.3.rel1.win32_1.1.1.202309131626/tools/bin/../lib/gcc/arm-none-eabi/11.3.1/../../../../arm-none-eabi/lib/thumb/v7e-m+fp/hard\libsupc++_nano.a
END GROUP
LOAD E:/stIDE/STM32CubeIDE_1.13.2/STM32CubeIDE/plugins/com.st.stm32cube.ide.mcu.externaltools.gnu-tools-for-stm32.11.3.rel1.win32_1.1.1.202309131626/tools/bin/../lib/gcc/arm-none-eabi/11.3.1/../../../../arm-none-eabi/lib/thumb/v7e-m+fp/hard\libstdc++_nano.a
LOAD E:/stIDE/STM32CubeIDE_1.13.2/STM32CubeIDE/plugins/com.st.stm32cube.ide.mcu.externaltools.gnu-tools-for-stm32.11.3.rel1.win32_1.1.1.202309131626/tools/bin/../lib/gcc/arm-none-eabi/11.3.1/../../../../arm-none-eabi/lib/thumb/v7e-m+fp/hard\libm.a
LOAD E:/stIDE/STM32CubeIDE_1.13.2/STM32CubeIDE/plugins/com.st.stm32cube.ide.mcu.externaltools.gnu-tools-for-stm32.11.3.rel1.win32_1.1.1.202309131626/tools/bin/../lib/gcc/arm-none-eabi/11.3.1/../../../../arm-none-eabi/lib/thumb/v7e-m+fp/hard\libc_nano.a
START GROUP
LOAD E:/stIDE/STM32CubeIDE_1.13.2/STM32CubeIDE/plugins/com.st.stm32cube.ide.mcu.externaltools.gnu-tools-for-stm32.11.3.rel1.win32_1.1.1.202309131626/tools/bin/../lib/gcc/arm-none-eabi/11.3.1/thumb/v7e-m+fp/hard\libgcc.a
LOAD E:/stIDE/STM32CubeIDE_1.13.2/STM32CubeIDE/plugins/com.st.stm32cube.ide.mcu.externaltools.gnu-tools-for-stm32.11.3.rel1.win32_1.1.1.202309131626/tools/bin/../lib/gcc/arm-none-eabi/11.3.1/../../../../arm-none-eabi/lib/thumb/v7e-m+fp/hard\libc_nano.a
END GROUP
START GROUP
LOAD E:/stIDE/STM32CubeIDE_1.13.2/STM32CubeIDE/plugins/com.st.stm32cube.ide.mcu.externaltools.gnu-tools-for-stm32.11.3.rel1.win32_1.1.1.202309131626/tools/bin/../lib/gcc/arm-none-eabi/11.3.1/thumb/v7e-m+fp/hard\libgcc.a
LOAD E:/stIDE/STM32CubeIDE_1.13.2/STM32CubeIDE/plugins/com.st.stm32cube.ide.mcu.externaltools.gnu-tools-for-stm32.11.3.rel1.win32_1.1.1.202309131626/tools/bin/../lib/gcc/arm-none-eabi/11.3.1/../../../../arm-none-eabi/lib/thumb/v7e-m+fp/hard\libc_nano.a
LOAD E:/stIDE/STM32CubeIDE_1.13.2/STM32CubeIDE/plugins/com.st.stm32cube.ide.mcu.externaltools.gnu-tools-for-stm32.11.3.rel1.win32_1.1.1.202309131626/tools/bin/../lib/gcc/arm-none-eabi/11.3.1/../../../../arm-none-eabi/lib/thumb/v7e-m+fp/hard\libnosys.a
END GROUP
START GROUP
LOAD E:/stIDE/STM32CubeIDE_1.13.2/STM32CubeIDE/plugins/com.st.stm32cube.ide.mcu.externaltools.gnu-tools-for-stm32.11.3.rel1.win32_1.1.1.202309131626/tools/bin/../lib/gcc/arm-none-eabi/11.3.1/thumb/v7e-m+fp/hard\libgcc.a
LOAD E:/stIDE/STM32CubeIDE_1.13.2/STM32CubeIDE/plugins/com.st.stm32cube.ide.mcu.externaltools.gnu-tools-for-stm32.11.3.rel1.win32_1.1.1.202309131626/tools/bin/../lib/gcc/arm-none-eabi/11.3.1/../../../../arm-none-eabi/lib/thumb/v7e-m+fp/hard\libc_nano.a
LOAD E:/stIDE/STM32CubeIDE_1.13.2/STM32CubeIDE/plugins/com.st.stm32cube.ide.mcu.externaltools.gnu-tools-for-stm32.11.3.rel1.win32_1.1.1.202309131626/tools/bin/../lib/gcc/arm-none-eabi/11.3.1/../../../../arm-none-eabi/lib/thumb/v7e-m+fp/hard\libnosys.a
END GROUP
LOAD E:/stIDE/STM32CubeIDE_1.13.2/STM32CubeIDE/plugins/com.st.stm32cube.ide.mcu.externaltools.gnu-tools-for-stm32.11.3.rel1.win32_1.1.1.202309131626/tools/bin/../lib/gcc/arm-none-eabi/11.3.1/thumb/v7e-m+fp/hard/crtend.o
LOAD E:/stIDE/STM32CubeIDE_1.13.2/STM32CubeIDE/plugins/com.st.stm32cube.ide.mcu.externaltools.gnu-tools-for-stm32.11.3.rel1.win32_1.1.1.202309131626/tools/bin/../lib/gcc/arm-none-eabi/11.3.1/thumb/v7e-m+fp/hard/crtn.o
                0x0000000020010000                _estack = (ORIGIN (RAM) + LENGTH (RAM))
                0x0000000000000200                _Min_Heap_Size = 0x200
                0x0000000000000400                _Min_Stack_Size = 0x400

.isr_vector     0x0000000008000000      0x194
                0x0000000008000000                . = ALIGN (0x4)
 *(.isr_vector)
 .isr_vector    0x0000000008000000      0x194 ./Core/Startup/startup_stm32f303retx.o
                0x0000000008000000                g_pfnVectors
                0x0000000008000194                . = ALIGN (0x4)

.text           0x0000000008000194     0x77c0
                0x0000000008000194                . = ALIGN (0x4)
 *(.text)
 .text          0x0000000008000194       0x40 E:/stIDE/STM32CubeIDE_1.13.2/STM32CubeIDE/plugins/com.st.stm32cube.ide.mcu.externaltools.gnu-tools-for-stm32.11.3.rel1.win32_1.1.1.202309131626/tools/bin/../lib/gcc/arm-none-eabi/11.3.1/thumb/v7e-m+fp/hard/crtbegin.o
 *(.text*)
 .text.MX_GPIO_Init
                0x00000000080001d4      0x140 ./Core/Src/gpio.o
                0x00000000080001d4                MX_GPIO_Init
 .text.main     0x0000000008000314       0xa4 ./Core/Src/main.o
                0x0000000008000314                main
 .text.SystemClock_Config
                0x00000000080003b8       0xc4 ./Core/Src/main.o
                0x00000000080003b8                SystemClock_Config
 .text.Error_Handler
                0x000000000800047c        0xa ./Core/Src/main.o
                0x000000000800047c                Error_Handler
 *fill*         0x0000000008000486        0x2 
 .text.HAL_MspInit
                0x0000000008000488       0x48 ./Core/Src/stm32f3xx_hal_msp.o
                0x0000000008000488                HAL_MspInit
 .text.NMI_Handler
                0x00000000080004d0        0x6 ./Core/Src/stm32f3xx_it.o
                0x00000000080004d0                NMI_Handler
 .text.HardFault_Handler
                0x00000000080004d6        0x6 ./Core/Src/stm32f3xx_it.o
                0x00000000080004d6                HardFault_Handler
 .text.MemManage_Handler
                0x00000000080004dc        0x6 ./Core/Src/stm32f3xx_it.o
                0x00000000080004dc                MemManage_Handler
 .text.BusFault_Handler
                0x00000000080004e2        0x6 ./Core/Src/stm32f3xx_it.o
                0x00000000080004e2                BusFault_Handler
 .text.UsageFault_Handler
                0x00000000080004e8        0x6 ./Core/Src/stm32f3xx_it.o
                0x00000000080004e8                UsageFault_Handler
 .text.SVC_Handler
                0x00000000080004ee        0xe ./Core/Src/stm32f3xx_it.o
                0x00000000080004ee                SVC_Handler
 .text.DebugMon_Handler
                0x00000000080004fc        0xe ./Core/Src/stm32f3xx_it.o
                0x00000000080004fc                DebugMon_Handler
 .text.PendSV_Handler
                0x000000000800050a        0xe ./Core/Src/stm32f3xx_it.o
                0x000000000800050a                PendSV_Handler
 .text.SysTick_Handler
                0x0000000008000518        0xc ./Core/Src/stm32f3xx_it.o
                0x0000000008000518                SysTick_Handler
 .text.SystemInit
                0x0000000008000524       0x24 ./Core/Src/system_stm32f3xx.o
                0x0000000008000524                SystemInit
 .text.PIN_LOW  0x0000000008000548       0x20 ./Core/Src/tft.o
                0x0000000008000548                PIN_LOW
 .text.PIN_HIGH
                0x0000000008000568       0x20 ./Core/Src/tft.o
                0x0000000008000568                PIN_HIGH
 .text.PIN_INPUT
                0x0000000008000588       0x2c ./Core/Src/tft.o
                0x0000000008000588                PIN_INPUT
 .text.PIN_OUTPUT
                0x00000000080005b4       0x30 ./Core/Src/tft.o
                0x00000000080005b4                PIN_OUTPUT
 .text.width    0x00000000080005e4       0x18 ./Core/Src/tft.o
                0x00000000080005e4                width
 .text.height   0x00000000080005fc       0x18 ./Core/Src/tft.o
                0x00000000080005fc                height
 .text.color565_to_555
                0x0000000008000614       0x40 ./Core/Src/tft.o
 .text.color555_to_565
                0x0000000008000654       0x42 ./Core/Src/tft.o
 .text.color565_to_r
                0x0000000008000696       0x22 ./Core/Src/tft.o
 .text.color565_to_g
                0x00000000080006b8       0x22 ./Core/Src/tft.o
 .text.color565_to_b
                0x00000000080006da       0x1c ./Core/Src/tft.o
 .text.color565
                0x00000000080006f6       0x4c ./Core/Src/tft.o
                0x00000000080006f6                color565
 .text.readPixel
                0x0000000008000742       0x30 ./Core/Src/tft.o
                0x0000000008000742                readPixel
 .text.WriteCmdData
                0x0000000008000772       0x24 ./Core/Src/tft.o
                0x0000000008000772                WriteCmdData
 .text.pushCommand
                0x0000000008000796       0x26 ./Core/Src/tft.o
                0x0000000008000796                pushCommand
 .text.setReadDir
                0x00000000080007bc       0x60 ./Core/Src/tft.o
                0x00000000080007bc                setReadDir
 .text.setWriteDir
                0x000000000800081c       0x60 ./Core/Src/tft.o
                0x000000000800081c                setWriteDir
 .text.write24  0x000000000800087c      0x190 ./Core/Src/tft.o
 .text.writecmddata
                0x0000000008000a0c      0x21c ./Core/Src/tft.o
 .text.WriteCmdParamN
                0x0000000008000c28      0x2dc ./Core/Src/tft.o
 .text.WriteCmdParam4
                0x0000000008000f04       0x48 ./Core/Src/tft.o
 .text.init_table
                0x0000000008000f4c       0xb2 ./Core/Src/tft.o
 .text.init_table16
                0x0000000008000ffe       0x60 ./Core/Src/tft.o
 *fill*         0x000000000800105e        0x2 
 .text.reset    0x0000000008001060       0x9c ./Core/Src/tft.o
                0x0000000008001060                reset
 .text.read16bits
                0x00000000080010fc      0x1d8 ./Core/Src/tft.o
 .text.readReg  0x00000000080012d4      0x174 ./Core/Src/tft.o
                0x00000000080012d4                readReg
 .text.readReg32
                0x0000000008001448       0x36 ./Core/Src/tft.o
                0x0000000008001448                readReg32
 .text.readReg40
                0x000000000800147e       0x4e ./Core/Src/tft.o
                0x000000000800147e                readReg40
 .text.tft_init
                0x00000000080014cc      0x74c ./Core/Src/tft.o
                0x00000000080014cc                tft_init
 .text.readID   0x0000000008001c18      0x280 ./Core/Src/tft.o
                0x0000000008001c18                readID
 .text.readGRAM
                0x0000000008001e98      0xb58 ./Core/Src/tft.o
                0x0000000008001e98                readGRAM
 .text.setRotation
                0x00000000080029f0      0x510 ./Core/Src/tft.o
                0x00000000080029f0                setRotation
 .text.drawPixel
                0x0000000008002f00      0x1c4 ./Core/Src/tft.o
                0x0000000008002f00                drawPixel
 .text.setAddrWindow
                0x00000000080030c4      0x248 ./Core/Src/tft.o
                0x00000000080030c4                setAddrWindow
 .text.vertScroll
                0x000000000800330c      0x24c ./Core/Src/tft.o
                0x000000000800330c                vertScroll
 .text.fillScreen
                0x0000000008003558       0x34 ./Core/Src/tft.o
                0x0000000008003558                fillScreen
 .text.invertDisplay
                0x000000000800358c      0x14c ./Core/Src/tft.o
                0x000000000800358c                invertDisplay
 .text.drawFastVLine
                0x00000000080036d8       0x3e ./Core/Src/tft.o
                0x00000000080036d8                drawFastVLine
 .text.drawFastHLine
                0x0000000008003716       0x3c ./Core/Src/tft.o
                0x0000000008003716                drawFastHLine
 .text.writePixel
                0x0000000008003752       0x2a ./Core/Src/tft.o
                0x0000000008003752                writePixel
 .text.writeLine
                0x000000000800377c      0x144 ./Core/Src/tft.o
                0x000000000800377c                writeLine
 .text.drawLine
                0x00000000080038c0       0xc4 ./Core/Src/tft.o
                0x00000000080038c0                drawLine
 .text.drawCircle
                0x0000000008003984      0x1d8 ./Core/Src/tft.o
                0x0000000008003984                drawCircle
 .text.fillCircle
                0x0000000008003b5c       0x60 ./Core/Src/tft.o
                0x0000000008003b5c                fillCircle
 .text.fillCircleHelper
                0x0000000008003bbc      0x19c ./Core/Src/tft.o
                0x0000000008003bbc                fillCircleHelper
 .text.fillRect
                0x0000000008003d58      0x3b0 ./Core/Src/tft.o
                0x0000000008003d58                fillRect
 .text.testFillScreen
                0x0000000008004108       0x2a ./Core/Src/tft.o
                0x0000000008004108                testFillScreen
 .text.testLines
                0x0000000008004132      0x1fc ./Core/Src/tft.o
                0x0000000008004132                testLines
 .text.testFastLines
                0x000000000800432e       0x78 ./Core/Src/tft.o
                0x000000000800432e                testFastLines
 .text.testFilledCircles
                0x00000000080043a6       0x74 ./Core/Src/tft.o
                0x00000000080043a6                testFilledCircles
 .text.testCircles
                0x000000000800441a       0x7a ./Core/Src/tft.o
                0x000000000800441a                testCircles
 .text.drawChar
                0x0000000008004494      0x180 ./Core/Src/tft.o
                0x0000000008004494                drawChar
 .text.write    0x0000000008004614      0x150 ./Core/Src/tft.o
                0x0000000008004614                write
 .text.setFont  0x0000000008004764       0x54 ./Core/Src/tft.o
                0x0000000008004764                setFont
 .text.printnewtstr
                0x00000000080047b8       0x68 ./Core/Src/tft.o
                0x00000000080047b8                printnewtstr
 .text.setCursor
                0x0000000008004820       0x34 ./Core/Src/tft.o
                0x0000000008004820                setCursor
 .text.MX_TIM2_Init
                0x0000000008004854       0x9c ./Core/Src/tim.o
                0x0000000008004854                MX_TIM2_Init
 .text.HAL_TIM_Base_MspInit
                0x00000000080048f0       0x3c ./Core/Src/tim.o
                0x00000000080048f0                HAL_TIM_Base_MspInit
 .text.MX_USART2_UART_Init
                0x000000000800492c       0x60 ./Core/Src/usart.o
                0x000000000800492c                MX_USART2_UART_Init
 .text.HAL_UART_MspInit
                0x000000000800498c       0x84 ./Core/Src/usart.o
                0x000000000800498c                HAL_UART_MspInit
 .text.Reset_Handler
                0x0000000008004a10       0x50 ./Core/Startup/startup_stm32f303retx.o
                0x0000000008004a10                Reset_Handler
 .text.Default_Handler
                0x0000000008004a60        0x2 ./Core/Startup/startup_stm32f303retx.o
                0x0000000008004a60                RTC_Alarm_IRQHandler
                0x0000000008004a60                TIM8_TRG_COM_IRQHandler
                0x0000000008004a60                TIM8_CC_IRQHandler
                0x0000000008004a60                SPI4_IRQHandler
                0x0000000008004a60                TIM1_CC_IRQHandler
                0x0000000008004a60                USB_HP_IRQHandler
                0x0000000008004a60                PVD_IRQHandler
                0x0000000008004a60                TAMP_STAMP_IRQHandler
                0x0000000008004a60                EXTI3_IRQHandler
                0x0000000008004a60                I2C3_ER_IRQHandler
                0x0000000008004a60                USB_HP_CAN_TX_IRQHandler
                0x0000000008004a60                EXTI0_IRQHandler
                0x0000000008004a60                I2C2_EV_IRQHandler
                0x0000000008004a60                FPU_IRQHandler
                0x0000000008004a60                TIM1_UP_TIM16_IRQHandler
                0x0000000008004a60                ADC1_2_IRQHandler
                0x0000000008004a60                SPI1_IRQHandler
                0x0000000008004a60                CAN_SCE_IRQHandler
                0x0000000008004a60                TIM6_DAC_IRQHandler
                0x0000000008004a60                TIM8_UP_IRQHandler
                0x0000000008004a60                DMA2_Channel2_IRQHandler
                0x0000000008004a60                DMA1_Channel4_IRQHandler
                0x0000000008004a60                TIM20_TRG_COM_IRQHandler
                0x0000000008004a60                USART3_IRQHandler
                0x0000000008004a60                DMA1_Channel7_IRQHandler
                0x0000000008004a60                UART5_IRQHandler
                0x0000000008004a60                ADC3_IRQHandler
                0x0000000008004a60                TIM4_IRQHandler
                0x0000000008004a60                CAN_RX1_IRQHandler
                0x0000000008004a60                DMA2_Channel1_IRQHandler
                0x0000000008004a60                I2C1_EV_IRQHandler
                0x0000000008004a60                DMA1_Channel6_IRQHandler
                0x0000000008004a60                UART4_IRQHandler
                0x0000000008004a60                DMA2_Channel4_IRQHandler
                0x0000000008004a60                TIM3_IRQHandler
                0x0000000008004a60                RCC_IRQHandler
                0x0000000008004a60                TIM20_UP_IRQHandler
                0x0000000008004a60                DMA1_Channel1_IRQHandler
                0x0000000008004a60                Default_Handler
                0x0000000008004a60                USBWakeUp_RMP_IRQHandler
                0x0000000008004a60                EXTI15_10_IRQHandler
                0x0000000008004a60                TIM7_IRQHandler
                0x0000000008004a60                I2C3_EV_IRQHandler
                0x0000000008004a60                EXTI9_5_IRQHandler
                0x0000000008004a60                RTC_WKUP_IRQHandler
                0x0000000008004a60                SPI2_IRQHandler
                0x0000000008004a60                USB_LP_CAN_RX0_IRQHandler
                0x0000000008004a60                DMA2_Channel5_IRQHandler
                0x0000000008004a60                DMA1_Channel5_IRQHandler
                0x0000000008004a60                USB_LP_IRQHandler
                0x0000000008004a60                EXTI4_IRQHandler
                0x0000000008004a60                TIM1_TRG_COM_TIM17_IRQHandler
                0x0000000008004a60                DMA1_Channel3_IRQHandler
                0x0000000008004a60                ADC4_IRQHandler
                0x0000000008004a60                WWDG_IRQHandler
                0x0000000008004a60                TIM2_IRQHandler
                0x0000000008004a60                COMP7_IRQHandler
                0x0000000008004a60                COMP1_2_3_IRQHandler
                0x0000000008004a60                EXTI1_IRQHandler
                0x0000000008004a60                USART2_IRQHandler
                0x0000000008004a60                COMP4_5_6_IRQHandler
                0x0000000008004a60                TIM20_BRK_IRQHandler
                0x0000000008004a60                I2C2_ER_IRQHandler
                0x0000000008004a60                DMA1_Channel2_IRQHandler
                0x0000000008004a60                TIM8_BRK_IRQHandler
                0x0000000008004a60                FLASH_IRQHandler
                0x0000000008004a60                TIM20_CC_IRQHandler
                0x0000000008004a60                USART1_IRQHandler
                0x0000000008004a60                SPI3_IRQHandler
                0x0000000008004a60                I2C1_ER_IRQHandler
                0x0000000008004a60                FMC_IRQHandler
                0x0000000008004a60                USBWakeUp_IRQHandler
                0x0000000008004a60                DMA2_Channel3_IRQHandler
                0x0000000008004a60                EXTI2_TSC_IRQHandler
                0x0000000008004a60                TIM1_BRK_TIM15_IRQHandler
 *fill*         0x0000000008004a62        0x2 
 .text.HAL_Init
                0x0000000008004a64       0x2c ./Drivers/STM32F3xx_HAL_Driver/Src/stm32f3xx_hal.o
                0x0000000008004a64                HAL_Init
 .text.HAL_InitTick
                0x0000000008004a90       0x60 ./Drivers/STM32F3xx_HAL_Driver/Src/stm32f3xx_hal.o
                0x0000000008004a90                HAL_InitTick
 .text.HAL_IncTick
                0x0000000008004af0       0x28 ./Drivers/STM32F3xx_HAL_Driver/Src/stm32f3xx_hal.o
                0x0000000008004af0                HAL_IncTick
 .text.HAL_GetTick
                0x0000000008004b18       0x18 ./Drivers/STM32F3xx_HAL_Driver/Src/stm32f3xx_hal.o
                0x0000000008004b18                HAL_GetTick
 .text.HAL_Delay
                0x0000000008004b30       0x48 ./Drivers/STM32F3xx_HAL_Driver/Src/stm32f3xx_hal.o
                0x0000000008004b30                HAL_Delay
 .text.__NVIC_SetPriorityGrouping
                0x0000000008004b78       0x48 ./Drivers/STM32F3xx_HAL_Driver/Src/stm32f3xx_hal_cortex.o
 .text.__NVIC_GetPriorityGrouping
                0x0000000008004bc0       0x1c ./Drivers/STM32F3xx_HAL_Driver/Src/stm32f3xx_hal_cortex.o
 .text.__NVIC_SetPriority
                0x0000000008004bdc       0x54 ./Drivers/STM32F3xx_HAL_Driver/Src/stm32f3xx_hal_cortex.o
 .text.NVIC_EncodePriority
                0x0000000008004c30       0x66 ./Drivers/STM32F3xx_HAL_Driver/Src/stm32f3xx_hal_cortex.o
 *fill*         0x0000000008004c96        0x2 
 .text.SysTick_Config
                0x0000000008004c98       0x44 ./Drivers/STM32F3xx_HAL_Driver/Src/stm32f3xx_hal_cortex.o
 .text.HAL_NVIC_SetPriorityGrouping
                0x0000000008004cdc       0x16 ./Drivers/STM32F3xx_HAL_Driver/Src/stm32f3xx_hal_cortex.o
                0x0000000008004cdc                HAL_NVIC_SetPriorityGrouping
 .text.HAL_NVIC_SetPriority
                0x0000000008004cf2       0x38 ./Drivers/STM32F3xx_HAL_Driver/Src/stm32f3xx_hal_cortex.o
                0x0000000008004cf2                HAL_NVIC_SetPriority
 .text.HAL_SYSTICK_Config
                0x0000000008004d2a       0x18 ./Drivers/STM32F3xx_HAL_Driver/Src/stm32f3xx_hal_cortex.o
                0x0000000008004d2a                HAL_SYSTICK_Config
 *fill*         0x0000000008004d42        0x2 
 .text.HAL_GPIO_Init
                0x0000000008004d44      0x314 ./Drivers/STM32F3xx_HAL_Driver/Src/stm32f3xx_hal_gpio.o
                0x0000000008004d44                HAL_GPIO_Init
 .text.HAL_GPIO_WritePin
                0x0000000008005058       0x30 ./Drivers/STM32F3xx_HAL_Driver/Src/stm32f3xx_hal_gpio.o
                0x0000000008005058                HAL_GPIO_WritePin
 .text.HAL_RCC_OscConfig
                0x0000000008005088     0x10a8 ./Drivers/STM32F3xx_HAL_Driver/Src/stm32f3xx_hal_rcc.o
                0x0000000008005088                HAL_RCC_OscConfig
 .text.HAL_RCC_ClockConfig
                0x0000000008006130      0x2f8 ./Drivers/STM32F3xx_HAL_Driver/Src/stm32f3xx_hal_rcc.o
                0x0000000008006130                HAL_RCC_ClockConfig
 .text.HAL_RCC_GetSysClockFreq
                0x0000000008006428       0xd4 ./Drivers/STM32F3xx_HAL_Driver/Src/stm32f3xx_hal_rcc.o
                0x0000000008006428                HAL_RCC_GetSysClockFreq
 .text.HAL_RCC_GetHCLKFreq
                0x00000000080064fc       0x18 ./Drivers/STM32F3xx_HAL_Driver/Src/stm32f3xx_hal_rcc.o
                0x00000000080064fc                HAL_RCC_GetHCLKFreq
 .text.HAL_RCC_GetPCLK1Freq
                0x0000000008006514       0x44 ./Drivers/STM32F3xx_HAL_Driver/Src/stm32f3xx_hal_rcc.o
                0x0000000008006514                HAL_RCC_GetPCLK1Freq
 .text.HAL_RCC_GetPCLK2Freq
                0x0000000008006558       0x44 ./Drivers/STM32F3xx_HAL_Driver/Src/stm32f3xx_hal_rcc.o
                0x0000000008006558                HAL_RCC_GetPCLK2Freq
 .text.HAL_RCCEx_PeriphCLKConfig
                0x000000000800659c      0x43c ./Drivers/STM32F3xx_HAL_Driver/Src/stm32f3xx_hal_rcc_ex.o
                0x000000000800659c                HAL_RCCEx_PeriphCLKConfig
 .text.HAL_TIM_Base_Init
                0x00000000080069d8       0xae ./Drivers/STM32F3xx_HAL_Driver/Src/stm32f3xx_hal_tim.o
                0x00000000080069d8                HAL_TIM_Base_Init
 *fill*         0x0000000008006a86        0x2 
 .text.HAL_TIM_Base_Start
                0x0000000008006a88       0xd0 ./Drivers/STM32F3xx_HAL_Driver/Src/stm32f3xx_hal_tim.o
                0x0000000008006a88                HAL_TIM_Base_Start
 .text.HAL_TIM_ConfigClockSource
                0x0000000008006b58      0x192 ./Drivers/STM32F3xx_HAL_Driver/Src/stm32f3xx_hal_tim.o
                0x0000000008006b58                HAL_TIM_ConfigClockSource
 *fill*         0x0000000008006cea        0x2 
 .text.TIM_Base_SetConfig
                0x0000000008006cec      0x13c ./Drivers/STM32F3xx_HAL_Driver/Src/stm32f3xx_hal_tim.o
                0x0000000008006cec                TIM_Base_SetConfig
 .text.TIM_TI1_ConfigInputStage
                0x0000000008006e28       0x5e ./Drivers/STM32F3xx_HAL_Driver/Src/stm32f3xx_hal_tim.o
 .text.TIM_TI2_ConfigInputStage
                0x0000000008006e86       0x60 ./Drivers/STM32F3xx_HAL_Driver/Src/stm32f3xx_hal_tim.o
 .text.TIM_ITRx_SetConfig
                0x0000000008006ee6       0x36 ./Drivers/STM32F3xx_HAL_Driver/Src/stm32f3xx_hal_tim.o
 .text.TIM_ETR_SetConfig
                0x0000000008006f1c       0x40 ./Drivers/STM32F3xx_HAL_Driver/Src/stm32f3xx_hal_tim.o
                0x0000000008006f1c                TIM_ETR_SetConfig
 .text.HAL_TIMEx_MasterConfigSynchronization
                0x0000000008006f5c      0x118 ./Drivers/STM32F3xx_HAL_Driver/Src/stm32f3xx_hal_tim_ex.o
                0x0000000008006f5c                HAL_TIMEx_MasterConfigSynchronization
 .text.HAL_UART_Init
                0x0000000008007074       0x9c ./Drivers/STM32F3xx_HAL_Driver/Src/stm32f3xx_hal_uart.o
                0x0000000008007074                HAL_UART_Init
 .text.UART_SetConfig
                0x0000000008007110      0x3a8 ./Drivers/STM32F3xx_HAL_Driver/Src/stm32f3xx_hal_uart.o
                0x0000000008007110                UART_SetConfig
 .text.UART_AdvFeatureConfig
                0x00000000080074b8      0x144 ./Drivers/STM32F3xx_HAL_Driver/Src/stm32f3xx_hal_uart.o
                0x00000000080074b8                UART_AdvFeatureConfig
 .text.UART_CheckIdleState
                0x00000000080075fc      0x150 ./Drivers/STM32F3xx_HAL_Driver/Src/stm32f3xx_hal_uart.o
                0x00000000080075fc                UART_CheckIdleState
 .text.UART_WaitOnFlagUntilTimeout
                0x000000000800774c       0xce ./Drivers/STM32F3xx_HAL_Driver/Src/stm32f3xx_hal_uart.o
                0x000000000800774c                UART_WaitOnFlagUntilTimeout
 .text.UART_EndRxTransfer
                0x000000000800781a       0xc8 ./Drivers/STM32F3xx_HAL_Driver/Src/stm32f3xx_hal_uart.o
 .text.memset   0x00000000080078e2       0x10 E:/stIDE/STM32CubeIDE_1.13.2/STM32CubeIDE/plugins/com.st.stm32cube.ide.mcu.externaltools.gnu-tools-for-stm32.11.3.rel1.win32_1.1.1.202309131626/tools/bin/../lib/gcc/arm-none-eabi/11.3.1/../../../../arm-none-eabi/lib/thumb/v7e-m+fp/hard\libc_nano.a(libc_a-memset.o)
                0x00000000080078e2                memset
 *fill*         0x00000000080078f2        0x2 
 .text.__libc_init_array
                0x00000000080078f4       0x48 E:/stIDE/STM32CubeIDE_1.13.2/STM32CubeIDE/plugins/com.st.stm32cube.ide.mcu.externaltools.gnu-tools-for-stm32.11.3.rel1.win32_1.1.1.202309131626/tools/bin/../lib/gcc/arm-none-eabi/11.3.1/../../../../arm-none-eabi/lib/thumb/v7e-m+fp/hard\libc_nano.a(libc_a-init.o)
                0x00000000080078f4                __libc_init_array
 *(.glue_7)
 .glue_7        0x000000000800793c        0x0 linker stubs
 *(.glue_7t)
 .glue_7t       0x000000000800793c        0x0 linker stubs
 *(.eh_frame)
 .eh_frame      0x000000000800793c        0x0 E:/stIDE/STM32CubeIDE_1.13.2/STM32CubeIDE/plugins/com.st.stm32cube.ide.mcu.externaltools.gnu-tools-for-stm32.11.3.rel1.win32_1.1.1.202309131626/tools/bin/../lib/gcc/arm-none-eabi/11.3.1/thumb/v7e-m+fp/hard/crtbegin.o
 *(.init)
 .init          0x000000000800793c        0x4 E:/stIDE/STM32CubeIDE_1.13.2/STM32CubeIDE/plugins/com.st.stm32cube.ide.mcu.externaltools.gnu-tools-for-stm32.11.3.rel1.win32_1.1.1.202309131626/tools/bin/../lib/gcc/arm-none-eabi/11.3.1/thumb/v7e-m+fp/hard/crti.o
                0x000000000800793c                _init
 .init          0x0000000008007940        0x8 E:/stIDE/STM32CubeIDE_1.13.2/STM32CubeIDE/plugins/com.st.stm32cube.ide.mcu.externaltools.gnu-tools-for-stm32.11.3.rel1.win32_1.1.1.202309131626/tools/bin/../lib/gcc/arm-none-eabi/11.3.1/thumb/v7e-m+fp/hard/crtn.o
 *(.fini)
 .fini          0x0000000008007948        0x4 E:/stIDE/STM32CubeIDE_1.13.2/STM32CubeIDE/plugins/com.st.stm32cube.ide.mcu.externaltools.gnu-tools-for-stm32.11.3.rel1.win32_1.1.1.202309131626/tools/bin/../lib/gcc/arm-none-eabi/11.3.1/thumb/v7e-m+fp/hard/crti.o
                0x0000000008007948                _fini
 .fini          0x000000000800794c        0x8 E:/stIDE/STM32CubeIDE_1.13.2/STM32CubeIDE/plugins/com.st.stm32cube.ide.mcu.externaltools.gnu-tools-for-stm32.11.3.rel1.win32_1.1.1.202309131626/tools/bin/../lib/gcc/arm-none-eabi/11.3.1/thumb/v7e-m+fp/hard/crtn.o
                0x0000000008007954                . = ALIGN (0x4)
                0x0000000008007954                _etext = .

.vfp11_veneer   0x0000000008007954        0x0
 .vfp11_veneer  0x0000000008007954        0x0 linker stubs

.v4_bx          0x0000000008007954        0x0
 .v4_bx         0x0000000008007954        0x0 linker stubs

.iplt           0x0000000008007954        0x0
 .iplt          0x0000000008007954        0x0 E:/stIDE/STM32CubeIDE_1.13.2/STM32CubeIDE/plugins/com.st.stm32cube.ide.mcu.externaltools.gnu-tools-for-stm32.11.3.rel1.win32_1.1.1.202309131626/tools/bin/../lib/gcc/arm-none-eabi/11.3.1/thumb/v7e-m+fp/hard/crtbegin.o

.rodata         0x0000000008007954      0xfcc
                0x0000000008007954                . = ALIGN (0x4)
 *(.rodata)
 .rodata        0x0000000008007954        0x5 ./Core/Src/main.o
 *fill*         0x0000000008007959        0x3 
 .rodata        0x000000000800795c        0x3 ./Core/Src/tft.o
 *(.rodata*)
 *fill*         0x000000000800795f        0x1 
 .rodata.FreeMonoBold12pt7bBitmaps
                0x0000000008007960      0x6c2 ./Core/Src/fonts.o
                0x0000000008007960                FreeMonoBold12pt7bBitmaps
 *fill*         0x0000000008008022        0x2 
 .rodata.FreeMonoBold12pt7bGlyphs
                0x0000000008008024      0x2f8 ./Core/Src/fonts.o
                0x0000000008008024                FreeMonoBold12pt7bGlyphs
 .rodata.mono12x7bold
                0x000000000800831c        0xc ./Core/Src/fonts.o
                0x000000000800831c                mono12x7bold
 .rodata.AHBPrescTable
                0x0000000008008328       0x10 ./Core/Src/system_stm32f3xx.o
                0x0000000008008328                AHBPrescTable
 .rodata.APBPrescTable
                0x0000000008008338        0x8 ./Core/Src/system_stm32f3xx.o
                0x0000000008008338                APBPrescTable
 .rodata.R61511_regValues.28
                0x0000000008008340        0x3 ./Core/Src/tft.o
 *fill*         0x0000000008008343        0x1 
 .rodata.R61520_regValues.27
                0x0000000008008344        0x6 ./Core/Src/tft.o
 *fill*         0x000000000800834a        0x2 
 .rodata.R61526_regValues.26
                0x000000000800834c        0xc ./Core/Src/tft.o
 .rodata.NT35310_regValues.25
                0x0000000008008358        0x2 ./Core/Src/tft.o
 *fill*         0x000000000800835a        0x2 
 .rodata.ST7789_regValues.24
                0x000000000800835c       0x41 ./Core/Src/tft.o
 *fill*         0x000000000800839d        0x3 
 .rodata.FK8031_regValues.23
                0x00000000080083a0       0x12 ./Core/Src/tft.o
 *fill*         0x00000000080083b2        0x2 
 .rodata.HX8357C_regValues.22
                0x00000000080083b4        0x2 ./Core/Src/tft.o
 *fill*         0x00000000080083b6        0x2 
 .rodata.HX8357_99_regValues.21
                0x00000000080083b8       0x1d ./Core/Src/tft.o
 *fill*         0x00000000080083d5        0x3 
 .rodata.ILI9320_regValues.20
                0x00000000080083d8       0xd8 ./Core/Src/tft.o
 .rodata.ILI9325_regValues.19
                0x00000000080084b0       0xcc ./Core/Src/tft.o
 .rodata.ILI9326_CPT28_regValues.18
                0x000000000800857c       0xbc ./Core/Src/tft.o
 .rodata.ILI9327_regValues.17
                0x0000000008008638       0x1e ./Core/Src/tft.o
 *fill*         0x0000000008008656        0x2 
 .rodata.XX1602_regValues.16
                0x0000000008008658        0x6 ./Core/Src/tft.o
 *fill*         0x000000000800865e        0x2 
 .rodata.ILI9329_regValues.15
                0x0000000008008660        0x3 ./Core/Src/tft.o
 *fill*         0x0000000008008663        0x1 
 .rodata.ILI9341_regValues_2_4.14
                0x0000000008008664       0x65 ./Core/Src/tft.o
 *fill*         0x00000000080086c9        0x3 
 .rodata.ILI9481_regValues.13
                0x00000000080086cc       0x45 ./Core/Src/tft.o
 *fill*         0x0000000008008711        0x3 
 .rodata.ILI9486_regValues.12
                0x0000000008008714       0x3b ./Core/Src/tft.o
 *fill*         0x000000000800874f        0x1 
 .rodata.ILI9488_regValues_max.11
                0x0000000008008750       0x2b ./Core/Src/tft.o
 *fill*         0x000000000800877b        0x1 
 .rodata.R61505V_regValues.10
                0x000000000800877c       0xb0 ./Core/Src/tft.o
 .rodata.R61509V_regValues.9
                0x000000000800882c       0xc0 ./Core/Src/tft.o
 .rodata.reset_off.8
                0x00000000080088ec        0x9 ./Core/Src/tft.o
 *fill*         0x00000000080088f5        0x3 
 .rodata.wake_on.7
                0x00000000080088f8        0x6 ./Core/Src/tft.o
 *fill*         0x00000000080088fe        0x2 
 .rodata.aPLLMULFactorTable
                0x0000000008008900       0x10 ./Drivers/STM32F3xx_HAL_Driver/Src/stm32f3xx_hal_rcc.o
 .rodata.aPredivFactorTable
                0x0000000008008910       0x10 ./Drivers/STM32F3xx_HAL_Driver/Src/stm32f3xx_hal_rcc.o
                0x0000000008008920                . = ALIGN (0x4)

.rel.dyn        0x0000000008008920        0x0
 .rel.iplt      0x0000000008008920        0x0 E:/stIDE/STM32CubeIDE_1.13.2/STM32CubeIDE/plugins/com.st.stm32cube.ide.mcu.externaltools.gnu-tools-for-stm32.11.3.rel1.win32_1.1.1.202309131626/tools/bin/../lib/gcc/arm-none-eabi/11.3.1/thumb/v7e-m+fp/hard/crtbegin.o

.ARM.extab      0x0000000008008920        0x0
                0x0000000008008920                . = ALIGN (0x4)
 *(.ARM.extab* .gnu.linkonce.armextab.*)
                0x0000000008008920                . = ALIGN (0x4)

.ARM            0x0000000008008920        0x0
                0x0000000008008920                . = ALIGN (0x4)
                0x0000000008008920                __exidx_start = .
 *(.ARM.exidx*)
                0x0000000008008920                __exidx_end = .
                0x0000000008008920                . = ALIGN (0x4)

.preinit_array  0x0000000008008920        0x0
                0x0000000008008920                . = ALIGN (0x4)
                0x0000000008008920                PROVIDE (__preinit_array_start = .)
 *(.preinit_array*)
                0x0000000008008920                PROVIDE (__preinit_array_end = .)
                0x0000000008008920                . = ALIGN (0x4)

.init_array     0x0000000008008920        0x4
                0x0000000008008920                . = ALIGN (0x4)
                0x0000000008008920                PROVIDE (__init_array_start = .)
 *(SORT_BY_NAME(.init_array.*))
 *(.init_array*)
 .init_array    0x0000000008008920        0x4 E:/stIDE/STM32CubeIDE_1.13.2/STM32CubeIDE/plugins/com.st.stm32cube.ide.mcu.externaltools.gnu-tools-for-stm32.11.3.rel1.win32_1.1.1.202309131626/tools/bin/../lib/gcc/arm-none-eabi/11.3.1/thumb/v7e-m+fp/hard/crtbegin.o
                0x0000000008008924                PROVIDE (__init_array_end = .)
                0x0000000008008924                . = ALIGN (0x4)

.fini_array     0x0000000008008924        0x4
                0x0000000008008924                . = ALIGN (0x4)
                [!provide]                        PROVIDE (__fini_array_start = .)
 *(SORT_BY_NAME(.fini_array.*))
 *(.fini_array*)
 .fini_array    0x0000000008008924        0x4 E:/stIDE/STM32CubeIDE_1.13.2/STM32CubeIDE/plugins/com.st.stm32cube.ide.mcu.externaltools.gnu-tools-for-stm32.11.3.rel1.win32_1.1.1.202309131626/tools/bin/../lib/gcc/arm-none-eabi/11.3.1/thumb/v7e-m+fp/hard/crtbegin.o
                [!provide]                        PROVIDE (__fini_array_end = .)
                0x0000000008008928                . = ALIGN (0x4)
                0x0000000008008928                _sidata = LOADADDR (.data)

.data           0x0000000020000000       0x18 load address 0x0000000008008928
                0x0000000020000000                . = ALIGN (0x4)
                0x0000000020000000                _sdata = .
 *(.data)
 *(.data*)
 .data.SystemCoreClock
                0x0000000020000000        0x4 ./Core/Src/system_stm32f3xx.o
                0x0000000020000000                SystemCoreClock
 .data._width   0x0000000020000004        0x2 ./Core/Src/tft.o
                0x0000000020000004                _width
 .data._height  0x0000000020000006        0x2 ./Core/Src/tft.o
                0x0000000020000006                _height
 .data.textsize
                0x0000000020000008        0x1 ./Core/Src/tft.o
                0x0000000020000008                textsize
 *fill*         0x0000000020000009        0x1 
 .data.textcolor
                0x000000002000000a        0x2 ./Core/Src/tft.o
                0x000000002000000a                textcolor
 .data.textbgcolor
                0x000000002000000c        0x2 ./Core/Src/tft.o
                0x000000002000000c                textbgcolor
 .data.wrap     0x000000002000000e        0x1 ./Core/Src/tft.o
                0x000000002000000e                wrap
 *fill*         0x000000002000000f        0x1 
 .data.uwTickPrio
                0x0000000020000010        0x4 ./Drivers/STM32F3xx_HAL_Driver/Src/stm32f3xx_hal.o
                0x0000000020000010                uwTickPrio
 .data.uwTickFreq
                0x0000000020000014        0x1 ./Drivers/STM32F3xx_HAL_Driver/Src/stm32f3xx_hal.o
                0x0000000020000014                uwTickFreq
 *(.RamFunc)
 *(.RamFunc*)
                0x0000000020000018                . = ALIGN (0x4)
 *fill*         0x0000000020000015        0x3 
                0x0000000020000018                _edata = .
                0x0000000008008940                _siccmram = LOADADDR (.ccmram)

.igot.plt       0x0000000020000018        0x0 load address 0x0000000008008940
 .igot.plt      0x0000000020000018        0x0 E:/stIDE/STM32CubeIDE_1.13.2/STM32CubeIDE/plugins/com.st.stm32cube.ide.mcu.externaltools.gnu-tools-for-stm32.11.3.rel1.win32_1.1.1.202309131626/tools/bin/../lib/gcc/arm-none-eabi/11.3.1/thumb/v7e-m+fp/hard/crtbegin.o

.ccmram         0x0000000010000000        0x0 load address 0x0000000008008940
                0x0000000010000000                . = ALIGN (0x4)
                0x0000000010000000                _sccmram = .
 *(.ccmram)
 *(.ccmram*)
                0x0000000010000000                . = ALIGN (0x4)
                0x0000000010000000                _eccmram = .
                0x0000000010000000                . = ALIGN (0x4)

.bss            0x0000000020000018      0x11c
                0x0000000020000018                _sbss = .
                0x0000000020000018                __bss_start__ = _sbss
 *(.bss)
 .bss           0x0000000020000018       0x1c E:/stIDE/STM32CubeIDE_1.13.2/STM32CubeIDE/plugins/com.st.stm32cube.ide.mcu.externaltools.gnu-tools-for-stm32.11.3.rel1.win32_1.1.1.202309131626/tools/bin/../lib/gcc/arm-none-eabi/11.3.1/thumb/v7e-m+fp/hard/crtbegin.o
 *(.bss*)
 .bss.gfxFont   0x0000000020000034        0x4 ./Core/Src/fonts.o
                0x0000000020000034                gfxFont
 .bss.ID        0x0000000020000038        0x2 ./Core/Src/main.o
                0x0000000020000038                ID
 .bss.done_reset
                0x000000002000003a        0x1 ./Core/Src/tft.o
 .bss.is8347    0x000000002000003b        0x1 ./Core/Src/tft.o
 .bss.is555     0x000000002000003c        0x1 ./Core/Src/tft.o
 .bss.is9797    0x000000002000003d        0x1 ./Core/Src/tft.o
 .bss.cursor_y  0x000000002000003e        0x1 ./Core/Src/tft.o
                0x000000002000003e                cursor_y
 .bss.cursor_x  0x000000002000003f        0x1 ./Core/Src/tft.o
                0x000000002000003f                cursor_x
 .bss.rotation  0x0000000020000040        0x1 ./Core/Src/tft.o
                0x0000000020000040                rotation
 *fill*         0x0000000020000041        0x1 
 .bss._lcd_xor  0x0000000020000042        0x2 ./Core/Src/tft.o
                0x0000000020000042                _lcd_xor
 .bss._lcd_capable
                0x0000000020000044        0x2 ./Core/Src/tft.o
                0x0000000020000044                _lcd_capable
 .bss._lcd_ID   0x0000000020000046        0x2 ./Core/Src/tft.o
                0x0000000020000046                _lcd_ID
 .bss._lcd_rev  0x0000000020000048        0x2 ./Core/Src/tft.o
                0x0000000020000048                _lcd_rev
 .bss._lcd_madctl
                0x000000002000004a        0x2 ./Core/Src/tft.o
                0x000000002000004a                _lcd_madctl
 .bss._MC       0x000000002000004c        0x2 ./Core/Src/tft.o
                0x000000002000004c                _MC
 .bss._MP       0x000000002000004e        0x2 ./Core/Src/tft.o
                0x000000002000004e                _MP
 .bss._MW       0x0000000020000050        0x2 ./Core/Src/tft.o
                0x0000000020000050                _MW
 .bss._SC       0x0000000020000052        0x2 ./Core/Src/tft.o
                0x0000000020000052                _SC
 .bss._EC       0x0000000020000054        0x2 ./Core/Src/tft.o
                0x0000000020000054                _EC
 .bss._SP       0x0000000020000056        0x2 ./Core/Src/tft.o
                0x0000000020000056                _SP
 .bss._EP       0x0000000020000058        0x2 ./Core/Src/tft.o
                0x0000000020000058                _EP
 *fill*         0x000000002000005a        0x2 
 .bss.htim2     0x000000002000005c       0x4c ./Core/Src/tim.o
                0x000000002000005c                htim2
 .bss.huart2    0x00000000200000a8       0x88 ./Core/Src/usart.o
                0x00000000200000a8                huart2
 .bss.uwTick    0x0000000020000130        0x4 ./Drivers/STM32F3xx_HAL_Driver/Src/stm32f3xx_hal.o
                0x0000000020000130                uwTick
 *(COMMON)
                0x0000000020000134                . = ALIGN (0x4)
                0x0000000020000134                _ebss = .
                0x0000000020000134                __bss_end__ = _ebss

._user_heap_stack
                0x0000000020000134      0x604
                0x0000000020000138                . = ALIGN (0x8)
 *fill*         0x0000000020000134        0x4 
                [!provide]                        PROVIDE (end = .)
                0x0000000020000138                PROVIDE (_end = .)
                0x0000000020000338                . = (. + _Min_Heap_Size)
 *fill*         0x0000000020000138      0x200 
                0x0000000020000738                . = (. + _Min_Stack_Size)
 *fill*         0x0000000020000338      0x400 
                0x0000000020000738                . = ALIGN (0x8)

/DISCARD/
 libc.a(*)
 libm.a(*)
 libgcc.a(*)

.ARM.attributes
                0x0000000000000000       0x30
 *(.ARM.attributes)
 .ARM.attributes
                0x0000000000000000       0x1e E:/stIDE/STM32CubeIDE_1.13.2/STM32CubeIDE/plugins/com.st.stm32cube.ide.mcu.externaltools.gnu-tools-for-stm32.11.3.rel1.win32_1.1.1.202309131626/tools/bin/../lib/gcc/arm-none-eabi/11.3.1/thumb/v7e-m+fp/hard/crti.o
 .ARM.attributes
                0x000000000000001e       0x34 E:/stIDE/STM32CubeIDE_1.13.2/STM32CubeIDE/plugins/com.st.stm32cube.ide.mcu.externaltools.gnu-tools-for-stm32.11.3.rel1.win32_1.1.1.202309131626/tools/bin/../lib/gcc/arm-none-eabi/11.3.1/thumb/v7e-m+fp/hard/crtbegin.o
 .ARM.attributes
                0x0000000000000052       0x34 ./Core/Src/fonts.o
 .ARM.attributes
                0x0000000000000086       0x34 ./Core/Src/gpio.o
 .ARM.attributes
                0x00000000000000ba       0x34 ./Core/Src/main.o
 .ARM.attributes
                0x00000000000000ee       0x34 ./Core/Src/stm32f3xx_hal_msp.o
 .ARM.attributes
                0x0000000000000122       0x34 ./Core/Src/stm32f3xx_it.o
 .ARM.attributes
                0x0000000000000156       0x34 ./Core/Src/system_stm32f3xx.o
 .ARM.attributes
                0x000000000000018a       0x34 ./Core/Src/tft.o
 .ARM.attributes
                0x00000000000001be       0x34 ./Core/Src/tim.o
 .ARM.attributes
                0x00000000000001f2       0x34 ./Core/Src/usart.o
 .ARM.attributes
                0x0000000000000226       0x21 ./Core/Startup/startup_stm32f303retx.o
 .ARM.attributes
                0x0000000000000247       0x34 ./Drivers/STM32F3xx_HAL_Driver/Src/stm32f3xx_hal.o
 .ARM.attributes
                0x000000000000027b       0x34 ./Drivers/STM32F3xx_HAL_Driver/Src/stm32f3xx_hal_cortex.o
 .ARM.attributes
                0x00000000000002af       0x34 ./Drivers/STM32F3xx_HAL_Driver/Src/stm32f3xx_hal_gpio.o
 .ARM.attributes
                0x00000000000002e3       0x34 ./Drivers/STM32F3xx_HAL_Driver/Src/stm32f3xx_hal_rcc.o
 .ARM.attributes
                0x0000000000000317       0x34 ./Drivers/STM32F3xx_HAL_Driver/Src/stm32f3xx_hal_rcc_ex.o
 .ARM.attributes
                0x000000000000034b       0x34 ./Drivers/STM32F3xx_HAL_Driver/Src/stm32f3xx_hal_tim.o
 .ARM.attributes
                0x000000000000037f       0x34 ./Drivers/STM32F3xx_HAL_Driver/Src/stm32f3xx_hal_tim_ex.o
 .ARM.attributes
                0x00000000000003b3       0x34 ./Drivers/STM32F3xx_HAL_Driver/Src/stm32f3xx_hal_uart.o
 .ARM.attributes
                0x00000000000003e7       0x34 E:/stIDE/STM32CubeIDE_1.13.2/STM32CubeIDE/plugins/com.st.stm32cube.ide.mcu.externaltools.gnu-tools-for-stm32.11.3.rel1.win32_1.1.1.202309131626/tools/bin/../lib/gcc/arm-none-eabi/11.3.1/../../../../arm-none-eabi/lib/thumb/v7e-m+fp/hard\libc_nano.a(libc_a-memset.o)
 .ARM.attributes
                0x000000000000041b       0x34 E:/stIDE/STM32CubeIDE_1.13.2/STM32CubeIDE/plugins/com.st.stm32cube.ide.mcu.externaltools.gnu-tools-for-stm32.11.3.rel1.win32_1.1.1.202309131626/tools/bin/../lib/gcc/arm-none-eabi/11.3.1/../../../../arm-none-eabi/lib/thumb/v7e-m+fp/hard\libc_nano.a(libc_a-init.o)
 .ARM.attributes
                0x000000000000044f       0x1e E:/stIDE/STM32CubeIDE_1.13.2/STM32CubeIDE/plugins/com.st.stm32cube.ide.mcu.externaltools.gnu-tools-for-stm32.11.3.rel1.win32_1.1.1.202309131626/tools/bin/../lib/gcc/arm-none-eabi/11.3.1/thumb/v7e-m+fp/hard/crtn.o
OUTPUT(tftttt.elf elf32-littlearm)
LOAD linker stubs
LOAD E:/stIDE/STM32CubeIDE_1.13.2/STM32CubeIDE/plugins/com.st.stm32cube.ide.mcu.externaltools.gnu-tools-for-stm32.11.3.rel1.win32_1.1.1.202309131626/tools/bin/../lib/gcc/arm-none-eabi/11.3.1/../../../../arm-none-eabi/lib/thumb/v7e-m+fp/hard\libc.a
LOAD E:/stIDE/STM32CubeIDE_1.13.2/STM32CubeIDE/plugins/com.st.stm32cube.ide.mcu.externaltools.gnu-tools-for-stm32.11.3.rel1.win32_1.1.1.202309131626/tools/bin/../lib/gcc/arm-none-eabi/11.3.1/../../../../arm-none-eabi/lib/thumb/v7e-m+fp/hard\libm.a
LOAD E:/stIDE/STM32CubeIDE_1.13.2/STM32CubeIDE/plugins/com.st.stm32cube.ide.mcu.externaltools.gnu-tools-for-stm32.11.3.rel1.win32_1.1.1.202309131626/tools/bin/../lib/gcc/arm-none-eabi/11.3.1/thumb/v7e-m+fp/hard\libgcc.a

.comment        0x0000000000000000       0x43
 .comment       0x0000000000000000       0x43 E:/stIDE/STM32CubeIDE_1.13.2/STM32CubeIDE/plugins/com.st.stm32cube.ide.mcu.externaltools.gnu-tools-for-stm32.11.3.rel1.win32_1.1.1.202309131626/tools/bin/../lib/gcc/arm-none-eabi/11.3.1/thumb/v7e-m+fp/hard/crtbegin.o
                                         0x44 (size before relaxing)
 .comment       0x0000000000000043       0x44 ./Core/Src/fonts.o
 .comment       0x0000000000000043       0x44 ./Core/Src/gpio.o
 .comment       0x0000000000000043       0x44 ./Core/Src/main.o
 .comment       0x0000000000000043       0x44 ./Core/Src/stm32f3xx_hal_msp.o
 .comment       0x0000000000000043       0x44 ./Core/Src/stm32f3xx_it.o
 .comment       0x0000000000000043       0x44 ./Core/Src/system_stm32f3xx.o
 .comment       0x0000000000000043       0x44 ./Core/Src/tft.o
 .comment       0x0000000000000043       0x44 ./Core/Src/tim.o
 .comment       0x0000000000000043       0x44 ./Core/Src/usart.o
 .comment       0x0000000000000043       0x44 ./Drivers/STM32F3xx_HAL_Driver/Src/stm32f3xx_hal.o
 .comment       0x0000000000000043       0x44 ./Drivers/STM32F3xx_HAL_Driver/Src/stm32f3xx_hal_cortex.o
 .comment       0x0000000000000043       0x44 ./Drivers/STM32F3xx_HAL_Driver/Src/stm32f3xx_hal_gpio.o
 .comment       0x0000000000000043       0x44 ./Drivers/STM32F3xx_HAL_Driver/Src/stm32f3xx_hal_rcc.o
 .comment       0x0000000000000043       0x44 ./Drivers/STM32F3xx_HAL_Driver/Src/stm32f3xx_hal_rcc_ex.o
 .comment       0x0000000000000043       0x44 ./Drivers/STM32F3xx_HAL_Driver/Src/stm32f3xx_hal_tim.o
 .comment       0x0000000000000043       0x44 ./Drivers/STM32F3xx_HAL_Driver/Src/stm32f3xx_hal_tim_ex.o
 .comment       0x0000000000000043       0x44 ./Drivers/STM32F3xx_HAL_Driver/Src/stm32f3xx_hal_uart.o

.debug_info     0x0000000000000000    0x10715
 .debug_info    0x0000000000000000      0x391 ./Core/Src/fonts.o
 .debug_info    0x0000000000000391      0x33d ./Core/Src/gpio.o
 .debug_info    0x00000000000006ce      0xc01 ./Core/Src/main.o
 .debug_info    0x00000000000012cf      0x1a0 ./Core/Src/stm32f3xx_hal_msp.o
 .debug_info    0x000000000000146f      0x113 ./Core/Src/stm32f3xx_it.o
 .debug_info    0x0000000000001582      0x407 ./Core/Src/system_stm32f3xx.o
 .debug_info    0x0000000000001989     0x2b58 ./Core/Src/tft.o
 .debug_info    0x00000000000044e1      0x8a0 ./Core/Src/tim.o
 .debug_info    0x0000000000004d81      0x91d ./Core/Src/usart.o
 .debug_info    0x000000000000569e       0x23 ./Core/Startup/startup_stm32f303retx.o
 .debug_info    0x00000000000056c1      0x804 ./Drivers/STM32F3xx_HAL_Driver/Src/stm32f3xx_hal.o
 .debug_info    0x0000000000005ec5      0xcdf ./Drivers/STM32F3xx_HAL_Driver/Src/stm32f3xx_hal_cortex.o
 .debug_info    0x0000000000006ba4      0x6a6 ./Drivers/STM32F3xx_HAL_Driver/Src/stm32f3xx_hal_gpio.o
 .debug_info    0x000000000000724a     0x1501 ./Drivers/STM32F3xx_HAL_Driver/Src/stm32f3xx_hal_rcc.o
 .debug_info    0x000000000000874b      0x663 ./Drivers/STM32F3xx_HAL_Driver/Src/stm32f3xx_hal_rcc_ex.o
 .debug_info    0x0000000000008dae     0x2a52 ./Drivers/STM32F3xx_HAL_Driver/Src/stm32f3xx_hal_tim.o
 .debug_info    0x000000000000b800     0x156d ./Drivers/STM32F3xx_HAL_Driver/Src/stm32f3xx_hal_tim_ex.o
 .debug_info    0x000000000000cd6d     0x39a8 ./Drivers/STM32F3xx_HAL_Driver/Src/stm32f3xx_hal_uart.o

.debug_abbrev   0x0000000000000000     0x22d0
 .debug_abbrev  0x0000000000000000       0xe3 ./Core/Src/fonts.o
 .debug_abbrev  0x00000000000000e3      0x151 ./Core/Src/gpio.o
 .debug_abbrev  0x0000000000000234      0x269 ./Core/Src/main.o
 .debug_abbrev  0x000000000000049d       0xe2 ./Core/Src/stm32f3xx_hal_msp.o
 .debug_abbrev  0x000000000000057f       0x73 ./Core/Src/stm32f3xx_it.o
 .debug_abbrev  0x00000000000005f2      0x11a ./Core/Src/system_stm32f3xx.o
 .debug_abbrev  0x000000000000070c      0x3cc ./Core/Src/tft.o
 .debug_abbrev  0x0000000000000ad8      0x1d8 ./Core/Src/tim.o
 .debug_abbrev  0x0000000000000cb0      0x1f5 ./Core/Src/usart.o
 .debug_abbrev  0x0000000000000ea5       0x12 ./Core/Startup/startup_stm32f303retx.o
 .debug_abbrev  0x0000000000000eb7      0x215 ./Drivers/STM32F3xx_HAL_Driver/Src/stm32f3xx_hal.o
 .debug_abbrev  0x00000000000010cc      0x329 ./Drivers/STM32F3xx_HAL_Driver/Src/stm32f3xx_hal_cortex.o
 .debug_abbrev  0x00000000000013f5      0x1ca ./Drivers/STM32F3xx_HAL_Driver/Src/stm32f3xx_hal_gpio.o
 .debug_abbrev  0x00000000000015bf      0x300 ./Drivers/STM32F3xx_HAL_Driver/Src/stm32f3xx_hal_rcc.o
 .debug_abbrev  0x00000000000018bf      0x245 ./Drivers/STM32F3xx_HAL_Driver/Src/stm32f3xx_hal_rcc_ex.o
 .debug_abbrev  0x0000000000001b04      0x278 ./Drivers/STM32F3xx_HAL_Driver/Src/stm32f3xx_hal_tim.o
 .debug_abbrev  0x0000000000001d7c      0x283 ./Drivers/STM32F3xx_HAL_Driver/Src/stm32f3xx_hal_tim_ex.o
 .debug_abbrev  0x0000000000001fff      0x2d1 ./Drivers/STM32F3xx_HAL_Driver/Src/stm32f3xx_hal_uart.o

.debug_aranges  0x0000000000000000      0xec8
 .debug_aranges
                0x0000000000000000       0x18 ./Core/Src/fonts.o
 .debug_aranges
                0x0000000000000018       0x20 ./Core/Src/gpio.o
 .debug_aranges
                0x0000000000000038       0x30 ./Core/Src/main.o
 .debug_aranges
                0x0000000000000068       0x20 ./Core/Src/stm32f3xx_hal_msp.o
 .debug_aranges
                0x0000000000000088       0x60 ./Core/Src/stm32f3xx_it.o
 .debug_aranges
                0x00000000000000e8       0x28 ./Core/Src/system_stm32f3xx.o
 .debug_aranges
                0x0000000000000110      0x2a0 ./Core/Src/tft.o
 .debug_aranges
                0x00000000000003b0       0x30 ./Core/Src/tim.o
 .debug_aranges
                0x00000000000003e0       0x30 ./Core/Src/usart.o
 .debug_aranges
                0x0000000000000410       0x28 ./Core/Startup/startup_stm32f303retx.o
 .debug_aranges
                0x0000000000000438       0xe0 ./Drivers/STM32F3xx_HAL_Driver/Src/stm32f3xx_hal.o
 .debug_aranges
                0x0000000000000518      0x118 ./Drivers/STM32F3xx_HAL_Driver/Src/stm32f3xx_hal_cortex.o
 .debug_aranges
                0x0000000000000630       0x58 ./Drivers/STM32F3xx_HAL_Driver/Src/stm32f3xx_hal_gpio.o
 .debug_aranges
                0x0000000000000688       0x88 ./Drivers/STM32F3xx_HAL_Driver/Src/stm32f3xx_hal_rcc.o
 .debug_aranges
                0x0000000000000710       0x38 ./Drivers/STM32F3xx_HAL_Driver/Src/stm32f3xx_hal_rcc_ex.o
 .debug_aranges
                0x0000000000000748      0x3e0 ./Drivers/STM32F3xx_HAL_Driver/Src/stm32f3xx_hal_tim.o
 .debug_aranges
                0x0000000000000b28      0x178 ./Drivers/STM32F3xx_HAL_Driver/Src/stm32f3xx_hal_tim_ex.o
 .debug_aranges
                0x0000000000000ca0      0x228 ./Drivers/STM32F3xx_HAL_Driver/Src/stm32f3xx_hal_uart.o

.debug_macro    0x0000000000000000    0x20ac5
 .debug_macro   0x0000000000000000       0x6d ./Core/Src/fonts.o
 .debug_macro   0x000000000000006d      0xaa8 ./Core/Src/fonts.o
 .debug_macro   0x0000000000000b15       0x22 ./Core/Src/fonts.o
 .debug_macro   0x0000000000000b37       0x8e ./Core/Src/fonts.o
 .debug_macro   0x0000000000000bc5       0x51 ./Core/Src/fonts.o
 .debug_macro   0x0000000000000c16      0x103 ./Core/Src/fonts.o
 .debug_macro   0x0000000000000d19       0x6a ./Core/Src/fonts.o
 .debug_macro   0x0000000000000d83      0x1df ./Core/Src/fonts.o
 .debug_macro   0x0000000000000f62      0x1f0 ./Core/Src/gpio.o
 .debug_macro   0x0000000000001152      0x157 ./Core/Src/gpio.o
 .debug_macro   0x00000000000012a9       0x2e ./Core/Src/gpio.o
 .debug_macro   0x00000000000012d7       0x28 ./Core/Src/gpio.o
 .debug_macro   0x00000000000012ff       0x1c ./Core/Src/gpio.o
 .debug_macro   0x000000000000131b       0x22 ./Core/Src/gpio.o
 .debug_macro   0x000000000000133d       0xd9 ./Core/Src/gpio.o
 .debug_macro   0x0000000000001416     0x102d ./Core/Src/gpio.o
 .debug_macro   0x0000000000002443      0x11f ./Core/Src/gpio.o
 .debug_macro   0x0000000000002562    0x1535a ./Core/Src/gpio.o
 .debug_macro   0x00000000000178bc       0x6d ./Core/Src/gpio.o
 .debug_macro   0x0000000000017929     0x3558 ./Core/Src/gpio.o
 .debug_macro   0x000000000001ae81      0x174 ./Core/Src/gpio.o
 .debug_macro   0x000000000001aff5       0x55 ./Core/Src/gpio.o
 .debug_macro   0x000000000001b04a      0x953 ./Core/Src/gpio.o
 .debug_macro   0x000000000001b99d      0x84a ./Core/Src/gpio.o
 .debug_macro   0x000000000001c1e7      0x1b5 ./Core/Src/gpio.o
 .debug_macro   0x000000000001c39c      0x23a ./Core/Src/gpio.o
 .debug_macro   0x000000000001c5d6      0x1ea ./Core/Src/gpio.o
 .debug_macro   0x000000000001c7c0      0x1bc ./Core/Src/gpio.o
 .debug_macro   0x000000000001c97c       0x30 ./Core/Src/gpio.o
 .debug_macro   0x000000000001c9ac       0x3c ./Core/Src/gpio.o
 .debug_macro   0x000000000001c9e8      0x235 ./Core/Src/gpio.o
 .debug_macro   0x000000000001cc1d       0xc5 ./Core/Src/gpio.o
 .debug_macro   0x000000000001cce2      0x21d ./Core/Src/gpio.o
 .debug_macro   0x000000000001ceff      0x22c ./Core/Src/gpio.o
 .debug_macro   0x000000000001d12b       0x5b ./Core/Src/gpio.o
 .debug_macro   0x000000000001d186       0xa5 ./Core/Src/gpio.o
 .debug_macro   0x000000000001d22b       0x81 ./Core/Src/gpio.o
 .debug_macro   0x000000000001d2ac       0xd3 ./Core/Src/gpio.o
 .debug_macro   0x000000000001d37f      0xa59 ./Core/Src/gpio.o
 .debug_macro   0x000000000001ddd8       0xba ./Core/Src/gpio.o
 .debug_macro   0x000000000001de92      0x5ba ./Core/Src/gpio.o
 .debug_macro   0x000000000001e44c       0x44 ./Core/Src/gpio.o
 .debug_macro   0x000000000001e490      0x347 ./Core/Src/gpio.o
 .debug_macro   0x000000000001e7d7       0xe8 ./Core/Src/gpio.o
 .debug_macro   0x000000000001e8bf      0x237 ./Core/Src/main.o
 .debug_macro   0x000000000001eaf6       0x64 ./Core/Src/main.o
 .debug_macro   0x000000000001eb5a       0xd1 ./Core/Src/main.o
 .debug_macro   0x000000000001ec2b       0x3a ./Core/Src/main.o
 .debug_macro   0x000000000001ec65      0x1e6 ./Core/Src/stm32f3xx_hal_msp.o
 .debug_macro   0x000000000001ee4b      0x1f0 ./Core/Src/stm32f3xx_it.o
 .debug_macro   0x000000000001f03b      0x1d7 ./Core/Src/system_stm32f3xx.o
 .debug_macro   0x000000000001f212      0x42f ./Core/Src/tft.o
 .debug_macro   0x000000000001f641       0x61 ./Core/Src/tft.o
 .debug_macro   0x000000000001f6a2       0x10 ./Core/Src/tft.o
 .debug_macro   0x000000000001f6b2       0x20 ./Core/Src/tft.o
 .debug_macro   0x000000000001f6d2       0xee ./Core/Src/tft.o
 .debug_macro   0x000000000001f7c0      0x1f0 ./Core/Src/tim.o
 .debug_macro   0x000000000001f9b0      0x1f0 ./Core/Src/usart.o
 .debug_macro   0x000000000001fba0      0x1fb ./Drivers/STM32F3xx_HAL_Driver/Src/stm32f3xx_hal.o
 .debug_macro   0x000000000001fd9b      0x1d7 ./Drivers/STM32F3xx_HAL_Driver/Src/stm32f3xx_hal_cortex.o
 .debug_macro   0x000000000001ff72      0x1de ./Drivers/STM32F3xx_HAL_Driver/Src/stm32f3xx_hal_gpio.o
 .debug_macro   0x0000000000020150      0x1fb ./Drivers/STM32F3xx_HAL_Driver/Src/stm32f3xx_hal_rcc.o
 .debug_macro   0x000000000002034b      0x1d7 ./Drivers/STM32F3xx_HAL_Driver/Src/stm32f3xx_hal_rcc_ex.o
 .debug_macro   0x0000000000020522      0x1d8 ./Drivers/STM32F3xx_HAL_Driver/Src/stm32f3xx_hal_tim.o
 .debug_macro   0x00000000000206fa      0x1d7 ./Drivers/STM32F3xx_HAL_Driver/Src/stm32f3xx_hal_tim_ex.o
 .debug_macro   0x00000000000208d1      0x1f4 ./Drivers/STM32F3xx_HAL_Driver/Src/stm32f3xx_hal_uart.o

.debug_line     0x0000000000000000    0x13a17
 .debug_line    0x0000000000000000      0x416 ./Core/Src/fonts.o
 .debug_line    0x0000000000000416      0x7bd ./Core/Src/gpio.o
 .debug_line    0x0000000000000bd3      0x865 ./Core/Src/main.o
 .debug_line    0x0000000000001438      0x77f ./Core/Src/stm32f3xx_hal_msp.o
 .debug_line    0x0000000000001bb7      0x840 ./Core/Src/stm32f3xx_it.o
 .debug_line    0x00000000000023f7      0x7f9 ./Core/Src/system_stm32f3xx.o
 .debug_line    0x0000000000002bf0     0x2c2d ./Core/Src/tft.o
 .debug_line    0x000000000000581d      0x7e8 ./Core/Src/tim.o
 .debug_line    0x0000000000006005      0x7ed ./Core/Src/usart.o
 .debug_line    0x00000000000067f2       0x7a ./Core/Startup/startup_stm32f303retx.o
 .debug_line    0x000000000000686c      0xa29 ./Drivers/STM32F3xx_HAL_Driver/Src/stm32f3xx_hal.o
 .debug_line    0x0000000000007295      0xcee ./Drivers/STM32F3xx_HAL_Driver/Src/stm32f3xx_hal_cortex.o
 .debug_line    0x0000000000007f83      0xbb0 ./Drivers/STM32F3xx_HAL_Driver/Src/stm32f3xx_hal_gpio.o
 .debug_line    0x0000000000008b33     0x141b ./Drivers/STM32F3xx_HAL_Driver/Src/stm32f3xx_hal_rcc.o
 .debug_line    0x0000000000009f4e      0xf41 ./Drivers/STM32F3xx_HAL_Driver/Src/stm32f3xx_hal_rcc_ex.o
 .debug_line    0x000000000000ae8f     0x3ec0 ./Drivers/STM32F3xx_HAL_Driver/Src/stm32f3xx_hal_tim.o
 .debug_line    0x000000000000ed4f     0x1b5d ./Drivers/STM32F3xx_HAL_Driver/Src/stm32f3xx_hal_tim_ex.o
 .debug_line    0x00000000000108ac     0x316b ./Drivers/STM32F3xx_HAL_Driver/Src/stm32f3xx_hal_uart.o

.debug_str      0x0000000000000000    0xcae3c
 .debug_str     0x0000000000000000     0x3d2b ./Core/Src/fonts.o
                                       0x3eb6 (size before relaxing)
 .debug_str     0x0000000000003d2b    0xbef5b ./Core/Src/gpio.o
                                      0xc3148 (size before relaxing)
 .debug_str     0x00000000000c2c86      0xf74 ./Core/Src/main.o
                                      0xc40f2 (size before relaxing)
 .debug_str     0x00000000000c3bfa       0x49 ./Core/Src/stm32f3xx_hal_msp.o
                                      0xc309a (size before relaxing)
 .debug_str     0x00000000000c3c43       0xc9 ./Core/Src/stm32f3xx_it.o
                                      0xc30ac (size before relaxing)
 .debug_str     0x00000000000c3d0c       0xe9 ./Core/Src/system_stm32f3xx.o
                                      0xc2def (size before relaxing)
 .debug_str     0x00000000000c3df5     0x410c ./Core/Src/tft.o
                                      0xc7a06 (size before relaxing)
 .debug_str     0x00000000000c7f01      0x151 ./Core/Src/tim.o
                                      0xc3708 (size before relaxing)
 .debug_str     0x00000000000c8052      0x28d ./Core/Src/usart.o
                                      0xc35d0 (size before relaxing)
 .debug_str     0x00000000000c82df       0x34 ./Core/Startup/startup_stm32f303retx.o
                                         0x4c (size before relaxing)
 .debug_str     0x00000000000c8313      0x700 ./Drivers/STM32F3xx_HAL_Driver/Src/stm32f3xx_hal.o
                                      0xc3698 (size before relaxing)
 .debug_str     0x00000000000c8a13      0x362 ./Drivers/STM32F3xx_HAL_Driver/Src/stm32f3xx_hal_cortex.o
                                      0xc36ea (size before relaxing)
 .debug_str     0x00000000000c8d75      0x176 ./Drivers/STM32F3xx_HAL_Driver/Src/stm32f3xx_hal_gpio.o
                                      0xc2fd4 (size before relaxing)
 .debug_str     0x00000000000c8eeb      0x2dd ./Drivers/STM32F3xx_HAL_Driver/Src/stm32f3xx_hal_rcc.o
                                      0xc3293 (size before relaxing)
 .debug_str     0x00000000000c91c8       0xbe ./Drivers/STM32F3xx_HAL_Driver/Src/stm32f3xx_hal_rcc_ex.o
                                      0xc30dd (size before relaxing)
 .debug_str     0x00000000000c9286      0xe46 ./Drivers/STM32F3xx_HAL_Driver/Src/stm32f3xx_hal_tim.o
                                      0xc4216 (size before relaxing)
 .debug_str     0x00000000000ca0cc      0x4dc ./Drivers/STM32F3xx_HAL_Driver/Src/stm32f3xx_hal_tim_ex.o
                                      0xc3a6c (size before relaxing)
 .debug_str     0x00000000000ca5a8      0x894 ./Drivers/STM32F3xx_HAL_Driver/Src/stm32f3xx_hal_uart.o
                                      0xc3b12 (size before relaxing)

.debug_rnglists
                0x0000000000000000      0xb88
 .debug_rnglists
                0x0000000000000000       0x14 ./Core/Src/gpio.o
 .debug_rnglists
                0x0000000000000014       0x21 ./Core/Src/main.o
 .debug_rnglists
                0x0000000000000035       0x13 ./Core/Src/stm32f3xx_hal_msp.o
 .debug_rnglists
                0x0000000000000048       0x43 ./Core/Src/stm32f3xx_it.o
 .debug_rnglists
                0x000000000000008b       0x1a ./Core/Src/system_stm32f3xx.o
 .debug_rnglists
                0x00000000000000a5      0x218 ./Core/Src/tft.o
 .debug_rnglists
                0x00000000000002bd       0x20 ./Core/Src/tim.o
 .debug_rnglists
                0x00000000000002dd       0x20 ./Core/Src/usart.o
 .debug_rnglists
                0x00000000000002fd       0x19 ./Core/Startup/startup_stm32f303retx.o
 .debug_rnglists
                0x0000000000000316       0xa3 ./Drivers/STM32F3xx_HAL_Driver/Src/stm32f3xx_hal.o
 .debug_rnglists
                0x00000000000003b9       0xce ./Drivers/STM32F3xx_HAL_Driver/Src/stm32f3xx_hal_cortex.o
 .debug_rnglists
                0x0000000000000487       0x3f ./Drivers/STM32F3xx_HAL_Driver/Src/stm32f3xx_hal_gpio.o
 .debug_rnglists
                0x00000000000004c6       0x66 ./Drivers/STM32F3xx_HAL_Driver/Src/stm32f3xx_hal_rcc.o
 .debug_rnglists
                0x000000000000052c       0x29 ./Drivers/STM32F3xx_HAL_Driver/Src/stm32f3xx_hal_rcc_ex.o
 .debug_rnglists
                0x0000000000000555      0x328 ./Drivers/STM32F3xx_HAL_Driver/Src/stm32f3xx_hal_tim.o
 .debug_rnglists
                0x000000000000087d      0x131 ./Drivers/STM32F3xx_HAL_Driver/Src/stm32f3xx_hal_tim_ex.o
 .debug_rnglists
                0x00000000000009ae      0x1da ./Drivers/STM32F3xx_HAL_Driver/Src/stm32f3xx_hal_uart.o

.debug_frame    0x0000000000000000     0x3e10
 .debug_frame   0x0000000000000000       0x34 ./Core/Src/gpio.o
 .debug_frame   0x0000000000000034       0x70 ./Core/Src/main.o
 .debug_frame   0x00000000000000a4       0x34 ./Core/Src/stm32f3xx_hal_msp.o
 .debug_frame   0x00000000000000d8      0x104 ./Core/Src/stm32f3xx_it.o
 .debug_frame   0x00000000000001dc       0x58 ./Core/Src/system_stm32f3xx.o
 .debug_frame   0x0000000000000234      0xc30 ./Core/Src/tft.o
 .debug_frame   0x0000000000000e64       0x84 ./Core/Src/tim.o
 .debug_frame   0x0000000000000ee8       0x74 ./Core/Src/usart.o
 .debug_frame   0x0000000000000f5c      0x334 ./Drivers/STM32F3xx_HAL_Driver/Src/stm32f3xx_hal.o
 .debug_frame   0x0000000000001290      0x498 ./Drivers/STM32F3xx_HAL_Driver/Src/stm32f3xx_hal_cortex.o
 .debug_frame   0x0000000000001728      0x14c ./Drivers/STM32F3xx_HAL_Driver/Src/stm32f3xx_hal_gpio.o
 .debug_frame   0x0000000000001874      0x214 ./Drivers/STM32F3xx_HAL_Driver/Src/stm32f3xx_hal_rcc.o
 .debug_frame   0x0000000000001a88       0xb0 ./Drivers/STM32F3xx_HAL_Driver/Src/stm32f3xx_hal_rcc_ex.o
 .debug_frame   0x0000000000001b38     0x121c ./Drivers/STM32F3xx_HAL_Driver/Src/stm32f3xx_hal_tim.o
 .debug_frame   0x0000000000002d54      0x688 ./Drivers/STM32F3xx_HAL_Driver/Src/stm32f3xx_hal_tim_ex.o
 .debug_frame   0x00000000000033dc      0x9e8 ./Drivers/STM32F3xx_HAL_Driver/Src/stm32f3xx_hal_uart.o
 .debug_frame   0x0000000000003dc4       0x20 E:/stIDE/STM32CubeIDE_1.13.2/STM32CubeIDE/plugins/com.st.stm32cube.ide.mcu.externaltools.gnu-tools-for-stm32.11.3.rel1.win32_1.1.1.202309131626/tools/bin/../lib/gcc/arm-none-eabi/11.3.1/../../../../arm-none-eabi/lib/thumb/v7e-m+fp/hard\libc_nano.a(libc_a-memset.o)
 .debug_frame   0x0000000000003de4       0x2c E:/stIDE/STM32CubeIDE_1.13.2/STM32CubeIDE/plugins/com.st.stm32cube.ide.mcu.externaltools.gnu-tools-for-stm32.11.3.rel1.win32_1.1.1.202309131626/tools/bin/../lib/gcc/arm-none-eabi/11.3.1/../../../../arm-none-eabi/lib/thumb/v7e-m+fp/hard\libc_nano.a(libc_a-init.o)

.debug_line_str
                0x0000000000000000       0x40
 .debug_line_str
                0x0000000000000000       0x40 ./Core/Startup/startup_stm32f303retx.o
                                         0x58 (size before relaxing)
