Archive member included to satisfy reference by file (symbol)

E:/stIDE/STM32CubeIDE_1.13.2/STM32CubeIDE/plugins/com.st.stm32cube.ide.mcu.externaltools.gnu-tools-for-stm32.11.3.rel1.win32_1.1.1.202309131626/tools/bin/../lib/gcc/arm-none-eabi/11.3.1/../../../../arm-none-eabi/lib/thumb/v7e-m+fp/hard\libc_nano.a(libc_a-exit.o)
                              E:/stIDE/STM32CubeIDE_1.13.2/STM32CubeIDE/plugins/com.st.stm32cube.ide.mcu.externaltools.gnu-tools-for-stm32.11.3.rel1.win32_1.1.1.202309131626/tools/bin/../lib/gcc/arm-none-eabi/11.3.1/../../../../arm-none-eabi/lib/thumb/v7e-m+fp/hard/crt0.o (exit)
E:/stIDE/STM32CubeIDE_1.13.2/STM32CubeIDE/plugins/com.st.stm32cube.ide.mcu.externaltools.gnu-tools-for-stm32.11.3.rel1.win32_1.1.1.202309131626/tools/bin/../lib/gcc/arm-none-eabi/11.3.1/../../../../arm-none-eabi/lib/thumb/v7e-m+fp/hard\libc_nano.a(libc_a-findfp.o)
                              ./Middlewares/Third_Party/FreeRTOS/Source/tasks.o (__sf)
E:/stIDE/STM32CubeIDE_1.13.2/STM32CubeIDE/plugins/com.st.stm32cube.ide.mcu.externaltools.gnu-tools-for-stm32.11.3.rel1.win32_1.1.1.202309131626/tools/bin/../lib/gcc/arm-none-eabi/11.3.1/../../../../arm-none-eabi/lib/thumb/v7e-m+fp/hard\libc_nano.a(libc_a-fwalk.o)
                              E:/stIDE/STM32CubeIDE_1.13.2/STM32CubeIDE/plugins/com.st.stm32cube.ide.mcu.externaltools.gnu-tools-for-stm32.11.3.rel1.win32_1.1.1.202309131626/tools/bin/../lib/gcc/arm-none-eabi/11.3.1/../../../../arm-none-eabi/lib/thumb/v7e-m+fp/hard\libc_nano.a(libc_a-findfp.o) (_fwalk_sglue)
E:/stIDE/STM32CubeIDE_1.13.2/STM32CubeIDE/plugins/com.st.stm32cube.ide.mcu.externaltools.gnu-tools-for-stm32.11.3.rel1.win32_1.1.1.202309131626/tools/bin/../lib/gcc/arm-none-eabi/11.3.1/../../../../arm-none-eabi/lib/thumb/v7e-m+fp/hard\libc_nano.a(libc_a-stdio.o)
                              E:/stIDE/STM32CubeIDE_1.13.2/STM32CubeIDE/plugins/com.st.stm32cube.ide.mcu.externaltools.gnu-tools-for-stm32.11.3.rel1.win32_1.1.1.202309131626/tools/bin/../lib/gcc/arm-none-eabi/11.3.1/../../../../arm-none-eabi/lib/thumb/v7e-m+fp/hard\libc_nano.a(libc_a-findfp.o) (__sread)
E:/stIDE/STM32CubeIDE_1.13.2/STM32CubeIDE/plugins/com.st.stm32cube.ide.mcu.externaltools.gnu-tools-for-stm32.11.3.rel1.win32_1.1.1.202309131626/tools/bin/../lib/gcc/arm-none-eabi/11.3.1/../../../../arm-none-eabi/lib/thumb/v7e-m+fp/hard\libc_nano.a(libc_a-memset.o)
                              E:/stIDE/STM32CubeIDE_1.13.2/STM32CubeIDE/plugins/com.st.stm32cube.ide.mcu.externaltools.gnu-tools-for-stm32.11.3.rel1.win32_1.1.1.202309131626/tools/bin/../lib/gcc/arm-none-eabi/11.3.1/../../../../arm-none-eabi/lib/thumb/v7e-m+fp/hard/crt0.o (memset)
E:/stIDE/STM32CubeIDE_1.13.2/STM32CubeIDE/plugins/com.st.stm32cube.ide.mcu.externaltools.gnu-tools-for-stm32.11.3.rel1.win32_1.1.1.202309131626/tools/bin/../lib/gcc/arm-none-eabi/11.3.1/../../../../arm-none-eabi/lib/thumb/v7e-m+fp/hard\libc_nano.a(libc_a-closer.o)
                              E:/stIDE/STM32CubeIDE_1.13.2/STM32CubeIDE/plugins/com.st.stm32cube.ide.mcu.externaltools.gnu-tools-for-stm32.11.3.rel1.win32_1.1.1.202309131626/tools/bin/../lib/gcc/arm-none-eabi/11.3.1/../../../../arm-none-eabi/lib/thumb/v7e-m+fp/hard\libc_nano.a(libc_a-stdio.o) (_close_r)
E:/stIDE/STM32CubeIDE_1.13.2/STM32CubeIDE/plugins/com.st.stm32cube.ide.mcu.externaltools.gnu-tools-for-stm32.11.3.rel1.win32_1.1.1.202309131626/tools/bin/../lib/gcc/arm-none-eabi/11.3.1/../../../../arm-none-eabi/lib/thumb/v7e-m+fp/hard\libc_nano.a(libc_a-reent.o)
                              ./Middlewares/Third_Party/FreeRTOS/Source/tasks.o (_reclaim_reent)
E:/stIDE/STM32CubeIDE_1.13.2/STM32CubeIDE/plugins/com.st.stm32cube.ide.mcu.externaltools.gnu-tools-for-stm32.11.3.rel1.win32_1.1.1.202309131626/tools/bin/../lib/gcc/arm-none-eabi/11.3.1/../../../../arm-none-eabi/lib/thumb/v7e-m+fp/hard\libc_nano.a(libc_a-impure.o)
                              ./Middlewares/Third_Party/FreeRTOS/Source/tasks.o (_impure_ptr)
E:/stIDE/STM32CubeIDE_1.13.2/STM32CubeIDE/plugins/com.st.stm32cube.ide.mcu.externaltools.gnu-tools-for-stm32.11.3.rel1.win32_1.1.1.202309131626/tools/bin/../lib/gcc/arm-none-eabi/11.3.1/../../../../arm-none-eabi/lib/thumb/v7e-m+fp/hard\libc_nano.a(libc_a-lseekr.o)
                              E:/stIDE/STM32CubeIDE_1.13.2/STM32CubeIDE/plugins/com.st.stm32cube.ide.mcu.externaltools.gnu-tools-for-stm32.11.3.rel1.win32_1.1.1.202309131626/tools/bin/../lib/gcc/arm-none-eabi/11.3.1/../../../../arm-none-eabi/lib/thumb/v7e-m+fp/hard\libc_nano.a(libc_a-stdio.o) (_lseek_r)
E:/stIDE/STM32CubeIDE_1.13.2/STM32CubeIDE/plugins/com.st.stm32cube.ide.mcu.externaltools.gnu-tools-for-stm32.11.3.rel1.win32_1.1.1.202309131626/tools/bin/../lib/gcc/arm-none-eabi/11.3.1/../../../../arm-none-eabi/lib/thumb/v7e-m+fp/hard\libc_nano.a(libc_a-readr.o)
[...]
Memory Configuration

Name             Origin             Length             Attributes
CCMRAM           0x0000000010000000 0x0000000000004000 xrw
RAM              0x0000000020000000 0x0000000000010000 xrw
FLASH            0x0000000008000000 0x0000000000080000 xr
*default*        0x0000000000000000 0xffffffffffffffff

Linker script and memory map

LOAD E:/stIDE/STM32CubeIDE_1.13.2/STM32CubeIDE/plugins/com.st.stm32cube.ide.mcu.externaltools.gnu-tools-for-stm32.11.3.rel1.win32_1.1.1.202309131626/tools/bin/../lib/gcc/arm-none-eabi/11.3.1/thumb/v7e-m+fp/hard/crti.o
LOAD E:/stIDE/STM32CubeIDE_1.13.2/STM32CubeIDE/plugins/com.st.stm32cube.ide.mcu.externaltools.gnu-tools-for-stm32.11.3.rel1.win32_1.1.1.202309131626/tools/bin/../lib/gcc/arm-none-eabi/11.3.1/thumb/v7e-m+fp/hard/crtbegin.o
LOAD E:/stIDE/STM32CubeIDE_1.13.2/STM32CubeIDE/plugins/com.st.stm32cube.ide.mcu.externaltools.gnu-tools-for-stm32.11.3.rel1.win32_1.1.1.202309131626/tools/bin/../lib/gcc/arm-none-eabi/11.3.1/../../../../arm-none-eabi/lib/thumb/v7e-m+fp/hard/crt0.o
LOAD ./Core/Src/CANSPI.o
LOAD ./Core/Src/MCP2515.o
LOAD ./Core/Src/adc.o
LOAD ./Core/Src/can.o
LOAD ./Core/Src/dma.o
LOAD ./Core/Src/freertos.o
LOAD ./Core/Src/gpio.o
LOAD ./Core/Src/main.o
LOAD ./Core/Src/spi.o
LOAD ./Core/Src/stm32f3xx_hal_msp.o
LOAD ./Core/Src/stm32f3xx_hal_timebase_tim.o
LOAD ./Core/Src/stm32f3xx_it.o
LOAD ./Core/Src/syscalls.o
LOAD ./Core/Src/sysmem.o
LOAD ./Core/Src/system_stm32f3xx.o
LOAD ./Core/Src/tim.o
LOAD ./Core/Src/usart.o
LOAD ./Core/Startup/startup_stm32f303retx.o
LOAD ./Drivers/STM32F3xx_HAL_Driver/Src/stm32f3xx_hal.o
LOAD ./Drivers/STM32F3xx_HAL_Driver/Src/stm32f3xx_hal_adc.o
LOAD ./Drivers/STM32F3xx_HAL_Driver/Src/stm32f3xx_hal_adc_ex.o
LOAD ./Drivers/STM32F3xx_HAL_Driver/Src/stm32f3xx_hal_can.o
LOAD ./Drivers/STM32F3xx_HAL_Driver/Src/stm32f3xx_hal_cortex.o
LOAD ./Drivers/STM32F3xx_HAL_Driver/Src/stm32f3xx_hal_dma.o
LOAD ./Drivers/STM32F3xx_HAL_Driver/Src/stm32f3xx_hal_exti.o
LOAD ./Drivers/STM32F3xx_HAL_Driver/Src/stm32f3xx_hal_flash.o
LOAD ./Drivers/STM32F3xx_HAL_Driver/Src/stm32f3xx_hal_flash_ex.o
LOAD ./Drivers/STM32F3xx_HAL_Driver/Src/stm32f3xx_hal_gpio.o
LOAD ./Drivers/STM32F3xx_HAL_Driver/Src/stm32f3xx_hal_i2c.o
LOAD ./Drivers/STM32F3xx_HAL_Driver/Src/stm32f3xx_hal_i2c_ex.o
LOAD ./Drivers/STM32F3xx_HAL_Driver/Src/stm32f3xx_hal_pwr.o
LOAD ./Drivers/STM32F3xx_HAL_Driver/Src/stm32f3xx_hal_pwr_ex.o
LOAD ./Drivers/STM32F3xx_HAL_Driver/Src/stm32f3xx_hal_rcc.o
LOAD ./Drivers/STM32F3xx_HAL_Driver/Src/stm32f3xx_hal_rcc_ex.o
LOAD ./Drivers/STM32F3xx_HAL_Driver/Src/stm32f3xx_hal_spi.o
LOAD ./Drivers/STM32F3xx_HAL_Driver/Src/stm32f3xx_hal_spi_ex.o
LOAD ./Drivers/STM32F3xx_HAL_Driver/Src/stm32f3xx_hal_tim.o
LOAD ./Drivers/STM32F3xx_HAL_Driver/Src/stm32f3xx_hal_tim_ex.o
LOAD ./Drivers/STM32F3xx_HAL_Driver/Src/stm32f3xx_hal_uart.o
LOAD ./Drivers/STM32F3xx_HAL_Driver/Src/stm32f3xx_hal_uart_ex.o
LOAD ./Middlewares/Third_Party/FreeRTOS/Source/CMSIS_RTOS/cmsis_os.o
LOAD ./Middlewares/Third_Party/FreeRTOS/Source/croutine.o
LOAD ./Middlewares/Third_Party/FreeRTOS/Source/event_groups.o
LOAD ./Middlewares/Third_Party/FreeRTOS/Source/list.o
LOAD ./Middlewares/Third_Party/FreeRTOS/Source/queue.o
LOAD ./Middlewares/Third_Party/FreeRTOS/Source/stream_buffer.o
LOAD ./Middlewares/Third_Party/FreeRTOS/Source/tasks.o
LOAD ./Middlewares/Third_Party/FreeRTOS/Source/timers.o
LOAD ./Middlewares/Third_Party/FreeRTOS/Source/portable/GCC/ARM_CM4F/port.o
LOAD ./Middlewares/Third_Party/FreeRTOS/Source/portable/MemMang/heap_4.o
START GROUP
LOAD E:/stIDE/STM32CubeIDE_1.13.2/STM32CubeIDE/plugins/com.st.stm32cube.ide.mcu.externaltools.gnu-tools-for-stm32.11.3.rel1.win32_1.1.1.202309131626/tools/bin/../lib/gcc/arm-none-eabi/11.3.1/../../../../arm-none-eabi/lib/thumb/v7e-m+fp/hard\libstdc++_nano.a
LOAD E:/stIDE/STM32CubeIDE_1.13.2/STM32CubeIDE/plugins/com.st.stm32cube.ide.mcu.externaltools.gnu-tools-for-stm32.11.3.rel1.win32_1.1.1.202309131626/tools/bin/../lib/gcc/arm-none-eabi/11.3.1/../../../../arm-none-eabi/lib/thumb/v7e-m+fp/hard\libsupc++_nano.a
END GROUP
LOAD E:/stIDE/STM32CubeIDE_1.13.2/STM32CubeIDE/plugins/com.st.stm32cube.ide.mcu.externaltools.gnu-tools-for-stm32.11.3.rel1.win32_1.1.1.202309131626/tools/bin/../lib/gcc/arm-none-eabi/11.3.1/../../../../arm-none-eabi/lib/thumb/v7e-m+fp/hard\libstdc++_nano.a
LOAD E:/stIDE/STM32CubeIDE_1.13.2/STM32CubeIDE/plugins/com.st.stm32cube.ide.mcu.externaltools.gnu-tools-for-stm32.11.3.rel1.win32_1.1.1.202309131626/tools/bin/../lib/gcc/arm-none-eabi/11.3.1/../../../../arm-none-eabi/lib/thumb/v7e-m+fp/hard\libm.a
LOAD E:/stIDE/STM32CubeIDE_1.13.2/STM32CubeIDE/plugins/com.st.stm32cube.ide.mcu.externaltools.gnu-tools-for-stm32.11.3.rel1.win32_1.1.1.202309131626/tools/bin/../lib/gcc/arm-none-eabi/11.3.1/../../../../arm-none-eabi/lib/thumb/v7e-m+fp/hard\libc_nano.a
START GROUP
LOAD E:/stIDE/STM32CubeIDE_1.13.2/STM32CubeIDE/plugins/com.st.stm32cube.ide.mcu.externaltools.gnu-tools-for-stm32.11.3.rel1.win32_1.1.1.202309131626/tools/bin/../lib/gcc/arm-none-eabi/11.3.1/thumb/v7e-m+fp/hard\libgcc.a
LOAD E:/stIDE/STM32CubeIDE_1.13.2/STM32CubeIDE/plugins/com.st.stm32cube.ide.mcu.externaltools.gnu-tools-for-stm32.11.3.rel1.win32_1.1.1.202309131626/tools/bin/../lib/gcc/arm-none-eabi/11.3.1/../../../../arm-none-eabi/lib/thumb/v7e-m+fp/hard\libc_nano.a
END GROUP
START GROUP
LOAD E:/stIDE/STM32CubeIDE_1.13.2/STM32CubeIDE/plugins/com.st.stm32cube.ide.mcu.externaltools.gnu-tools-for-stm32.11.3.rel1.win32_1.1.1.202309131626/tools/bin/../lib/gcc/arm-none-eabi/11.3.1/thumb/v7e-m+fp/hard\libgcc.a
LOAD E:/stIDE/STM32CubeIDE_1.13.2/STM32CubeIDE/plugins/com.st.stm32cube.ide.mcu.externaltools.gnu-tools-for-stm32.11.3.rel1.win32_1.1.1.202309131626/tools/bin/../lib/gcc/arm-none-eabi/11.3.1/../../../../arm-none-eabi/lib/thumb/v7e-m+fp/hard\libc_nano.a
LOAD E:/stIDE/STM32CubeIDE_1.13.2/STM32CubeIDE/plugins/com.st.stm32cube.ide.mcu.externaltools.gnu-tools-for-stm32.11.3.rel1.win32_1.1.1.202309131626/tools/bin/../lib/gcc/arm-none-eabi/11.3.1/../../../../arm-none-eabi/lib/thumb/v7e-m+fp/hard\libnosys.a
END GROUP
START GROUP
LOAD E:/stIDE/STM32CubeIDE_1.13.2/STM32CubeIDE/plugins/com.st.stm32cube.ide.mcu.externaltools.gnu-tools-for-stm32.11.3.rel1.win32_1.1.1.202309131626/tools/bin/../lib/gcc/arm-none-eabi/11.3.1/thumb/v7e-m+fp/hard\libgcc.a
LOAD E:/stIDE/STM32CubeIDE_1.13.2/STM32CubeIDE/plugins/com.st.stm32cube.ide.mcu.externaltools.gnu-tools-for-stm32.11.3.rel1.win32_1.1.1.202309131626/tools/bin/../lib/gcc/arm-none-eabi/11.3.1/../../../../arm-none-eabi/lib/thumb/v7e-m+fp/hard\libc_nano.a
LOAD E:/stIDE/STM32CubeIDE_1.13.2/STM32CubeIDE/plugins/com.st.stm32cube.ide.mcu.externaltools.gnu-tools-for-stm32.11.3.rel1.win32_1.1.1.202309131626/tools/bin/../lib/gcc/arm-none-eabi/11.3.1/../../../../arm-none-eabi/lib/thumb/v7e-m+fp/hard\libnosys.a
END GROUP
LOAD E:/stIDE/STM32CubeIDE_1.13.2/STM32CubeIDE/plugins/com.st.stm32cube.ide.mcu.externaltools.gnu-tools-for-stm32.11.3.rel1.win32_1.1.1.202309131626/tools/bin/../lib/gcc/arm-none-eabi/11.3.1/thumb/v7e-m+fp/hard/crtend.o
LOAD E:/stIDE/STM32CubeIDE_1.13.2/STM32CubeIDE/plugins/com.st.stm32cube.ide.mcu.externaltools.gnu-tools-for-stm32.11.3.rel1.win32_1.1.1.202309131626/tools/bin/../lib/gcc/arm-none-eabi/11.3.1/thumb/v7e-m+fp/hard/crtn.o
                0x0000000020010000                _estack = (ORIGIN (RAM) + LENGTH (RAM))
                0x0000000000000200                _Min_Heap_Size = 0x200
                0x0000000000000400                _Min_Stack_Size = 0x400

.isr_vector     0x0000000008000000      0x194
                0x0000000008000000                . = ALIGN (0x4)
 *(.isr_vector)
 .isr_vector    0x0000000008000000      0x194 ./Core/Startup/startup_stm32f303retx.o
                0x0000000008000000                g_pfnVectors
                0x0000000008000194                . = ALIGN (0x4)

.text           0x00000000080001a0     0x9abc
                0x00000000080001a0                . = ALIGN (0x4)
 *(.text)
 .text          0x00000000080001a0       0x40 E:/stIDE/STM32CubeIDE_1.13.2/STM32CubeIDE/plugins/com.st.stm32cube.ide.mcu.externaltools.gnu-tools-for-stm32.11.3.rel1.win32_1.1.1.202309131626/tools/bin/../lib/gcc/arm-none-eabi/11.3.1/thumb/v7e-m+fp/hard/crtbegin.o
 *(.text*)
 .text.CANSPI_Initialize
                0x00000000080001e0      0x160 ./Core/Src/CANSPI.o
                0x00000000080001e0                CANSPI_Initialize
 .text.CANSPI_Transmit
                0x0000000008000340       0xf0 ./Core/Src/CANSPI.o
                0x0000000008000340                CANSPI_Transmit
 .text.convertCANid2Reg
                0x0000000008000430       0xaa ./Core/Src/CANSPI.o
 *fill*         0x00000000080004da        0x2 
 .text.MCP2515_Initialize
                0x00000000080004dc       0x44 ./Core/Src/MCP2515.o
                0x00000000080004dc                MCP2515_Initialize
 .text.MCP2515_SetConfigMode
                0x0000000008000520       0x3c ./Core/Src/MCP2515.o
                0x0000000008000520                MCP2515_SetConfigMode
 .text.MCP2515_SetNormalMode
                0x000000000800055c       0x3c ./Core/Src/MCP2515.o
                0x000000000800055c                MCP2515_SetNormalMode
 .text.MCP2515_ReadByte
                0x0000000008000598       0x44 ./Core/Src/MCP2515.o
                0x0000000008000598                MCP2515_ReadByte
 .text.MCP2515_WriteByte
                0x00000000080005dc       0x48 ./Core/Src/MCP2515.o
                0x00000000080005dc                MCP2515_WriteByte
 .text.MCP2515_WriteByteSequence
                0x0000000008000624       0x54 ./Core/Src/MCP2515.o
                0x0000000008000624                MCP2515_WriteByteSequence
 .text.MCP2515_LoadTxSequence
                0x0000000008000678       0x54 ./Core/Src/MCP2515.o
                0x0000000008000678                MCP2515_LoadTxSequence
 .text.MCP2515_RequestToSend
                0x00000000080006cc       0x34 ./Core/Src/MCP2515.o
                0x00000000080006cc                MCP2515_RequestToSend
 .text.MCP2515_ReadStatus
                0x0000000008000700       0x38 ./Core/Src/MCP2515.o
                0x0000000008000700                MCP2515_ReadStatus
 .text.SPI_Tx   0x0000000008000738       0x24 ./Core/Src/MCP2515.o
 .text.SPI_TxBuffer
                0x000000000800075c       0x28 ./Core/Src/MCP2515.o
 .text.SPI_Rx   0x0000000008000784       0x20 ./Core/Src/MCP2515.o
 .text.MX_ADC2_Init
                0x00000000080007a4       0xec ./Core/Src/adc.o
                0x00000000080007a4                MX_ADC2_Init
 .text.MX_ADC4_Init
                0x0000000008000890       0xec ./Core/Src/adc.o
                0x0000000008000890                MX_ADC4_Init
 .text.HAL_ADC_MspInit
                0x000000000800097c      0x19c ./Core/Src/adc.o
                0x000000000800097c                HAL_ADC_MspInit
 .text.MX_CAN_Init
                0x0000000008000b18       0x68 ./Core/Src/can.o
                0x0000000008000b18                MX_CAN_Init
 .text.HAL_CAN_MspInit
                0x0000000008000b80       0x88 ./Core/Src/can.o
                0x0000000008000b80                HAL_CAN_MspInit
 .text.MX_DMA_Init
                0x0000000008000c08       0x74 ./Core/Src/dma.o
                0x0000000008000c08                MX_DMA_Init
 .text.vApplicationGetIdleTaskMemory
                0x0000000008000c7c       0x34 ./Core/Src/freertos.o
                0x0000000008000c7c                vApplicationGetIdleTaskMemory
 .text.MX_FREERTOS_Init
                0x0000000008000cb0       0xc8 ./Core/Src/freertos.o
                0x0000000008000cb0                MX_FREERTOS_Init
 .text.StartDefaultTask
                0x0000000008000d78       0x6c ./Core/Src/freertos.o
                0x0000000008000d78                StartDefaultTask
 .text.StartPwmHandle
                0x0000000008000de4       0x74 ./Core/Src/freertos.o
                0x0000000008000de4                StartPwmHandle
 .text.StartAdcHandle
                0x0000000008000e58       0x30 ./Core/Src/freertos.o
                0x0000000008000e58                StartAdcHandle
 .text.StartCanHandler
                0x0000000008000e88       0x6c ./Core/Src/freertos.o
                0x0000000008000e88                StartCanHandler
 .text.init_bldc
                0x0000000008000ef4       0xf4 ./Core/Src/freertos.o
                0x0000000008000ef4                init_bldc
 .text.get_halls
                0x0000000008000fe8       0xb4 ./Core/Src/freertos.o
                0x0000000008000fe8                get_halls
 .text.writePhases
                0x000000000800109c       0x70 ./Core/Src/freertos.o
                0x000000000800109c                writePhases
 .text.write_pd_table
                0x000000000800110c      0x118 ./Core/Src/freertos.o
                0x000000000800110c                write_pd_table
 .text.read_throttle
                0x0000000008001224       0x68 ./Core/Src/freertos.o
                0x0000000008001224                read_throttle
 .text.read_current
                0x000000000800128c       0x34 ./Core/Src/freertos.o
                0x000000000800128c                read_current
 .text.MX_GPIO_Init
                0x00000000080012c0      0x110 ./Core/Src/gpio.o
                0x00000000080012c0                MX_GPIO_Init
 .text.main     0x00000000080013d0       0x4a ./Core/Src/main.o
                0x00000000080013d0                main
 *fill*         0x000000000800141a        0x2 
 .text.SystemClock_Config
                0x000000000800141c       0xd8 ./Core/Src/main.o
                0x000000000800141c                SystemClock_Config
 .text.HAL_TIM_PeriodElapsedCallback
                0x00000000080014f4       0x24 ./Core/Src/main.o
                0x00000000080014f4                HAL_TIM_PeriodElapsedCallback
 .text.Error_Handler
                0x0000000008001518        0xa ./Core/Src/main.o
                0x0000000008001518                Error_Handler
 *fill*         0x0000000008001522        0x2 
 .text.MX_SPI2_Init
                0x0000000008001524       0x7c ./Core/Src/spi.o
                0x0000000008001524                MX_SPI2_Init
 .text.HAL_SPI_MspInit
                0x00000000080015a0       0xc4 ./Core/Src/spi.o
                0x00000000080015a0                HAL_SPI_MspInit
 .text.HAL_MspInit
                0x0000000008001664       0x50 ./Core/Src/stm32f3xx_hal_msp.o
                0x0000000008001664                HAL_MspInit
 .text.HAL_InitTick
                0x00000000080016b4       0xe0 ./Core/Src/stm32f3xx_hal_timebase_tim.o
                0x00000000080016b4                HAL_InitTick
 .text.NMI_Handler
                0x0000000008001794        0x6 ./Core/Src/stm32f3xx_it.o
                0x0000000008001794                NMI_Handler
 .text.HardFault_Handler
                0x000000000800179a        0x6 ./Core/Src/stm32f3xx_it.o
                0x000000000800179a                HardFault_Handler
 .text.MemManage_Handler
                0x00000000080017a0        0x6 ./Core/Src/stm32f3xx_it.o
                0x00000000080017a0                MemManage_Handler
 .text.BusFault_Handler
                0x00000000080017a6        0x6 ./Core/Src/stm32f3xx_it.o
                0x00000000080017a6                BusFault_Handler
 .text.UsageFault_Handler
                0x00000000080017ac        0x6 ./Core/Src/stm32f3xx_it.o
                0x00000000080017ac                UsageFault_Handler
 .text.DebugMon_Handler
                0x00000000080017b2        0xe ./Core/Src/stm32f3xx_it.o
                0x00000000080017b2                DebugMon_Handler
 .text.DMA1_Channel7_IRQHandler
                0x00000000080017c0       0x14 ./Core/Src/stm32f3xx_it.o
                0x00000000080017c0                DMA1_Channel7_IRQHandler
 .text.ADC1_2_IRQHandler
                0x00000000080017d4       0x14 ./Core/Src/stm32f3xx_it.o
                0x00000000080017d4                ADC1_2_IRQHandler
 .text.TIM1_BRK_TIM15_IRQHandler
                0x00000000080017e8       0x14 ./Core/Src/stm32f3xx_it.o
                0x00000000080017e8                TIM1_BRK_TIM15_IRQHandler
 .text.TIM1_UP_TIM16_IRQHandler
                0x00000000080017fc       0x14 ./Core/Src/stm32f3xx_it.o
                0x00000000080017fc                TIM1_UP_TIM16_IRQHandler
 .text.TIM2_IRQHandler
                0x0000000008001810       0x14 ./Core/Src/stm32f3xx_it.o
                0x0000000008001810                TIM2_IRQHandler
 .text.TIM3_IRQHandler
                0x0000000008001824       0x14 ./Core/Src/stm32f3xx_it.o
                0x0000000008001824                TIM3_IRQHandler
 .text.DMA2_Channel1_IRQHandler
                0x0000000008001838       0x14 ./Core/Src/stm32f3xx_it.o
                0x0000000008001838                DMA2_Channel1_IRQHandler
 .text.DMA2_Channel2_IRQHandler
                0x000000000800184c       0x14 ./Core/Src/stm32f3xx_it.o
                0x000000000800184c                DMA2_Channel2_IRQHandler
 .text.SystemInit
                0x0000000008001860       0x24 ./Core/Src/system_stm32f3xx.o
                0x0000000008001860                SystemInit
 .text.MX_TIM2_Init
                0x0000000008001884      0x104 ./Core/Src/tim.o
                0x0000000008001884                MX_TIM2_Init
 .text.MX_TIM3_Init
                0x0000000008001988      0x108 ./Core/Src/tim.o
                0x0000000008001988                MX_TIM3_Init
 .text.MX_TIM4_Init
                0x0000000008001a90      0x108 ./Core/Src/tim.o
                0x0000000008001a90                MX_TIM4_Init
 .text.MX_TIM6_Init
                0x0000000008001b98       0x6c ./Core/Src/tim.o
                0x0000000008001b98                MX_TIM6_Init
 .text.MX_TIM15_Init
                0x0000000008001c04      0x140 ./Core/Src/tim.o
                0x0000000008001c04                MX_TIM15_Init
 .text.HAL_TIM_Base_MspInit
                0x0000000008001d44      0x108 ./Core/Src/tim.o
                0x0000000008001d44                HAL_TIM_Base_MspInit
 .text.HAL_TIM_MspPostInit
                0x0000000008001e4c      0x138 ./Core/Src/tim.o
                0x0000000008001e4c                HAL_TIM_MspPostInit
 .text.MX_USART2_UART_Init
                0x0000000008001f84       0x60 ./Core/Src/usart.o
                0x0000000008001f84                MX_USART2_UART_Init
 .text.HAL_UART_MspInit
                0x0000000008001fe4       0xd8 ./Core/Src/usart.o
                0x0000000008001fe4                HAL_UART_MspInit
 .text.Reset_Handler
                0x00000000080020bc       0x50 ./Core/Startup/startup_stm32f303retx.o
                0x00000000080020bc                Reset_Handler
 .text.Default_Handler
                0x000000000800210c        0x2 ./Core/Startup/startup_stm32f303retx.o
                0x000000000800210c                RTC_Alarm_IRQHandler
                0x000000000800210c                TIM8_TRG_COM_IRQHandler
                0x000000000800210c                TIM8_CC_IRQHandler
                0x000000000800210c                SPI4_IRQHandler
                0x000000000800210c                TIM1_CC_IRQHandler
                0x000000000800210c                USB_HP_IRQHandler
                0x000000000800210c                PVD_IRQHandler
                0x000000000800210c                TAMP_STAMP_IRQHandler
                0x000000000800210c                EXTI3_IRQHandler
                0x000000000800210c                I2C3_ER_IRQHandler
                0x000000000800210c                USB_HP_CAN_TX_IRQHandler
                0x000000000800210c                EXTI0_IRQHandler
                0x000000000800210c                I2C2_EV_IRQHandler
                0x000000000800210c                FPU_IRQHandler
                0x000000000800210c                SPI1_IRQHandler
                0x000000000800210c                CAN_SCE_IRQHandler
                0x000000000800210c                TIM6_DAC_IRQHandler
                0x000000000800210c                TIM8_UP_IRQHandler
                0x000000000800210c                DMA1_Channel4_IRQHandler
                0x000000000800210c                TIM20_TRG_COM_IRQHandler
                0x000000000800210c                USART3_IRQHandler
                0x000000000800210c                UART5_IRQHandler
                0x000000000800210c                ADC3_IRQHandler
                0x000000000800210c                TIM4_IRQHandler
                0x000000000800210c                CAN_RX1_IRQHandler
                0x000000000800210c                I2C1_EV_IRQHandler
                0x000000000800210c                DMA1_Channel6_IRQHandler
                0x000000000800210c                UART4_IRQHandler
                0x000000000800210c                DMA2_Channel4_IRQHandler
                0x000000000800210c                RCC_IRQHandler
                0x000000000800210c                TIM20_UP_IRQHandler
                0x000000000800210c                DMA1_Channel1_IRQHandler
                0x000000000800210c                Default_Handler
                0x000000000800210c                USBWakeUp_RMP_IRQHandler
                0x000000000800210c                EXTI15_10_IRQHandler
                0x000000000800210c                TIM7_IRQHandler
                0x000000000800210c                I2C3_EV_IRQHandler
                0x000000000800210c                EXTI9_5_IRQHandler
                0x000000000800210c                RTC_WKUP_IRQHandler
                0x000000000800210c                SPI2_IRQHandler
                0x000000000800210c                USB_LP_CAN_RX0_IRQHandler
                0x000000000800210c                DMA2_Channel5_IRQHandler
                0x000000000800210c                DMA1_Channel5_IRQHandler
                0x000000000800210c                USB_LP_IRQHandler
                0x000000000800210c                EXTI4_IRQHandler
                0x000000000800210c                TIM1_TRG_COM_TIM17_IRQHandler
                0x000000000800210c                DMA1_Channel3_IRQHandler
                0x000000000800210c                ADC4_IRQHandler
                0x000000000800210c                WWDG_IRQHandler
                0x000000000800210c                COMP7_IRQHandler
                0x000000000800210c                COMP1_2_3_IRQHandler
                0x000000000800210c                EXTI1_IRQHandler
                0x000000000800210c                USART2_IRQHandler
                0x000000000800210c                COMP4_5_6_IRQHandler
                0x000000000800210c                TIM20_BRK_IRQHandler
                0x000000000800210c                I2C2_ER_IRQHandler
                0x000000000800210c                DMA1_Channel2_IRQHandler
                0x000000000800210c                TIM8_BRK_IRQHandler
                0x000000000800210c                FLASH_IRQHandler
                0x000000000800210c                TIM20_CC_IRQHandler
                0x000000000800210c                USART1_IRQHandler
                0x000000000800210c                SPI3_IRQHandler
                0x000000000800210c                I2C1_ER_IRQHandler
                0x000000000800210c                FMC_IRQHandler
                0x000000000800210c                USBWakeUp_IRQHandler
                0x000000000800210c                DMA2_Channel3_IRQHandler
                0x000000000800210c                EXTI2_TSC_IRQHandler
 *fill*         0x000000000800210e        0x2 
 .text.HAL_Init
                0x0000000008002110       0x2c ./Drivers/STM32F3xx_HAL_Driver/Src/stm32f3xx_hal.o
                0x0000000008002110                HAL_Init
 .text.HAL_IncTick
                0x000000000800213c       0x28 ./Drivers/STM32F3xx_HAL_Driver/Src/stm32f3xx_hal.o
                0x000000000800213c                HAL_IncTick
 .text.HAL_GetTick
                0x0000000008002164       0x18 ./Drivers/STM32F3xx_HAL_Driver/Src/stm32f3xx_hal.o
                0x0000000008002164                HAL_GetTick
 .text.HAL_ADC_ConvCpltCallback
                0x000000000800217c       0x14 ./Drivers/STM32F3xx_HAL_Driver/Src/stm32f3xx_hal_adc.o
                0x000000000800217c                HAL_ADC_ConvCpltCallback
 .text.HAL_ADC_LevelOutOfWindowCallback
                0x0000000008002190       0x14 ./Drivers/STM32F3xx_HAL_Driver/Src/stm32f3xx_hal_adc.o
                0x0000000008002190                HAL_ADC_LevelOutOfWindowCallback
 .text.HAL_ADC_ErrorCallback
                0x00000000080021a4       0x14 ./Drivers/STM32F3xx_HAL_Driver/Src/stm32f3xx_hal_adc.o
                0x00000000080021a4                HAL_ADC_ErrorCallback
 .text.HAL_ADC_Init
                0x00000000080021b8      0x3f4 ./Drivers/STM32F3xx_HAL_Driver/Src/stm32f3xx_hal_adc_ex.o
                0x00000000080021b8                HAL_ADC_Init
 .text.HAL_ADC_Start
                0x00000000080025ac      0x22c ./Drivers/STM32F3xx_HAL_Driver/Src/stm32f3xx_hal_adc_ex.o
                0x00000000080025ac                HAL_ADC_Start
 .text.HAL_ADC_GetValue
                0x00000000080027d8       0x1a ./Drivers/STM32F3xx_HAL_Driver/Src/stm32f3xx_hal_adc_ex.o
                0x00000000080027d8                HAL_ADC_GetValue
 *fill*         0x00000000080027f2        0x2 
 .text.HAL_ADC_IRQHandler
                0x00000000080027f4      0x5cc ./Drivers/STM32F3xx_HAL_Driver/Src/stm32f3xx_hal_adc_ex.o
                0x00000000080027f4                HAL_ADC_IRQHandler
 .text.HAL_ADCEx_InjectedConvCpltCallback
                0x0000000008002dc0       0x14 ./Drivers/STM32F3xx_HAL_Driver/Src/stm32f3xx_hal_adc_ex.o
                0x0000000008002dc0                HAL_ADCEx_InjectedConvCpltCallback
 .text.HAL_ADCEx_InjectedQueueOverflowCallback
                0x0000000008002dd4       0x14 ./Drivers/STM32F3xx_HAL_Driver/Src/stm32f3xx_hal_adc_ex.o
                0x0000000008002dd4                HAL_ADCEx_InjectedQueueOverflowCallback
 .text.HAL_ADCEx_LevelOutOfWindow2Callback
                0x0000000008002de8       0x14 ./Drivers/STM32F3xx_HAL_Driver/Src/stm32f3xx_hal_adc_ex.o
                0x0000000008002de8                HAL_ADCEx_LevelOutOfWindow2Callback
 .text.HAL_ADCEx_LevelOutOfWindow3Callback
                0x0000000008002dfc       0x14 ./Drivers/STM32F3xx_HAL_Driver/Src/stm32f3xx_hal_adc_ex.o
                0x0000000008002dfc                HAL_ADCEx_LevelOutOfWindow3Callback
 .text.HAL_ADC_ConfigChannel
                0x0000000008002e10      0x5d4 ./Drivers/STM32F3xx_HAL_Driver/Src/stm32f3xx_hal_adc_ex.o
                0x0000000008002e10                HAL_ADC_ConfigChannel
 .text.ADC_Enable
                0x00000000080033e4       0xc8 ./Drivers/STM32F3xx_HAL_Driver/Src/stm32f3xx_hal_adc_ex.o
 .text.ADC_Disable
                0x00000000080034ac       0xcc ./Drivers/STM32F3xx_HAL_Driver/Src/stm32f3xx_hal_adc_ex.o
 .text.HAL_CAN_Init
                0x0000000008003578      0x1f6 ./Drivers/STM32F3xx_HAL_Driver/Src/stm32f3xx_hal_can.o
                0x0000000008003578                HAL_CAN_Init
 *fill*         0x000000000800376e        0x2 
 .text.__NVIC_SetPriorityGrouping
                0x0000000008003770       0x48 ./Drivers/STM32F3xx_HAL_Driver/Src/stm32f3xx_hal_cortex.o
 .text.__NVIC_GetPriorityGrouping
                0x00000000080037b8       0x1c ./Drivers/STM32F3xx_HAL_Driver/Src/stm32f3xx_hal_cortex.o
 .text.__NVIC_EnableIRQ
                0x00000000080037d4       0x3c ./Drivers/STM32F3xx_HAL_Driver/Src/stm32f3xx_hal_cortex.o
 .text.__NVIC_SetPriority
                0x0000000008003810       0x54 ./Drivers/STM32F3xx_HAL_Driver/Src/stm32f3xx_hal_cortex.o
 .text.NVIC_EncodePriority
                0x0000000008003864       0x66 ./Drivers/STM32F3xx_HAL_Driver/Src/stm32f3xx_hal_cortex.o
 .text.HAL_NVIC_SetPriorityGrouping
                0x00000000080038ca       0x16 ./Drivers/STM32F3xx_HAL_Driver/Src/stm32f3xx_hal_cortex.o
                0x00000000080038ca                HAL_NVIC_SetPriorityGrouping
 .text.HAL_NVIC_SetPriority
                0x00000000080038e0       0x38 ./Drivers/STM32F3xx_HAL_Driver/Src/stm32f3xx_hal_cortex.o
                0x00000000080038e0                HAL_NVIC_SetPriority
 .text.HAL_NVIC_EnableIRQ
                0x0000000008003918       0x1c ./Drivers/STM32F3xx_HAL_Driver/Src/stm32f3xx_hal_cortex.o
                0x0000000008003918                HAL_NVIC_EnableIRQ
 .text.HAL_DMA_Init
                0x0000000008003934       0x8e ./Drivers/STM32F3xx_HAL_Driver/Src/stm32f3xx_hal_dma.o
                0x0000000008003934                HAL_DMA_Init
 .text.HAL_DMA_IRQHandler
                0x00000000080039c2      0x146 ./Drivers/STM32F3xx_HAL_Driver/Src/stm32f3xx_hal_dma.o
                0x00000000080039c2                HAL_DMA_IRQHandler
 .text.DMA_CalcBaseAndBitshift
                0x0000000008003b08       0x78 ./Drivers/STM32F3xx_HAL_Driver/Src/stm32f3xx_hal_dma.o
 .text.HAL_GPIO_Init
                0x0000000008003b80      0x314 ./Drivers/STM32F3xx_HAL_Driver/Src/stm32f3xx_hal_gpio.o
                0x0000000008003b80                HAL_GPIO_Init
 .text.HAL_GPIO_ReadPin
                0x0000000008003e94       0x30 ./Drivers/STM32F3xx_HAL_Driver/Src/stm32f3xx_hal_gpio.o
                0x0000000008003e94                HAL_GPIO_ReadPin
 .text.HAL_GPIO_WritePin
                0x0000000008003ec4       0x30 ./Drivers/STM32F3xx_HAL_Driver/Src/stm32f3xx_hal_gpio.o
                0x0000000008003ec4                HAL_GPIO_WritePin
 .text.HAL_GPIO_TogglePin
                0x0000000008003ef4       0x34 ./Drivers/STM32F3xx_HAL_Driver/Src/stm32f3xx_hal_gpio.o
                0x0000000008003ef4                HAL_GPIO_TogglePin
 .text.HAL_RCC_OscConfig
                0x0000000008003f28     0x10a8 ./Drivers/STM32F3xx_HAL_Driver/Src/stm32f3xx_hal_rcc.o
                0x0000000008003f28                HAL_RCC_OscConfig
 .text.HAL_RCC_ClockConfig
                0x0000000008004fd0      0x2f8 ./Drivers/STM32F3xx_HAL_Driver/Src/stm32f3xx_hal_rcc.o
                0x0000000008004fd0                HAL_RCC_ClockConfig
 .text.HAL_RCC_GetSysClockFreq
                0x00000000080052c8       0xd4 ./Drivers/STM32F3xx_HAL_Driver/Src/stm32f3xx_hal_rcc.o
                0x00000000080052c8                HAL_RCC_GetSysClockFreq
 .text.HAL_RCC_GetHCLKFreq
                0x000000000800539c       0x18 ./Drivers/STM32F3xx_HAL_Driver/Src/stm32f3xx_hal_rcc.o
                0x000000000800539c                HAL_RCC_GetHCLKFreq
 .text.HAL_RCC_GetPCLK1Freq
                0x00000000080053b4       0x44 ./Drivers/STM32F3xx_HAL_Driver/Src/stm32f3xx_hal_rcc.o
                0x00000000080053b4                HAL_RCC_GetPCLK1Freq
 .text.HAL_RCC_GetPCLK2Freq
                0x00000000080053f8       0x44 ./Drivers/STM32F3xx_HAL_Driver/Src/stm32f3xx_hal_rcc.o
                0x00000000080053f8                HAL_RCC_GetPCLK2Freq
 .text.HAL_RCC_GetClockConfig
                0x000000000800543c       0x64 ./Drivers/STM32F3xx_HAL_Driver/Src/stm32f3xx_hal_rcc.o
                0x000000000800543c                HAL_RCC_GetClockConfig
 .text.HAL_RCCEx_PeriphCLKConfig
                0x00000000080054a0      0x43c ./Drivers/STM32F3xx_HAL_Driver/Src/stm32f3xx_hal_rcc_ex.o
                0x00000000080054a0                HAL_RCCEx_PeriphCLKConfig
 .text.HAL_SPI_Init
                0x00000000080058dc      0x156 ./Drivers/STM32F3xx_HAL_Driver/Src/stm32f3xx_hal_spi.o
                0x00000000080058dc                HAL_SPI_Init
 .text.HAL_SPI_Transmit
                0x0000000008005a32      0x2ea ./Drivers/STM32F3xx_HAL_Driver/Src/stm32f3xx_hal_spi.o
                0x0000000008005a32                HAL_SPI_Transmit
 .text.HAL_SPI_Receive
                0x0000000008005d1c      0x26e ./Drivers/STM32F3xx_HAL_Driver/Src/stm32f3xx_hal_spi.o
                0x0000000008005d1c                HAL_SPI_Receive
 .text.HAL_SPI_TransmitReceive
                0x0000000008005f8a      0x444 ./Drivers/STM32F3xx_HAL_Driver/Src/stm32f3xx_hal_spi.o
                0x0000000008005f8a                HAL_SPI_TransmitReceive
 .text.HAL_SPI_GetState
                0x00000000080063ce       0x1c ./Drivers/STM32F3xx_HAL_Driver/Src/stm32f3xx_hal_spi.o
                0x00000000080063ce                HAL_SPI_GetState
 *fill*         0x00000000080063ea        0x2 
 .text.SPI_WaitFlagStateUntilTimeout
                0x00000000080063ec      0x110 ./Drivers/STM32F3xx_HAL_Driver/Src/stm32f3xx_hal_spi.o
 .text.SPI_WaitFifoStateUntilTimeout
                0x00000000080064fc      0x12c ./Drivers/STM32F3xx_HAL_Driver/Src/stm32f3xx_hal_spi.o
 .text.SPI_EndRxTransaction
                0x0000000008006628       0xb0 ./Drivers/STM32F3xx_HAL_Driver/Src/stm32f3xx_hal_spi.o
 .text.SPI_EndRxTxTransaction
                0x00000000080066d8       0x8c ./Drivers/STM32F3xx_HAL_Driver/Src/stm32f3xx_hal_spi.o
 .text.HAL_TIM_Base_Init
                0x0000000008006764       0xae ./Drivers/STM32F3xx_HAL_Driver/Src/stm32f3xx_hal_tim.o
                0x0000000008006764                HAL_TIM_Base_Init
 *fill*         0x0000000008006812        0x2 
 .text.HAL_TIM_Base_Start_IT
                0x0000000008006814       0xe0 ./Drivers/STM32F3xx_HAL_Driver/Src/stm32f3xx_hal_tim.o
                0x0000000008006814                HAL_TIM_Base_Start_IT
 .text.HAL_TIM_PWM_Init
                0x00000000080068f4       0xae ./Drivers/STM32F3xx_HAL_Driver/Src/stm32f3xx_hal_tim.o
                0x00000000080068f4                HAL_TIM_PWM_Init
 .text.HAL_TIM_PWM_MspInit
                0x00000000080069a2       0x14 ./Drivers/STM32F3xx_HAL_Driver/Src/stm32f3xx_hal_tim.o
                0x00000000080069a2                HAL_TIM_PWM_MspInit
 *fill*         0x00000000080069b6        0x2 
 .text.HAL_TIM_PWM_Start
                0x00000000080069b8      0x218 ./Drivers/STM32F3xx_HAL_Driver/Src/stm32f3xx_hal_tim.o
                0x00000000080069b8                HAL_TIM_PWM_Start
 .text.HAL_TIM_IRQHandler
                0x0000000008006bd0      0x23e ./Drivers/STM32F3xx_HAL_Driver/Src/stm32f3xx_hal_tim.o
                0x0000000008006bd0                HAL_TIM_IRQHandler
 *fill*         0x0000000008006e0e        0x2 
 .text.HAL_TIM_PWM_ConfigChannel
                0x0000000008006e10      0x228 ./Drivers/STM32F3xx_HAL_Driver/Src/stm32f3xx_hal_tim.o
                0x0000000008006e10                HAL_TIM_PWM_ConfigChannel
 .text.HAL_TIM_ConfigClockSource
                0x0000000008007038      0x192 ./Drivers/STM32F3xx_HAL_Driver/Src/stm32f3xx_hal_tim.o
                0x0000000008007038                HAL_TIM_ConfigClockSource
 .text.HAL_TIM_OC_DelayElapsedCallback
                0x00000000080071ca       0x14 ./Drivers/STM32F3xx_HAL_Driver/Src/stm32f3xx_hal_tim.o
                0x00000000080071ca                HAL_TIM_OC_DelayElapsedCallback
 .text.HAL_TIM_IC_CaptureCallback
                0x00000000080071de       0x14 ./Drivers/STM32F3xx_HAL_Driver/Src/stm32f3xx_hal_tim.o
                0x00000000080071de                HAL_TIM_IC_CaptureCallback
 .text.HAL_TIM_PWM_PulseFinishedCallback
                0x00000000080071f2       0x14 ./Drivers/STM32F3xx_HAL_Driver/Src/stm32f3xx_hal_tim.o
                0x00000000080071f2                HAL_TIM_PWM_PulseFinishedCallback
 .text.HAL_TIM_TriggerCallback
                0x0000000008007206       0x14 ./Drivers/STM32F3xx_HAL_Driver/Src/stm32f3xx_hal_tim.o
                0x0000000008007206                HAL_TIM_TriggerCallback
 *fill*         0x000000000800721a        0x2 
 .text.TIM_Base_SetConfig
                0x000000000800721c      0x13c ./Drivers/STM32F3xx_HAL_Driver/Src/stm32f3xx_hal_tim.o
                0x000000000800721c                TIM_Base_SetConfig
 .text.TIM_OC1_SetConfig
                0x0000000008007358      0x134 ./Drivers/STM32F3xx_HAL_Driver/Src/stm32f3xx_hal_tim.o
 .text.TIM_OC2_SetConfig
                0x000000000800748c      0x128 ./Drivers/STM32F3xx_HAL_Driver/Src/stm32f3xx_hal_tim.o
                0x000000000800748c                TIM_OC2_SetConfig
 .text.TIM_OC3_SetConfig
                0x00000000080075b4      0x124 ./Drivers/STM32F3xx_HAL_Driver/Src/stm32f3xx_hal_tim.o
 .text.TIM_OC4_SetConfig
                0x00000000080076d8       0xe0 ./Drivers/STM32F3xx_HAL_Driver/Src/stm32f3xx_hal_tim.o
 .text.TIM_OC5_SetConfig
                0x00000000080077b8       0xd4 ./Drivers/STM32F3xx_HAL_Driver/Src/stm32f3xx_hal_tim.o
 .text.TIM_OC6_SetConfig
                0x000000000800788c       0xd8 ./Drivers/STM32F3xx_HAL_Driver/Src/stm32f3xx_hal_tim.o
 .text.TIM_TI1_ConfigInputStage
                0x0000000008007964       0x5e ./Drivers/STM32F3xx_HAL_Driver/Src/stm32f3xx_hal_tim.o
 .text.TIM_TI2_ConfigInputStage
                0x00000000080079c2       0x60 ./Drivers/STM32F3xx_HAL_Driver/Src/stm32f3xx_hal_tim.o
 .text.TIM_ITRx_SetConfig
                0x0000000008007a22       0x36 ./Drivers/STM32F3xx_HAL_Driver/Src/stm32f3xx_hal_tim.o
 .text.TIM_ETR_SetConfig
                0x0000000008007a58       0x40 ./Drivers/STM32F3xx_HAL_Driver/Src/stm32f3xx_hal_tim.o
                0x0000000008007a58                TIM_ETR_SetConfig
 .text.TIM_CCxChannelCmd
                0x0000000008007a98       0x4a ./Drivers/STM32F3xx_HAL_Driver/Src/stm32f3xx_hal_tim.o
                0x0000000008007a98                TIM_CCxChannelCmd
 *fill*         0x0000000008007ae2        0x2 
 .text.HAL_TIMEx_MasterConfigSynchronization
                0x0000000008007ae4      0x118 ./Drivers/STM32F3xx_HAL_Driver/Src/stm32f3xx_hal_tim_ex.o
                0x0000000008007ae4                HAL_TIMEx_MasterConfigSynchronization
 .text.HAL_TIMEx_ConfigBreakDeadTime
                0x0000000008007bfc      0x10c ./Drivers/STM32F3xx_HAL_Driver/Src/stm32f3xx_hal_tim_ex.o
                0x0000000008007bfc                HAL_TIMEx_ConfigBreakDeadTime
 .text.HAL_TIMEx_CommutCallback
                0x0000000008007d08       0x14 ./Drivers/STM32F3xx_HAL_Driver/Src/stm32f3xx_hal_tim_ex.o
                0x0000000008007d08                HAL_TIMEx_CommutCallback
 .text.HAL_TIMEx_BreakCallback
                0x0000000008007d1c       0x14 ./Drivers/STM32F3xx_HAL_Driver/Src/stm32f3xx_hal_tim_ex.o
                0x0000000008007d1c                HAL_TIMEx_BreakCallback
 .text.HAL_TIMEx_Break2Callback
                0x0000000008007d30       0x14 ./Drivers/STM32F3xx_HAL_Driver/Src/stm32f3xx_hal_tim_ex.o
                0x0000000008007d30                HAL_TIMEx_Break2Callback
 .text.HAL_UART_Init
                0x0000000008007d44       0x9c ./Drivers/STM32F3xx_HAL_Driver/Src/stm32f3xx_hal_uart.o
                0x0000000008007d44                HAL_UART_Init
 .text.UART_SetConfig
                0x0000000008007de0      0x3a8 ./Drivers/STM32F3xx_HAL_Driver/Src/stm32f3xx_hal_uart.o
                0x0000000008007de0                UART_SetConfig
 .text.UART_AdvFeatureConfig
                0x0000000008008188      0x144 ./Drivers/STM32F3xx_HAL_Driver/Src/stm32f3xx_hal_uart.o
                0x0000000008008188                UART_AdvFeatureConfig
 .text.UART_CheckIdleState
                0x00000000080082cc      0x150 ./Drivers/STM32F3xx_HAL_Driver/Src/stm32f3xx_hal_uart.o
                0x00000000080082cc                UART_CheckIdleState
 .text.UART_WaitOnFlagUntilTimeout
                0x000000000800841c       0xce ./Drivers/STM32F3xx_HAL_Driver/Src/stm32f3xx_hal_uart.o
                0x000000000800841c                UART_WaitOnFlagUntilTimeout
 .text.UART_EndRxTransfer
                0x00000000080084ea       0xc8 ./Drivers/STM32F3xx_HAL_Driver/Src/stm32f3xx_hal_uart.o
 .text.makeFreeRtosPriority
                0x00000000080085b2       0x30 ./Middlewares/Third_Party/FreeRTOS/Source/CMSIS_RTOS/cmsis_os.o
 .text.osKernelStart
                0x00000000080085e2        0xe ./Middlewares/Third_Party/FreeRTOS/Source/CMSIS_RTOS/cmsis_os.o
                0x00000000080085e2                osKernelStart
 .text.osThreadCreate
                0x00000000080085f0       0x98 ./Middlewares/Third_Party/FreeRTOS/Source/CMSIS_RTOS/cmsis_os.o
                0x00000000080085f0                osThreadCreate
 .text.osDelay  0x0000000008008688       0x28 ./Middlewares/Third_Party/FreeRTOS/Source/CMSIS_RTOS/cmsis_os.o
                0x0000000008008688                osDelay
 .text.vListInitialise
                0x00000000080086b0       0x40 ./Middlewares/Third_Party/FreeRTOS/Source/list.o
                0x00000000080086b0                vListInitialise
 .text.vListInitialiseItem
                0x00000000080086f0       0x1a ./Middlewares/Third_Party/FreeRTOS/Source/list.o
                0x00000000080086f0                vListInitialiseItem
 .text.vListInsertEnd
                0x000000000800870a       0x48 ./Middlewares/Third_Party/FreeRTOS/Source/list.o
                0x000000000800870a                vListInsertEnd
 .text.vListInsert
                0x0000000008008752       0x72 ./Middlewares/Third_Party/FreeRTOS/Source/list.o
                0x0000000008008752                vListInsert
 .text.uxListRemove
                0x00000000080087c4       0x54 ./Middlewares/Third_Party/FreeRTOS/Source/list.o
                0x00000000080087c4                uxListRemove
 .text.xTaskCreateStatic
                0x0000000008008818       0xb8 ./Middlewares/Third_Party/FreeRTOS/Source/tasks.o
                0x0000000008008818                xTaskCreateStatic
 .text.xTaskCreate
                0x00000000080088d0       0x8a ./Middlewares/Third_Party/FreeRTOS/Source/tasks.o
                0x00000000080088d0                xTaskCreate
 *fill*         0x000000000800895a        0x2 
 .text.prvInitialiseNewTask
                0x000000000800895c      0x12c ./Middlewares/Third_Party/FreeRTOS/Source/tasks.o
 .text.prvAddNewTaskToReadyList
                0x0000000008008a88       0xd4 ./Middlewares/Third_Party/FreeRTOS/Source/tasks.o
 .text.vTaskDelay
                0x0000000008008b5c       0x68 ./Middlewares/Third_Party/FreeRTOS/Source/tasks.o
                0x0000000008008b5c                vTaskDelay
 .text.vTaskStartScheduler
                0x0000000008008bc4       0xd4 ./Middlewares/Third_Party/FreeRTOS/Source/tasks.o
                0x0000000008008bc4                vTaskStartScheduler
 .text.vTaskSuspendAll
                0x0000000008008c98       0x1c ./Middlewares/Third_Party/FreeRTOS/Source/tasks.o
                0x0000000008008c98                vTaskSuspendAll
 .text.xTaskResumeAll
                0x0000000008008cb4      0x138 ./Middlewares/Third_Party/FreeRTOS/Source/tasks.o
                0x0000000008008cb4                xTaskResumeAll
 .text.xTaskIncrementTick
                0x0000000008008dec      0x17c ./Middlewares/Third_Party/FreeRTOS/Source/tasks.o
                0x0000000008008dec                xTaskIncrementTick
 .text.vTaskSwitchContext
                0x0000000008008f68       0xc4 ./Middlewares/Third_Party/FreeRTOS/Source/tasks.o
                0x0000000008008f68                vTaskSwitchContext
 .text.prvIdleTask
                0x000000000800902c       0x30 ./Middlewares/Third_Party/FreeRTOS/Source/tasks.o
 .text.prvInitialiseTaskLists
                0x000000000800905c       0x80 ./Middlewares/Third_Party/FreeRTOS/Source/tasks.o
 .text.prvCheckTasksWaitingTermination
                0x00000000080090dc       0x5c ./Middlewares/Third_Party/FreeRTOS/Source/tasks.o
 .text.prvDeleteTCB
                0x0000000008009138       0x68 ./Middlewares/Third_Party/FreeRTOS/Source/tasks.o
 .text.prvResetNextTaskUnblockTime
                0x00000000080091a0       0x4c ./Middlewares/Third_Party/FreeRTOS/Source/tasks.o
 .text.prvAddCurrentTaskToDelayedList
                0x00000000080091ec       0xcc ./Middlewares/Third_Party/FreeRTOS/Source/tasks.o
 .text.pxPortInitialiseStack
                0x00000000080092b8       0x68 ./Middlewares/Third_Party/FreeRTOS/Source/portable/GCC/ARM_CM4F/port.o
                0x00000000080092b8                pxPortInitialiseStack
 .text.prvTaskExitError
                0x0000000008009320       0x58 ./Middlewares/Third_Party/FreeRTOS/Source/portable/GCC/ARM_CM4F/port.o
 *fill*         0x0000000008009378        0x8 
 .text.SVC_Handler
                0x0000000008009380       0x28 ./Middlewares/Third_Party/FreeRTOS/Source/portable/GCC/ARM_CM4F/port.o
                0x0000000008009380                SVC_Handler
 .text.prvPortStartFirstTask
                0x00000000080093a8       0x28 ./Middlewares/Third_Party/FreeRTOS/Source/portable/GCC/ARM_CM4F/port.o
 .text.xPortStartScheduler
                0x00000000080093d0      0x144 ./Middlewares/Third_Party/FreeRTOS/Source/portable/GCC/ARM_CM4F/port.o
                0x00000000080093d0                xPortStartScheduler
 .text.vPortEnterCritical
                0x0000000008009514       0x60 ./Middlewares/Third_Party/FreeRTOS/Source/portable/GCC/ARM_CM4F/port.o
                0x0000000008009514                vPortEnterCritical
 .text.vPortExitCritical
                0x0000000008009574       0x54 ./Middlewares/Third_Party/FreeRTOS/Source/portable/GCC/ARM_CM4F/port.o
                0x0000000008009574                vPortExitCritical
 *fill*         0x00000000080095c8        0x8 
 .text.PendSV_Handler
                0x00000000080095d0       0x68 ./Middlewares/Third_Party/FreeRTOS/Source/portable/GCC/ARM_CM4F/port.o
                0x00000000080095d0                PendSV_Handler
 .text.SysTick_Handler
                0x0000000008009638       0x44 ./Middlewares/Third_Party/FreeRTOS/Source/portable/GCC/ARM_CM4F/port.o
                0x0000000008009638                SysTick_Handler
 .text.vPortSetupTimerInterrupt
                0x000000000800967c       0x48 ./Middlewares/Third_Party/FreeRTOS/Source/portable/GCC/ARM_CM4F/port.o
                0x000000000800967c                vPortSetupTimerInterrupt
 .text.vPortEnableVFP
                0x00000000080096c4       0x14 ./Middlewares/Third_Party/FreeRTOS/Source/portable/GCC/ARM_CM4F/port.o
 .text.pvPortMalloc
                0x00000000080096d8      0x188 ./Middlewares/Third_Party/FreeRTOS/Source/portable/MemMang/heap_4.o
                0x00000000080096d8                pvPortMalloc
 .text.vPortFree
                0x0000000008009860       0xb4 ./Middlewares/Third_Party/FreeRTOS/Source/portable/MemMang/heap_4.o
                0x0000000008009860                vPortFree
 .text.prvHeapInit
                0x0000000008009914       0xc4 ./Middlewares/Third_Party/FreeRTOS/Source/portable/MemMang/heap_4.o
 .text.prvInsertBlockIntoFreeList
                0x00000000080099d8       0xb4 ./Middlewares/Third_Party/FreeRTOS/Source/portable/MemMang/heap_4.o
 .text.memset   0x0000000008009a8c       0x10 E:/stIDE/STM32CubeIDE_1.13.2/STM32CubeIDE/plugins/com.st.stm32cube.ide.mcu.externaltools.gnu-tools-for-stm32.11.3.rel1.win32_1.1.1.202309131626/tools/bin/../lib/gcc/arm-none-eabi/11.3.1/../../../../arm-none-eabi/lib/thumb/v7e-m+fp/hard\libc_nano.a(libc_a-memset.o)
                0x0000000008009a8c                memset
 .text._reclaim_reent
                0x0000000008009a9c       0xac E:/stIDE/STM32CubeIDE_1.13.2/STM32CubeIDE/plugins/com.st.stm32cube.ide.mcu.externaltools.gnu-tools-for-stm32.11.3.rel1.win32_1.1.1.202309131626/tools/bin/../lib/gcc/arm-none-eabi/11.3.1/../../../../arm-none-eabi/lib/thumb/v7e-m+fp/hard\libc_nano.a(libc_a-reent.o)
                0x0000000008009a9c                _reclaim_reent
 .text.__libc_init_array
                0x0000000008009b48       0x48 E:/stIDE/STM32CubeIDE_1.13.2/STM32CubeIDE/plugins/com.st.stm32cube.ide.mcu.externaltools.gnu-tools-for-stm32.11.3.rel1.win32_1.1.1.202309131626/tools/bin/../lib/gcc/arm-none-eabi/11.3.1/../../../../arm-none-eabi/lib/thumb/v7e-m+fp/hard\libc_nano.a(libc_a-init.o)
                0x0000000008009b48                __libc_init_array
 .text.__retarget_lock_acquire_recursive
                0x0000000008009b90        0x2 E:/stIDE/STM32CubeIDE_1.13.2/STM32CubeIDE/plugins/com.st.stm32cube.ide.mcu.externaltools.gnu-tools-for-stm32.11.3.rel1.win32_1.1.1.202309131626/tools/bin/../lib/gcc/arm-none-eabi/11.3.1/../../../../arm-none-eabi/lib/thumb/v7e-m+fp/hard\libc_nano.a(libc_a-lock.o)
                0x0000000008009b90                __retarget_lock_acquire_recursive
 .text.__retarget_lock_release_recursive
                0x0000000008009b92        0x2 E:/stIDE/STM32CubeIDE_1.13.2/STM32CubeIDE/plugins/com.st.stm32cube.ide.mcu.externaltools.gnu-tools-for-stm32.11.3.rel1.win32_1.1.1.202309131626/tools/bin/../lib/gcc/arm-none-eabi/11.3.1/../../../../arm-none-eabi/lib/thumb/v7e-m+fp/hard\libc_nano.a(libc_a-lock.o)
                0x0000000008009b92                __retarget_lock_release_recursive
 .text._free_r  0x0000000008009b94       0x98 E:/stIDE/STM32CubeIDE_1.13.2/STM32CubeIDE/plugins/com.st.stm32cube.ide.mcu.externaltools.gnu-tools-for-stm32.11.3.rel1.win32_1.1.1.202309131626/tools/bin/../lib/gcc/arm-none-eabi/11.3.1/../../../../arm-none-eabi/lib/thumb/v7e-m+fp/hard\libc_nano.a(libc_a-freer.o)
                0x0000000008009b94                _free_r
 .text.__malloc_lock
                0x0000000008009c2c        0xc E:/stIDE/STM32CubeIDE_1.13.2/STM32CubeIDE/plugins/com.st.stm32cube.ide.mcu.externaltools.gnu-tools-for-stm32.11.3.rel1.win32_1.1.1.202309131626/tools/bin/../lib/gcc/arm-none-eabi/11.3.1/../../../../arm-none-eabi/lib/thumb/v7e-m+fp/hard\libc_nano.a(libc_a-mlock.o)
                0x0000000008009c2c                __malloc_lock
 .text.__malloc_unlock
                0x0000000008009c38        0xc E:/stIDE/STM32CubeIDE_1.13.2/STM32CubeIDE/plugins/com.st.stm32cube.ide.mcu.externaltools.gnu-tools-for-stm32.11.3.rel1.win32_1.1.1.202309131626/tools/bin/../lib/gcc/arm-none-eabi/11.3.1/../../../../arm-none-eabi/lib/thumb/v7e-m+fp/hard\libc_nano.a(libc_a-mlock.o)
                0x0000000008009c38                __malloc_unlock
 *(.glue_7)
 .glue_7        0x0000000008009c44        0x0 linker stubs
 *(.glue_7t)
 .glue_7t       0x0000000008009c44        0x0 linker stubs
 *(.eh_frame)
 .eh_frame      0x0000000008009c44        0x0 E:/stIDE/STM32CubeIDE_1.13.2/STM32CubeIDE/plugins/com.st.stm32cube.ide.mcu.externaltools.gnu-tools-for-stm32.11.3.rel1.win32_1.1.1.202309131626/tools/bin/../lib/gcc/arm-none-eabi/11.3.1/thumb/v7e-m+fp/hard/crtbegin.o
 *(.init)
 .init          0x0000000008009c44        0x4 E:/stIDE/STM32CubeIDE_1.13.2/STM32CubeIDE/plugins/com.st.stm32cube.ide.mcu.externaltools.gnu-tools-for-stm32.11.3.rel1.win32_1.1.1.202309131626/tools/bin/../lib/gcc/arm-none-eabi/11.3.1/thumb/v7e-m+fp/hard/crti.o
                0x0000000008009c44                _init
 .init          0x0000000008009c48        0x8 E:/stIDE/STM32CubeIDE_1.13.2/STM32CubeIDE/plugins/com.st.stm32cube.ide.mcu.externaltools.gnu-tools-for-stm32.11.3.rel1.win32_1.1.1.202309131626/tools/bin/../lib/gcc/arm-none-eabi/11.3.1/thumb/v7e-m+fp/hard/crtn.o
 *(.fini)
 .fini          0x0000000008009c50        0x4 E:/stIDE/STM32CubeIDE_1.13.2/STM32CubeIDE/plugins/com.st.stm32cube.ide.mcu.externaltools.gnu-tools-for-stm32.11.3.rel1.win32_1.1.1.202309131626/tools/bin/../lib/gcc/arm-none-eabi/11.3.1/thumb/v7e-m+fp/hard/crti.o
                0x0000000008009c50                _fini
 .fini          0x0000000008009c54        0x8 E:/stIDE/STM32CubeIDE_1.13.2/STM32CubeIDE/plugins/com.st.stm32cube.ide.mcu.externaltools.gnu-tools-for-stm32.11.3.rel1.win32_1.1.1.202309131626/tools/bin/../lib/gcc/arm-none-eabi/11.3.1/thumb/v7e-m+fp/hard/crtn.o
                0x0000000008009c5c                . = ALIGN (0x4)
                0x0000000008009c5c                _etext = .

.vfp11_veneer   0x0000000008009c5c        0x0
 .vfp11_veneer  0x0000000008009c5c        0x0 linker stubs

.v4_bx          0x0000000008009c5c        0x0
 .v4_bx         0x0000000008009c5c        0x0 linker stubs

.iplt           0x0000000008009c5c        0x0
 .iplt          0x0000000008009c5c        0x0 E:/stIDE/STM32CubeIDE_1.13.2/STM32CubeIDE/plugins/com.st.stm32cube.ide.mcu.externaltools.gnu-tools-for-stm32.11.3.rel1.win32_1.1.1.202309131626/tools/bin/../lib/gcc/arm-none-eabi/11.3.1/thumb/v7e-m+fp/hard/crtbegin.o

.rodata         0x0000000008009c5c       0xe8
                0x0000000008009c5c                . = ALIGN (0x4)
 *(.rodata)
 .rodata        0x0000000008009c5c       0xa6 ./Core/Src/freertos.o
 *fill*         0x0000000008009d02        0x2 
 .rodata        0x0000000008009d04        0x5 ./Middlewares/Third_Party/FreeRTOS/Source/tasks.o
 *(.rodata*)
 *fill*         0x0000000008009d09        0x3 
 .rodata.AHBPrescTable
                0x0000000008009d0c       0x10 ./Core/Src/system_stm32f3xx.o
                0x0000000008009d0c                AHBPrescTable
 .rodata.APBPrescTable
                0x0000000008009d1c        0x8 ./Core/Src/system_stm32f3xx.o
                0x0000000008009d1c                APBPrescTable
 .rodata.aPLLMULFactorTable
                0x0000000008009d24       0x10 ./Drivers/STM32F3xx_HAL_Driver/Src/stm32f3xx_hal_rcc.o
 .rodata.aPredivFactorTable
                0x0000000008009d34       0x10 ./Drivers/STM32F3xx_HAL_Driver/Src/stm32f3xx_hal_rcc.o
                0x0000000008009d44                . = ALIGN (0x4)

.rel.dyn        0x0000000008009d44        0x0
 .rel.iplt      0x0000000008009d44        0x0 E:/stIDE/STM32CubeIDE_1.13.2/STM32CubeIDE/plugins/com.st.stm32cube.ide.mcu.externaltools.gnu-tools-for-stm32.11.3.rel1.win32_1.1.1.202309131626/tools/bin/../lib/gcc/arm-none-eabi/11.3.1/thumb/v7e-m+fp/hard/crtbegin.o

.ARM.extab      0x0000000008009d44        0x0
                0x0000000008009d44                . = ALIGN (0x4)
 *(.ARM.extab* .gnu.linkonce.armextab.*)
                0x0000000008009d44                . = ALIGN (0x4)

.ARM            0x0000000008009d44        0x0
                0x0000000008009d44                . = ALIGN (0x4)
                0x0000000008009d44                __exidx_start = .
 *(.ARM.exidx*)
                0x0000000008009d44                __exidx_end = .
                0x0000000008009d44                . = ALIGN (0x4)

.preinit_array  0x0000000008009d44        0x0
                0x0000000008009d44                . = ALIGN (0x4)
                0x0000000008009d44                PROVIDE (__preinit_array_start = .)
 *(.preinit_array*)
                0x0000000008009d44                PROVIDE (__preinit_array_end = .)
                0x0000000008009d44                . = ALIGN (0x4)

.init_array     0x0000000008009d44        0x4
                0x0000000008009d44                . = ALIGN (0x4)
                0x0000000008009d44                PROVIDE (__init_array_start = .)
 *(SORT_BY_NAME(.init_array.*))
 *(.init_array*)
 .init_array    0x0000000008009d44        0x4 E:/stIDE/STM32CubeIDE_1.13.2/STM32CubeIDE/plugins/com.st.stm32cube.ide.mcu.externaltools.gnu-tools-for-stm32.11.3.rel1.win32_1.1.1.202309131626/tools/bin/../lib/gcc/arm-none-eabi/11.3.1/thumb/v7e-m+fp/hard/crtbegin.o
                0x0000000008009d48                PROVIDE (__init_array_end = .)
                0x0000000008009d48                . = ALIGN (0x4)

.fini_array     0x0000000008009d48        0x4
                0x0000000008009d48                . = ALIGN (0x4)
                [!provide]                        PROVIDE (__fini_array_start = .)
 *(SORT_BY_NAME(.fini_array.*))
 *(.fini_array*)
 .fini_array    0x0000000008009d48        0x4 E:/stIDE/STM32CubeIDE_1.13.2/STM32CubeIDE/plugins/com.st.stm32cube.ide.mcu.externaltools.gnu-tools-for-stm32.11.3.rel1.win32_1.1.1.202309131626/tools/bin/../lib/gcc/arm-none-eabi/11.3.1/thumb/v7e-m+fp/hard/crtbegin.o
                [!provide]                        PROVIDE (__fini_array_end = .)
                0x0000000008009d4c                . = ALIGN (0x4)
                0x0000000008009d4c                _sidata = LOADADDR (.data)

.data           0x0000000020000000       0x60 load address 0x0000000008009d4c
                0x0000000020000000                . = ALIGN (0x4)
                0x0000000020000000                _sdata = .
 *(.data)
 *(.data*)
 .data.SystemCoreClock
                0x0000000020000000        0x4 ./Core/Src/system_stm32f3xx.o
                0x0000000020000000                SystemCoreClock
 .data.uwTickPrio
                0x0000000020000004        0x4 ./Drivers/STM32F3xx_HAL_Driver/Src/stm32f3xx_hal.o
                0x0000000020000004                uwTickPrio
 .data.uwTickFreq
                0x0000000020000008        0x1 ./Drivers/STM32F3xx_HAL_Driver/Src/stm32f3xx_hal.o
                0x0000000020000008                uwTickFreq
 *fill*         0x0000000020000009        0x3 
 .data.uxCriticalNesting
                0x000000002000000c        0x4 ./Middlewares/Third_Party/FreeRTOS/Source/portable/GCC/ARM_CM4F/port.o
 .data._impure_data
                0x0000000020000010       0x4c E:/stIDE/STM32CubeIDE_1.13.2/STM32CubeIDE/plugins/com.st.stm32cube.ide.mcu.externaltools.gnu-tools-for-stm32.11.3.rel1.win32_1.1.1.202309131626/tools/bin/../lib/gcc/arm-none-eabi/11.3.1/../../../../arm-none-eabi/lib/thumb/v7e-m+fp/hard\libc_nano.a(libc_a-impure.o)
                0x0000000020000010                _impure_data
 .data._impure_ptr
                0x000000002000005c        0x4 E:/stIDE/STM32CubeIDE_1.13.2/STM32CubeIDE/plugins/com.st.stm32cube.ide.mcu.externaltools.gnu-tools-for-stm32.11.3.rel1.win32_1.1.1.202309131626/tools/bin/../lib/gcc/arm-none-eabi/11.3.1/../../../../arm-none-eabi/lib/thumb/v7e-m+fp/hard\libc_nano.a(libc_a-impure.o)
                0x000000002000005c                _impure_ptr
 *(.RamFunc)
 *(.RamFunc*)
                0x0000000020000060                . = ALIGN (0x4)
                0x0000000020000060                _edata = .
                0x0000000008009dac                _siccmram = LOADADDR (.ccmram)

.igot.plt       0x0000000020000060        0x0 load address 0x0000000008009dac
 .igot.plt      0x0000000020000060        0x0 E:/stIDE/STM32CubeIDE_1.13.2/STM32CubeIDE/plugins/com.st.stm32cube.ide.mcu.externaltools.gnu-tools-for-stm32.11.3.rel1.win32_1.1.1.202309131626/tools/bin/../lib/gcc/arm-none-eabi/11.3.1/thumb/v7e-m+fp/hard/crtbegin.o

.ccmram         0x0000000010000000        0x0 load address 0x0000000008009dac
                0x0000000010000000                . = ALIGN (0x4)
                0x0000000010000000                _sccmram = .
 *(.ccmram)
 *(.ccmram*)
                0x0000000010000000                . = ALIGN (0x4)
                0x0000000010000000                _eccmram = .
                0x0000000010000000                . = ALIGN (0x4)

.bss            0x0000000020000060     0x16ac
                0x0000000020000060                _sbss = .
                0x0000000020000060                __bss_start__ = _sbss
 *(.bss)
 .bss           0x0000000020000060       0x1c E:/stIDE/STM32CubeIDE_1.13.2/STM32CubeIDE/plugins/com.st.stm32cube.ide.mcu.externaltools.gnu-tools-for-stm32.11.3.rel1.win32_1.1.1.202309131626/tools/bin/../lib/gcc/arm-none-eabi/11.3.1/thumb/v7e-m+fp/hard/crtbegin.o
 *(.bss*)
 .bss.xIdleTaskTCBBuffer
                0x000000002000007c       0xa0 ./Core/Src/freertos.o
 .bss.xIdleStack
                0x000000002000011c      0x200 ./Core/Src/freertos.o
 .bss.pxCurrentTCB
                0x000000002000031c        0x4 ./Middlewares/Third_Party/FreeRTOS/Source/tasks.o
                0x000000002000031c                pxCurrentTCB
 .bss.pxReadyTasksLists
                0x0000000020000320       0x8c ./Middlewares/Third_Party/FreeRTOS/Source/tasks.o
 .bss.xDelayedTaskList1
                0x00000000200003ac       0x14 ./Middlewares/Third_Party/FreeRTOS/Source/tasks.o
 .bss.xDelayedTaskList2
                0x00000000200003c0       0x14 ./Middlewares/Third_Party/FreeRTOS/Source/tasks.o
 .bss.pxDelayedTaskList
                0x00000000200003d4        0x4 ./Middlewares/Third_Party/FreeRTOS/Source/tasks.o
 .bss.pxOverflowDelayedTaskList
                0x00000000200003d8        0x4 ./Middlewares/Third_Party/FreeRTOS/Source/tasks.o
 .bss.xPendingReadyList
                0x00000000200003dc       0x14 ./Middlewares/Third_Party/FreeRTOS/Source/tasks.o
 .bss.xTasksWaitingTermination
                0x00000000200003f0       0x14 ./Middlewares/Third_Party/FreeRTOS/Source/tasks.o
 .bss.uxDeletedTasksWaitingCleanUp
                0x0000000020000404        0x4 ./Middlewares/Third_Party/FreeRTOS/Source/tasks.o
 .bss.xSuspendedTaskList
                0x0000000020000408       0x14 ./Middlewares/Third_Party/FreeRTOS/Source/tasks.o
 .bss.uxCurrentNumberOfTasks
                0x000000002000041c        0x4 ./Middlewares/Third_Party/FreeRTOS/Source/tasks.o
 .bss.xTickCount
                0x0000000020000420        0x4 ./Middlewares/Third_Party/FreeRTOS/Source/tasks.o
 .bss.uxTopReadyPriority
                0x0000000020000424        0x4 ./Middlewares/Third_Party/FreeRTOS/Source/tasks.o
 .bss.xSchedulerRunning
                0x0000000020000428        0x4 ./Middlewares/Third_Party/FreeRTOS/Source/tasks.o
 .bss.uxPendedTicks
                0x000000002000042c        0x4 ./Middlewares/Third_Party/FreeRTOS/Source/tasks.o
 .bss.xYieldPending
                0x0000000020000430        0x4 ./Middlewares/Third_Party/FreeRTOS/Source/tasks.o
 .bss.xNumOfOverflows
                0x0000000020000434        0x4 ./Middlewares/Third_Party/FreeRTOS/Source/tasks.o
 .bss.uxTaskNumber
                0x0000000020000438        0x4 ./Middlewares/Third_Party/FreeRTOS/Source/tasks.o
 .bss.xNextTaskUnblockTime
                0x000000002000043c        0x4 ./Middlewares/Third_Party/FreeRTOS/Source/tasks.o
 .bss.xIdleTaskHandle
                0x0000000020000440        0x4 ./Middlewares/Third_Party/FreeRTOS/Source/tasks.o
 .bss.uxSchedulerSuspended
                0x0000000020000444        0x4 ./Middlewares/Third_Party/FreeRTOS/Source/tasks.o
 .bss.ucMaxSysCallPriority
                0x0000000020000448        0x1 ./Middlewares/Third_Party/FreeRTOS/Source/portable/GCC/ARM_CM4F/port.o
 *fill*         0x0000000020000449        0x3 
 .bss.ulMaxPRIGROUPValue
                0x000000002000044c        0x4 ./Middlewares/Third_Party/FreeRTOS/Source/portable/GCC/ARM_CM4F/port.o
 .bss.ucHeap    0x0000000020000450      0xc00 ./Middlewares/Third_Party/FreeRTOS/Source/portable/MemMang/heap_4.o
 .bss.xStart    0x0000000020001050        0x8 ./Middlewares/Third_Party/FreeRTOS/Source/portable/MemMang/heap_4.o
 .bss.pxEnd     0x0000000020001058        0x4 ./Middlewares/Third_Party/FreeRTOS/Source/portable/MemMang/heap_4.o
 .bss.xFreeBytesRemaining
                0x000000002000105c        0x4 ./Middlewares/Third_Party/FreeRTOS/Source/portable/MemMang/heap_4.o
 .bss.xMinimumEverFreeBytesRemaining
                0x0000000020001060        0x4 ./Middlewares/Third_Party/FreeRTOS/Source/portable/MemMang/heap_4.o
 .bss.xBlockAllocatedBit
                0x0000000020001064        0x4 ./Middlewares/Third_Party/FreeRTOS/Source/portable/MemMang/heap_4.o
 .bss.__sf      0x0000000020001068      0x138 E:/stIDE/STM32CubeIDE_1.13.2/STM32CubeIDE/plugins/com.st.stm32cube.ide.mcu.externaltools.gnu-tools-for-stm32.11.3.rel1.win32_1.1.1.202309131626/tools/bin/../lib/gcc/arm-none-eabi/11.3.1/../../../../arm-none-eabi/lib/thumb/v7e-m+fp/hard\libc_nano.a(libc_a-findfp.o)
                0x0000000020001068                __sf
 .bss.__lock___malloc_recursive_mutex
                0x00000000200011a0        0x1 E:/stIDE/STM32CubeIDE_1.13.2/STM32CubeIDE/plugins/com.st.stm32cube.ide.mcu.externaltools.gnu-tools-for-stm32.11.3.rel1.win32_1.1.1.202309131626/tools/bin/../lib/gcc/arm-none-eabi/11.3.1/../../../../arm-none-eabi/lib/thumb/v7e-m+fp/hard\libc_nano.a(libc_a-lock.o)
                0x00000000200011a0                __lock___malloc_recursive_mutex
 *fill*         0x00000000200011a1        0x3 
 .bss.__malloc_free_list
                0x00000000200011a4        0x4 E:/stIDE/STM32CubeIDE_1.13.2/STM32CubeIDE/plugins/com.st.stm32cube.ide.mcu.externaltools.gnu-tools-for-stm32.11.3.rel1.win32_1.1.1.202309131626/tools/bin/../lib/gcc/arm-none-eabi/11.3.1/../../../../arm-none-eabi/lib/thumb/v7e-m+fp/hard\libc_nano.a(libc_a-mallocr.o)
                0x00000000200011a4                __malloc_free_list
 *(COMMON)
 COMMON         0x00000000200011a8        0xc ./Core/Src/CANSPI.o
                0x00000000200011a8                errorStatus
                0x00000000200011ac                ctrlStatus
                0x00000000200011b0                idReg
 COMMON         0x00000000200011b4      0x128 ./Core/Src/adc.o
                0x00000000200011b4                hdma_adc4
                0x00000000200011f8                hadc2
                0x0000000020001248                hadc4
                0x0000000020001298                hdma_adc2
 COMMON         0x00000000200012dc       0x28 ./Core/Src/can.o
                0x00000000200012dc                hcan
 COMMON         0x0000000020001304      0x10c ./Core/Src/freertos.o
                0x0000000020001304                pwm_A
                0x0000000020001308                voltage_mv
                0x000000002000130c                defaultTaskHandle
                0x0000000020001310                adc_dma_result
                0x0000000020001314                VOLTAGE_SCALING
                0x0000000020001318                current_ma
                0x000000002000131c                THROTTLE_LOW
                0x0000000020001320                hallToMotor
                0x0000000020001340                THROTTLE_HIGH
                0x0000000020001344                CURRENT_SCALING
                0x0000000020001348                HALL_IDENTIFY_DUTY_CYCLE
                0x000000002000134c                pwm_C
                0x0000000020001350                adcHandleHandle
                0x0000000020001354                canHandlerHandle
                0x0000000020001358                txMessage
                0x000000002000136c                FULL_SCALE_CURRENT_MA
                0x0000000020001370                F_PWM
                0x0000000020001374                adc_bias
                0x0000000020001378                adc_channel_count
                0x000000002000137c                adc_conv_complete_flag
                0x0000000020001380                pwm_B
                0x0000000020001384                pwmHandleHandle
                0x0000000020001388                rxMessage
                0x000000002000139c                DUTY_CYCLE_MAX
                0x00000000200013a0                duty_cycle
                0x00000000200013a4                adc_dma_result_buffer
                0x0000000020001408                HALL_OVERSAMPLE
                0x000000002000140c                throttle_pwm
 COMMON         0x0000000020001410       0x64 ./Core/Src/spi.o
                0x0000000020001410                hspi2
 COMMON         0x0000000020001474       0x4c ./Core/Src/stm32f3xx_hal_timebase_tim.o
                0x0000000020001474                htim1
 COMMON         0x00000000200014c0      0x17c ./Core/Src/tim.o
                0x00000000200014c0                htim4
                0x000000002000150c                htim15
                0x0000000020001558                htim3
                0x00000000200015a4                htim6
                0x00000000200015f0                htim2
 COMMON         0x000000002000163c       0xcc ./Core/Src/usart.o
                0x000000002000163c                hdma_usart2_tx
                0x0000000020001680                huart2
 COMMON         0x0000000020001708        0x4 ./Drivers/STM32F3xx_HAL_Driver/Src/stm32f3xx_hal.o
                0x0000000020001708                uwTick
                0x000000002000170c                . = ALIGN (0x4)
                0x000000002000170c                _ebss = .
                0x000000002000170c                __bss_end__ = _ebss

._user_heap_stack
                0x000000002000170c      0x604
                0x0000000020001710                . = ALIGN (0x8)
 *fill*         0x000000002000170c        0x4 
                [!provide]                        PROVIDE (end = .)
                0x0000000020001710                PROVIDE (_end = .)
                0x0000000020001910                . = (. + _Min_Heap_Size)
 *fill*         0x0000000020001710      0x200 
                0x0000000020001d10                . = (. + _Min_Stack_Size)
 *fill*         0x0000000020001910      0x400 
                0x0000000020001d10                . = ALIGN (0x8)

/DISCARD/
 libc.a(*)
 libm.a(*)
 libgcc.a(*)

.ARM.attributes
                0x0000000000000000       0x30
 *(.ARM.attributes)
 .ARM.attributes
                0x0000000000000000       0x1e E:/stIDE/STM32CubeIDE_1.13.2/STM32CubeIDE/plugins/com.st.stm32cube.ide.mcu.externaltools.gnu-tools-for-stm32.11.3.rel1.win32_1.1.1.202309131626/tools/bin/../lib/gcc/arm-none-eabi/11.3.1/thumb/v7e-m+fp/hard/crti.o
 .ARM.attributes
                0x000000000000001e       0x34 E:/stIDE/STM32CubeIDE_1.13.2/STM32CubeIDE/plugins/com.st.stm32cube.ide.mcu.externaltools.gnu-tools-for-stm32.11.3.rel1.win32_1.1.1.202309131626/tools/bin/../lib/gcc/arm-none-eabi/11.3.1/thumb/v7e-m+fp/hard/crtbegin.o
 .ARM.attributes
                0x0000000000000052       0x34 ./Core/Src/CANSPI.o
 .ARM.attributes
                0x0000000000000086       0x34 ./Core/Src/MCP2515.o
 .ARM.attributes
                0x00000000000000ba       0x34 ./Core/Src/adc.o
 .ARM.attributes
                0x00000000000000ee       0x34 ./Core/Src/can.o
 .ARM.attributes
                0x0000000000000122       0x34 ./Core/Src/dma.o
 .ARM.attributes
                0x0000000000000156       0x34 ./Core/Src/freertos.o
 .ARM.attributes
                0x000000000000018a       0x34 ./Core/Src/gpio.o
 .ARM.attributes
                0x00000000000001be       0x34 ./Core/Src/main.o
 .ARM.attributes
                0x00000000000001f2       0x34 ./Core/Src/spi.o
 .ARM.attributes
                0x0000000000000226       0x34 ./Core/Src/stm32f3xx_hal_msp.o
 .ARM.attributes
                0x000000000000025a       0x34 ./Core/Src/stm32f3xx_hal_timebase_tim.o
 .ARM.attributes
                0x000000000000028e       0x34 ./Core/Src/stm32f3xx_it.o
 .ARM.attributes
                0x00000000000002c2       0x34 ./Core/Src/system_stm32f3xx.o
 .ARM.attributes
                0x00000000000002f6       0x34 ./Core/Src/tim.o
 .ARM.attributes
                0x000000000000032a       0x34 ./Core/Src/usart.o
 .ARM.attributes
                0x000000000000035e       0x21 ./Core/Startup/startup_stm32f303retx.o
 .ARM.attributes
                0x000000000000037f       0x34 ./Drivers/STM32F3xx_HAL_Driver/Src/stm32f3xx_hal.o
 .ARM.attributes
                0x00000000000003b3       0x34 ./Drivers/STM32F3xx_HAL_Driver/Src/stm32f3xx_hal_adc.o
 .ARM.attributes
                0x00000000000003e7       0x34 ./Drivers/STM32F3xx_HAL_Driver/Src/stm32f3xx_hal_adc_ex.o
 .ARM.attributes
                0x000000000000041b       0x34 ./Drivers/STM32F3xx_HAL_Driver/Src/stm32f3xx_hal_can.o
 .ARM.attributes
                0x000000000000044f       0x34 ./Drivers/STM32F3xx_HAL_Driver/Src/stm32f3xx_hal_cortex.o
 .ARM.attributes
                0x0000000000000483       0x34 ./Drivers/STM32F3xx_HAL_Driver/Src/stm32f3xx_hal_dma.o
 .ARM.attributes
                0x00000000000004b7       0x34 ./Drivers/STM32F3xx_HAL_Driver/Src/stm32f3xx_hal_gpio.o
 .ARM.attributes
                0x00000000000004eb       0x34 ./Drivers/STM32F3xx_HAL_Driver/Src/stm32f3xx_hal_rcc.o
 .ARM.attributes
                0x000000000000051f       0x34 ./Drivers/STM32F3xx_HAL_Driver/Src/stm32f3xx_hal_rcc_ex.o
 .ARM.attributes
                0x0000000000000553       0x34 ./Drivers/STM32F3xx_HAL_Driver/Src/stm32f3xx_hal_spi.o
 .ARM.attributes
                0x0000000000000587       0x34 ./Drivers/STM32F3xx_HAL_Driver/Src/stm32f3xx_hal_tim.o
 .ARM.attributes
                0x00000000000005bb       0x34 ./Drivers/STM32F3xx_HAL_Driver/Src/stm32f3xx_hal_tim_ex.o
 .ARM.attributes
                0x00000000000005ef       0x34 ./Drivers/STM32F3xx_HAL_Driver/Src/stm32f3xx_hal_uart.o
 .ARM.attributes
                0x0000000000000623       0x34 ./Middlewares/Third_Party/FreeRTOS/Source/CMSIS_RTOS/cmsis_os.o
 .ARM.attributes
                0x0000000000000657       0x34 ./Middlewares/Third_Party/FreeRTOS/Source/list.o
 .ARM.attributes
                0x000000000000068b       0x34 ./Middlewares/Third_Party/FreeRTOS/Source/tasks.o
 .ARM.attributes
                0x00000000000006bf       0x34 ./Middlewares/Third_Party/FreeRTOS/Source/portable/GCC/ARM_CM4F/port.o
 .ARM.attributes
                0x00000000000006f3       0x34 ./Middlewares/Third_Party/FreeRTOS/Source/portable/MemMang/heap_4.o
 .ARM.attributes
                0x0000000000000727       0x34 E:/stIDE/STM32CubeIDE_1.13.2/STM32CubeIDE/plugins/com.st.stm32cube.ide.mcu.externaltools.gnu-tools-for-stm32.11.3.rel1.win32_1.1.1.202309131626/tools/bin/../lib/gcc/arm-none-eabi/11.3.1/../../../../arm-none-eabi/lib/thumb/v7e-m+fp/hard\libc_nano.a(libc_a-findfp.o)
 .ARM.attributes
                0x000000000000075b       0x34 E:/stIDE/STM32CubeIDE_1.13.2/STM32CubeIDE/plugins/com.st.stm32cube.ide.mcu.externaltools.gnu-tools-for-stm32.11.3.rel1.win32_1.1.1.202309131626/tools/bin/../lib/gcc/arm-none-eabi/11.3.1/../../../../arm-none-eabi/lib/thumb/v7e-m+fp/hard\libc_nano.a(libc_a-memset.o)
 .ARM.attributes
                0x000000000000078f       0x34 E:/stIDE/STM32CubeIDE_1.13.2/STM32CubeIDE/plugins/com.st.stm32cube.ide.mcu.externaltools.gnu-tools-for-stm32.11.3.rel1.win32_1.1.1.202309131626/tools/bin/../lib/gcc/arm-none-eabi/11.3.1/../../../../arm-none-eabi/lib/thumb/v7e-m+fp/hard\libc_nano.a(libc_a-reent.o)
 .ARM.attributes
                0x00000000000007c3       0x34 E:/stIDE/STM32CubeIDE_1.13.2/STM32CubeIDE/plugins/com.st.stm32cube.ide.mcu.externaltools.gnu-tools-for-stm32.11.3.rel1.win32_1.1.1.202309131626/tools/bin/../lib/gcc/arm-none-eabi/11.3.1/../../../../arm-none-eabi/lib/thumb/v7e-m+fp/hard\libc_nano.a(libc_a-impure.o)
 .ARM.attributes
                0x00000000000007f7       0x34 E:/stIDE/STM32CubeIDE_1.13.2/STM32CubeIDE/plugins/com.st.stm32cube.ide.mcu.externaltools.gnu-tools-for-stm32.11.3.rel1.win32_1.1.1.202309131626/tools/bin/../lib/gcc/arm-none-eabi/11.3.1/../../../../arm-none-eabi/lib/thumb/v7e-m+fp/hard\libc_nano.a(libc_a-init.o)
 .ARM.attributes
                0x000000000000082b       0x34 E:/stIDE/STM32CubeIDE_1.13.2/STM32CubeIDE/plugins/com.st.stm32cube.ide.mcu.externaltools.gnu-tools-for-stm32.11.3.rel1.win32_1.1.1.202309131626/tools/bin/../lib/gcc/arm-none-eabi/11.3.1/../../../../arm-none-eabi/lib/thumb/v7e-m+fp/hard\libc_nano.a(libc_a-lock.o)
 .ARM.attributes
                0x000000000000085f       0x34 E:/stIDE/STM32CubeIDE_1.13.2/STM32CubeIDE/plugins/com.st.stm32cube.ide.mcu.externaltools.gnu-tools-for-stm32.11.3.rel1.win32_1.1.1.202309131626/tools/bin/../lib/gcc/arm-none-eabi/11.3.1/../../../../arm-none-eabi/lib/thumb/v7e-m+fp/hard\libc_nano.a(libc_a-freer.o)
 .ARM.attributes
                0x0000000000000893       0x34 E:/stIDE/STM32CubeIDE_1.13.2/STM32CubeIDE/plugins/com.st.stm32cube.ide.mcu.externaltools.gnu-tools-for-stm32.11.3.rel1.win32_1.1.1.202309131626/tools/bin/../lib/gcc/arm-none-eabi/11.3.1/../../../../arm-none-eabi/lib/thumb/v7e-m+fp/hard\libc_nano.a(libc_a-mallocr.o)
 .ARM.attributes
                0x00000000000008c7       0x34 E:/stIDE/STM32CubeIDE_1.13.2/STM32CubeIDE/plugins/com.st.stm32cube.ide.mcu.externaltools.gnu-tools-for-stm32.11.3.rel1.win32_1.1.1.202309131626/tools/bin/../lib/gcc/arm-none-eabi/11.3.1/../../../../arm-none-eabi/lib/thumb/v7e-m+fp/hard\libc_nano.a(libc_a-mlock.o)
 .ARM.attributes
                0x00000000000008fb       0x1e E:/stIDE/STM32CubeIDE_1.13.2/STM32CubeIDE/plugins/com.st.stm32cube.ide.mcu.externaltools.gnu-tools-for-stm32.11.3.rel1.win32_1.1.1.202309131626/tools/bin/../lib/gcc/arm-none-eabi/11.3.1/thumb/v7e-m+fp/hard/crtn.o
OUTPUT(BLDC_RTOS_V1.elf elf32-littlearm)
LOAD linker stubs
LOAD E:/stIDE/STM32CubeIDE_1.13.2/STM32CubeIDE/plugins/com.st.stm32cube.ide.mcu.externaltools.gnu-tools-for-stm32.11.3.rel1.win32_1.1.1.202309131626/tools/bin/../lib/gcc/arm-none-eabi/11.3.1/../../../../arm-none-eabi/lib/thumb/v7e-m+fp/hard\libc.a
LOAD E:/stIDE/STM32CubeIDE_1.13.2/STM32CubeIDE/plugins/com.st.stm32cube.ide.mcu.externaltools.gnu-tools-for-stm32.11.3.rel1.win32_1.1.1.202309131626/tools/bin/../lib/gcc/arm-none-eabi/11.3.1/../../../../arm-none-eabi/lib/thumb/v7e-m+fp/hard\libm.a
LOAD E:/stIDE/STM32CubeIDE_1.13.2/STM32CubeIDE/plugins/com.st.stm32cube.ide.mcu.externaltools.gnu-tools-for-stm32.11.3.rel1.win32_1.1.1.202309131626/tools/bin/../lib/gcc/arm-none-eabi/11.3.1/thumb/v7e-m+fp/hard\libgcc.a

.comment        0x0000000000000000       0x43
 .comment       0x0000000000000000       0x43 E:/stIDE/STM32CubeIDE_1.13.2/STM32CubeIDE/plugins/com.st.stm32cube.ide.mcu.externaltools.gnu-tools-for-stm32.11.3.rel1.win32_1.1.1.202309131626/tools/bin/../lib/gcc/arm-none-eabi/11.3.1/thumb/v7e-m+fp/hard/crtbegin.o
                                         0x44 (size before relaxing)
 .comment       0x0000000000000043       0x44 ./Core/Src/CANSPI.o
 .comment       0x0000000000000043       0x44 ./Core/Src/MCP2515.o
 .comment       0x0000000000000043       0x44 ./Core/Src/adc.o
 .comment       0x0000000000000043       0x44 ./Core/Src/can.o
 .comment       0x0000000000000043       0x44 ./Core/Src/dma.o
 .comment       0x0000000000000043       0x44 ./Core/Src/freertos.o
 .comment       0x0000000000000043       0x44 ./Core/Src/gpio.o
 .comment       0x0000000000000043       0x44 ./Core/Src/main.o
 .comment       0x0000000000000043       0x44 ./Core/Src/spi.o
 .comment       0x0000000000000043       0x44 ./Core/Src/stm32f3xx_hal_msp.o
 .comment       0x0000000000000043       0x44 ./Core/Src/stm32f3xx_hal_timebase_tim.o
 .comment       0x0000000000000043       0x44 ./Core/Src/stm32f3xx_it.o
 .comment       0x0000000000000043       0x44 ./Core/Src/system_stm32f3xx.o
 .comment       0x0000000000000043       0x44 ./Core/Src/tim.o
 .comment       0x0000000000000043       0x44 ./Core/Src/usart.o
 .comment       0x0000000000000043       0x44 ./Drivers/STM32F3xx_HAL_Driver/Src/stm32f3xx_hal.o
 .comment       0x0000000000000043       0x44 ./Drivers/STM32F3xx_HAL_Driver/Src/stm32f3xx_hal_adc.o
 .comment       0x0000000000000043       0x44 ./Drivers/STM32F3xx_HAL_Driver/Src/stm32f3xx_hal_adc_ex.o
 .comment       0x0000000000000043       0x44 ./Drivers/STM32F3xx_HAL_Driver/Src/stm32f3xx_hal_can.o
 .comment       0x0000000000000043       0x44 ./Drivers/STM32F3xx_HAL_Driver/Src/stm32f3xx_hal_cortex.o
 .comment       0x0000000000000043       0x44 ./Drivers/STM32F3xx_HAL_Driver/Src/stm32f3xx_hal_dma.o
 .comment       0x0000000000000043       0x44 ./Drivers/STM32F3xx_HAL_Driver/Src/stm32f3xx_hal_gpio.o
 .comment       0x0000000000000043       0x44 ./Drivers/STM32F3xx_HAL_Driver/Src/stm32f3xx_hal_rcc.o
 .comment       0x0000000000000043       0x44 ./Drivers/STM32F3xx_HAL_Driver/Src/stm32f3xx_hal_rcc_ex.o
 .comment       0x0000000000000043       0x44 ./Drivers/STM32F3xx_HAL_Driver/Src/stm32f3xx_hal_spi.o
 .comment       0x0000000000000043       0x44 ./Drivers/STM32F3xx_HAL_Driver/Src/stm32f3xx_hal_tim.o
 .comment       0x0000000000000043       0x44 ./Drivers/STM32F3xx_HAL_Driver/Src/stm32f3xx_hal_tim_ex.o
 .comment       0x0000000000000043       0x44 ./Drivers/STM32F3xx_HAL_Driver/Src/stm32f3xx_hal_uart.o
 .comment       0x0000000000000043       0x44 ./Middlewares/Third_Party/FreeRTOS/Source/CMSIS_RTOS/cmsis_os.o
 .comment       0x0000000000000043       0x44 ./Middlewares/Third_Party/FreeRTOS/Source/list.o
 .comment       0x0000000000000043       0x44 ./Middlewares/Third_Party/FreeRTOS/Source/tasks.o
 .comment       0x0000000000000043       0x44 ./Middlewares/Third_Party/FreeRTOS/Source/portable/GCC/ARM_CM4F/port.o
 .comment       0x0000000000000043       0x44 ./Middlewares/Third_Party/FreeRTOS/Source/portable/MemMang/heap_4.o

.debug_info     0x0000000000000000    0x1e4e6
 .debug_info    0x0000000000000000      0xab4 ./Core/Src/CANSPI.o
 .debug_info    0x0000000000000ab4      0xa74 ./Core/Src/MCP2515.o
 .debug_info    0x0000000000001528      0xd0d ./Core/Src/adc.o
 .debug_info    0x0000000000002235      0x776 ./Core/Src/can.o
 .debug_info    0x00000000000029ab      0x3c6 ./Core/Src/dma.o
 .debug_info    0x0000000000002d71     0x1c69 ./Core/Src/freertos.o
 .debug_info    0x00000000000049da      0x33d ./Core/Src/gpio.o
 .debug_info    0x0000000000004d17      0xaea ./Core/Src/main.o
 .debug_info    0x0000000000005801      0x86d ./Core/Src/spi.o
 .debug_info    0x000000000000606e      0x3b7 ./Core/Src/stm32f3xx_hal_msp.o
 .debug_info    0x0000000000006425      0xac2 ./Core/Src/stm32f3xx_hal_timebase_tim.o
 .debug_info    0x0000000000006ee7      0xb24 ./Core/Src/stm32f3xx_it.o
 .debug_info    0x0000000000007a0b      0x407 ./Core/Src/system_stm32f3xx.o
 .debug_info    0x0000000000007e12     0x1046 ./Core/Src/tim.o
 .debug_info    0x0000000000008e58      0x95a ./Core/Src/usart.o
 .debug_info    0x00000000000097b2       0x23 ./Core/Startup/startup_stm32f303retx.o
 .debug_info    0x00000000000097d5      0x804 ./Drivers/STM32F3xx_HAL_Driver/Src/stm32f3xx_hal.o
 .debug_info    0x0000000000009fd9      0xb32 ./Drivers/STM32F3xx_HAL_Driver/Src/stm32f3xx_hal_adc.o
 .debug_info    0x000000000000ab0b     0x15b2 ./Drivers/STM32F3xx_HAL_Driver/Src/stm32f3xx_hal_adc_ex.o
 .debug_info    0x000000000000c0bd      0xf1b ./Drivers/STM32F3xx_HAL_Driver/Src/stm32f3xx_hal_can.o
 .debug_info    0x000000000000cfd8      0xcdf ./Drivers/STM32F3xx_HAL_Driver/Src/stm32f3xx_hal_cortex.o
 .debug_info    0x000000000000dcb7      0x6e1 ./Drivers/STM32F3xx_HAL_Driver/Src/stm32f3xx_hal_dma.o
 .debug_info    0x000000000000e398      0x6a6 ./Drivers/STM32F3xx_HAL_Driver/Src/stm32f3xx_hal_gpio.o
 .debug_info    0x000000000000ea3e     0x1501 ./Drivers/STM32F3xx_HAL_Driver/Src/stm32f3xx_hal_rcc.o
 .debug_info    0x000000000000ff3f      0x663 ./Drivers/STM32F3xx_HAL_Driver/Src/stm32f3xx_hal_rcc_ex.o
 .debug_info    0x00000000000105a2     0x1622 ./Drivers/STM32F3xx_HAL_Driver/Src/stm32f3xx_hal_spi.o
 .debug_info    0x0000000000011bc4     0x2a52 ./Drivers/STM32F3xx_HAL_Driver/Src/stm32f3xx_hal_tim.o
 .debug_info    0x0000000000014616     0x156d ./Drivers/STM32F3xx_HAL_Driver/Src/stm32f3xx_hal_tim_ex.o
 .debug_info    0x0000000000015b83     0x39a8 ./Drivers/STM32F3xx_HAL_Driver/Src/stm32f3xx_hal_uart.o
 .debug_info    0x000000000001952b     0x21be ./Middlewares/Third_Party/FreeRTOS/Source/CMSIS_RTOS/cmsis_os.o
 .debug_info    0x000000000001b6e9      0x2aa ./Middlewares/Third_Party/FreeRTOS/Source/list.o
 .debug_info    0x000000000001b993     0x22b2 ./Middlewares/Third_Party/FreeRTOS/Source/tasks.o
 .debug_info    0x000000000001dc45      0x4de ./Middlewares/Third_Party/FreeRTOS/Source/portable/GCC/ARM_CM4F/port.o
 .debug_info    0x000000000001e123      0x3c3 ./Middlewares/Third_Party/FreeRTOS/Source/portable/MemMang/heap_4.o

.debug_abbrev   0x0000000000000000     0x4893
 .debug_abbrev  0x0000000000000000      0x1f7 ./Core/Src/CANSPI.o
 .debug_abbrev  0x00000000000001f7      0x276 ./Core/Src/MCP2515.o
 .debug_abbrev  0x000000000000046d      0x226 ./Core/Src/adc.o
 .debug_abbrev  0x0000000000000693      0x210 ./Core/Src/can.o
 .debug_abbrev  0x00000000000008a3      0x109 ./Core/Src/dma.o
 .debug_abbrev  0x00000000000009ac      0x327 ./Core/Src/freertos.o
 .debug_abbrev  0x0000000000000cd3      0x151 ./Core/Src/gpio.o
 .debug_abbrev  0x0000000000000e24      0x226 ./Core/Src/main.o
 .debug_abbrev  0x000000000000104a      0x1f1 ./Core/Src/spi.o
 .debug_abbrev  0x000000000000123b      0x107 ./Core/Src/stm32f3xx_hal_msp.o
 .debug_abbrev  0x0000000000001342      0x1f4 ./Core/Src/stm32f3xx_hal_timebase_tim.o
 .debug_abbrev  0x0000000000001536      0x1c4 ./Core/Src/stm32f3xx_it.o
 .debug_abbrev  0x00000000000016fa      0x11a ./Core/Src/system_stm32f3xx.o
 .debug_abbrev  0x0000000000001814      0x243 ./Core/Src/tim.o
 .debug_abbrev  0x0000000000001a57      0x209 ./Core/Src/usart.o
 .debug_abbrev  0x0000000000001c60       0x12 ./Core/Startup/startup_stm32f303retx.o
 .debug_abbrev  0x0000000000001c72      0x215 ./Drivers/STM32F3xx_HAL_Driver/Src/stm32f3xx_hal.o
 .debug_abbrev  0x0000000000001e87      0x186 ./Drivers/STM32F3xx_HAL_Driver/Src/stm32f3xx_hal_adc.o
 .debug_abbrev  0x000000000000200d      0x28e ./Drivers/STM32F3xx_HAL_Driver/Src/stm32f3xx_hal_adc_ex.o
 .debug_abbrev  0x000000000000229b      0x242 ./Drivers/STM32F3xx_HAL_Driver/Src/stm32f3xx_hal_can.o
 .debug_abbrev  0x00000000000024dd      0x329 ./Drivers/STM32F3xx_HAL_Driver/Src/stm32f3xx_hal_cortex.o
 .debug_abbrev  0x0000000000002806      0x20d ./Drivers/STM32F3xx_HAL_Driver/Src/stm32f3xx_hal_dma.o
 .debug_abbrev  0x0000000000002a13      0x1ca ./Drivers/STM32F3xx_HAL_Driver/Src/stm32f3xx_hal_gpio.o
 .debug_abbrev  0x0000000000002bdd      0x300 ./Drivers/STM32F3xx_HAL_Driver/Src/stm32f3xx_hal_rcc.o
 .debug_abbrev  0x0000000000002edd      0x245 ./Drivers/STM32F3xx_HAL_Driver/Src/stm32f3xx_hal_rcc_ex.o
 .debug_abbrev  0x0000000000003122      0x269 ./Drivers/STM32F3xx_HAL_Driver/Src/stm32f3xx_hal_spi.o
 .debug_abbrev  0x000000000000338b      0x278 ./Drivers/STM32F3xx_HAL_Driver/Src/stm32f3xx_hal_tim.o
 .debug_abbrev  0x0000000000003603      0x283 ./Drivers/STM32F3xx_HAL_Driver/Src/stm32f3xx_hal_tim_ex.o
 .debug_abbrev  0x0000000000003886      0x2d1 ./Drivers/STM32F3xx_HAL_Driver/Src/stm32f3xx_hal_uart.o
 .debug_abbrev  0x0000000000003b57      0x416 ./Middlewares/Third_Party/FreeRTOS/Source/CMSIS_RTOS/cmsis_os.o
 .debug_abbrev  0x0000000000003f6d       0xf5 ./Middlewares/Third_Party/FreeRTOS/Source/list.o
 .debug_abbrev  0x0000000000004062      0x3d0 ./Middlewares/Third_Party/FreeRTOS/Source/tasks.o
 .debug_abbrev  0x0000000000004432      0x25c ./Middlewares/Third_Party/FreeRTOS/Source/portable/GCC/ARM_CM4F/port.o
 .debug_abbrev  0x000000000000468e      0x205 ./Middlewares/Third_Party/FreeRTOS/Source/portable/MemMang/heap_4.o

.debug_aranges  0x0000000000000000     0x1950
 .debug_aranges
                0x0000000000000000       0x70 ./Core/Src/CANSPI.o
 .debug_aranges
                0x0000000000000070       0xb0 ./Core/Src/MCP2515.o
 .debug_aranges
                0x0000000000000120       0x38 ./Core/Src/adc.o
 .debug_aranges
                0x0000000000000158       0x30 ./Core/Src/can.o
 .debug_aranges
                0x0000000000000188       0x20 ./Core/Src/dma.o
 .debug_aranges
                0x00000000000001a8       0x88 ./Core/Src/freertos.o
 .debug_aranges
                0x0000000000000230       0x20 ./Core/Src/gpio.o
 .debug_aranges
                0x0000000000000250       0x38 ./Core/Src/main.o
 .debug_aranges
                0x0000000000000288       0x30 ./Core/Src/spi.o
 .debug_aranges
                0x00000000000002b8       0x20 ./Core/Src/stm32f3xx_hal_msp.o
 .debug_aranges
                0x00000000000002d8       0x30 ./Core/Src/stm32f3xx_hal_timebase_tim.o
 .debug_aranges
                0x0000000000000308       0x88 ./Core/Src/stm32f3xx_it.o
 .debug_aranges
                0x0000000000000390       0x28 ./Core/Src/system_stm32f3xx.o
 .debug_aranges
                0x00000000000003b8       0x58 ./Core/Src/tim.o
 .debug_aranges
                0x0000000000000410       0x30 ./Core/Src/usart.o
 .debug_aranges
                0x0000000000000440       0x28 ./Core/Startup/startup_stm32f303retx.o
 .debug_aranges
                0x0000000000000468       0xe0 ./Drivers/STM32F3xx_HAL_Driver/Src/stm32f3xx_hal.o
 .debug_aranges
                0x0000000000000548       0xc8 ./Drivers/STM32F3xx_HAL_Driver/Src/stm32f3xx_hal_adc.o
 .debug_aranges
                0x0000000000000610      0x168 ./Drivers/STM32F3xx_HAL_Driver/Src/stm32f3xx_hal_adc_ex.o
 .debug_aranges
                0x0000000000000778      0x138 ./Drivers/STM32F3xx_HAL_Driver/Src/stm32f3xx_hal_can.o
 .debug_aranges
                0x00000000000008b0      0x118 ./Drivers/STM32F3xx_HAL_Driver/Src/stm32f3xx_hal_cortex.o
 .debug_aranges
                0x00000000000009c8       0x88 ./Drivers/STM32F3xx_HAL_Driver/Src/stm32f3xx_hal_dma.o
 .debug_aranges
                0x0000000000000a50       0x58 ./Drivers/STM32F3xx_HAL_Driver/Src/stm32f3xx_hal_gpio.o
 .debug_aranges
                0x0000000000000aa8       0x88 ./Drivers/STM32F3xx_HAL_Driver/Src/stm32f3xx_hal_rcc.o
 .debug_aranges
                0x0000000000000b30       0x38 ./Drivers/STM32F3xx_HAL_Driver/Src/stm32f3xx_hal_rcc_ex.o
 .debug_aranges
                0x0000000000000b68      0x1d8 ./Drivers/STM32F3xx_HAL_Driver/Src/stm32f3xx_hal_spi.o
 .debug_aranges
                0x0000000000000d40      0x3e0 ./Drivers/STM32F3xx_HAL_Driver/Src/stm32f3xx_hal_tim.o
 .debug_aranges
                0x0000000000001120      0x178 ./Drivers/STM32F3xx_HAL_Driver/Src/stm32f3xx_hal_tim_ex.o
 .debug_aranges
                0x0000000000001298      0x228 ./Drivers/STM32F3xx_HAL_Driver/Src/stm32f3xx_hal_uart.o
 .debug_aranges
                0x00000000000014c0      0x1d8 ./Middlewares/Third_Party/FreeRTOS/Source/CMSIS_RTOS/cmsis_os.o
 .debug_aranges
                0x0000000000001698       0x40 ./Middlewares/Third_Party/FreeRTOS/Source/list.o
 .debug_aranges
                0x00000000000016d8      0x1a8 ./Middlewares/Third_Party/FreeRTOS/Source/tasks.o
 .debug_aranges
                0x0000000000001880       0x80 ./Middlewares/Third_Party/FreeRTOS/Source/portable/GCC/ARM_CM4F/port.o
 .debug_aranges
                0x0000000000001900       0x50 ./Middlewares/Third_Party/FreeRTOS/Source/portable/MemMang/heap_4.o

.debug_rnglists
                0x0000000000000000     0x138f
 .debug_rnglists
                0x0000000000000000       0x53 ./Core/Src/CANSPI.o
 .debug_rnglists
                0x0000000000000053       0x7f ./Core/Src/MCP2515.o
 .debug_rnglists
                0x00000000000000d2       0x28 ./Core/Src/adc.o
 .debug_rnglists
                0x00000000000000fa       0x20 ./Core/Src/can.o
 .debug_rnglists
                0x000000000000011a       0x13 ./Core/Src/dma.o
 .debug_rnglists
                0x000000000000012d       0x65 ./Core/Src/freertos.o
 .debug_rnglists
                0x0000000000000192       0x14 ./Core/Src/gpio.o
 .debug_rnglists
                0x00000000000001a6       0x26 ./Core/Src/main.o
 .debug_rnglists
                0x00000000000001cc       0x20 ./Core/Src/spi.o
 .debug_rnglists
                0x00000000000001ec       0x13 ./Core/Src/stm32f3xx_hal_msp.o
 .debug_rnglists
                0x00000000000001ff       0x20 ./Core/Src/stm32f3xx_hal_timebase_tim.o
 .debug_rnglists
                0x000000000000021f       0x61 ./Core/Src/stm32f3xx_it.o
 .debug_rnglists
                0x0000000000000280       0x1a ./Core/Src/system_stm32f3xx.o
 .debug_rnglists
                0x000000000000029a       0x44 ./Core/Src/tim.o
 .debug_rnglists
                0x00000000000002de       0x20 ./Core/Src/usart.o
 .debug_rnglists
                0x00000000000002fe       0x19 ./Core/Startup/startup_stm32f303retx.o
 .debug_rnglists
                0x0000000000000317       0xa3 ./Drivers/STM32F3xx_HAL_Driver/Src/stm32f3xx_hal.o
 .debug_rnglists
                0x00000000000003ba       0x91 ./Drivers/STM32F3xx_HAL_Driver/Src/stm32f3xx_hal_adc.o
 .debug_rnglists
                0x000000000000044b      0x126 ./Drivers/STM32F3xx_HAL_Driver/Src/stm32f3xx_hal_adc_ex.o
 .debug_rnglists
                0x0000000000000571       0xee ./Drivers/STM32F3xx_HAL_Driver/Src/stm32f3xx_hal_can.o
 .debug_rnglists
                0x000000000000065f       0xce ./Drivers/STM32F3xx_HAL_Driver/Src/stm32f3xx_hal_cortex.o
 .debug_rnglists
                0x000000000000072d       0x69 ./Drivers/STM32F3xx_HAL_Driver/Src/stm32f3xx_hal_dma.o
 .debug_rnglists
                0x0000000000000796       0x3f ./Drivers/STM32F3xx_HAL_Driver/Src/stm32f3xx_hal_gpio.o
 .debug_rnglists
                0x00000000000007d5       0x66 ./Drivers/STM32F3xx_HAL_Driver/Src/stm32f3xx_hal_rcc.o
 .debug_rnglists
                0x000000000000083b       0x29 ./Drivers/STM32F3xx_HAL_Driver/Src/stm32f3xx_hal_rcc_ex.o
 .debug_rnglists
                0x0000000000000864      0x178 ./Drivers/STM32F3xx_HAL_Driver/Src/stm32f3xx_hal_spi.o
 .debug_rnglists
                0x00000000000009dc      0x328 ./Drivers/STM32F3xx_HAL_Driver/Src/stm32f3xx_hal_tim.o
 .debug_rnglists
                0x0000000000000d04      0x131 ./Drivers/STM32F3xx_HAL_Driver/Src/stm32f3xx_hal_tim_ex.o
 .debug_rnglists
                0x0000000000000e35      0x1da ./Drivers/STM32F3xx_HAL_Driver/Src/stm32f3xx_hal_uart.o
 .debug_rnglists
                0x000000000000100f      0x16a ./Middlewares/Third_Party/FreeRTOS/Source/CMSIS_RTOS/cmsis_os.o
 .debug_rnglists
                0x0000000000001179       0x2b ./Middlewares/Third_Party/FreeRTOS/Source/list.o
 .debug_rnglists
                0x00000000000011a4      0x153 ./Middlewares/Third_Party/FreeRTOS/Source/tasks.o
 .debug_rnglists
                0x00000000000012f7       0x5d ./Middlewares/Third_Party/FreeRTOS/Source/portable/GCC/ARM_CM4F/port.o
 .debug_rnglists
                0x0000000000001354       0x3b ./Middlewares/Third_Party/FreeRTOS/Source/portable/MemMang/heap_4.o

.debug_macro    0x0000000000000000    0x260c2
 .debug_macro   0x0000000000000000      0x28d ./Core/Src/CANSPI.o
 .debug_macro   0x000000000000028d      0xaa8 ./Core/Src/CANSPI.o
 .debug_macro   0x0000000000000d35       0x22 ./Core/Src/CANSPI.o
 .debug_macro   0x0000000000000d57      0x169 ./Core/Src/CANSPI.o
 .debug_macro   0x0000000000000ec0       0x2e ./Core/Src/CANSPI.o
 .debug_macro   0x0000000000000eee       0x28 ./Core/Src/CANSPI.o
 .debug_macro   0x0000000000000f16       0x22 ./Core/Src/CANSPI.o
 .debug_macro   0x0000000000000f38       0x8e ./Core/Src/CANSPI.o
 .debug_macro   0x0000000000000fc6       0x51 ./Core/Src/CANSPI.o
 .debug_macro   0x0000000000001017      0x103 ./Core/Src/CANSPI.o
 .debug_macro   0x000000000000111a       0x6a ./Core/Src/CANSPI.o
 .debug_macro   0x0000000000001184      0x1df ./Core/Src/CANSPI.o
 .debug_macro   0x0000000000001363       0x1c ./Core/Src/CANSPI.o
 .debug_macro   0x000000000000137f       0x22 ./Core/Src/CANSPI.o
 .debug_macro   0x00000000000013a1       0xd9 ./Core/Src/CANSPI.o
 .debug_macro   0x000000000000147a     0x102d ./Core/Src/CANSPI.o
 .debug_macro   0x00000000000024a7      0x11f ./Core/Src/CANSPI.o
 .debug_macro   0x00000000000025c6    0x1535a ./Core/Src/CANSPI.o
 .debug_macro   0x0000000000017920       0x6d ./Core/Src/CANSPI.o
 .debug_macro   0x000000000001798d     0x3558 ./Core/Src/CANSPI.o
 .debug_macro   0x000000000001aee5      0x174 ./Core/Src/CANSPI.o
 .debug_macro   0x000000000001b059       0x55 ./Core/Src/CANSPI.o
 .debug_macro   0x000000000001b0ae      0x953 ./Core/Src/CANSPI.o
 .debug_macro   0x000000000001ba01      0x84a ./Core/Src/CANSPI.o
 .debug_macro   0x000000000001c24b      0x1b5 ./Core/Src/CANSPI.o
 .debug_macro   0x000000000001c400      0x23a ./Core/Src/CANSPI.o
 .debug_macro   0x000000000001c63a      0x1ea ./Core/Src/CANSPI.o
 .debug_macro   0x000000000001c824      0x1bc ./Core/Src/CANSPI.o
 .debug_macro   0x000000000001c9e0       0x30 ./Core/Src/CANSPI.o
 .debug_macro   0x000000000001ca10       0x3c ./Core/Src/CANSPI.o
 .debug_macro   0x000000000001ca4c      0x235 ./Core/Src/CANSPI.o